
 num     #instances         #bytes  class name
----------------------------------------------
   1:         30388       13128992  [B
   2:         80397       10715528  [C
   3:          6756       10545352  [I
   4:         50676        1216224  java.lang.String
   5:         10318         907984  java.lang.reflect.Method
   6:          6003         663912  java.lang.Class
   7:         28119         587800  [Ljava.lang.Class;
   8:         10592         571136  [Ljava.lang.Object;
   9:         12873         411936  java.util.concurrent.ConcurrentHashMap$Node
  10:          3618         306664  [Ljava.util.HashMap$Node;
  11:          7251         290040  java.util.LinkedHashMap$Entry
  12:          7740         247680  java.util.HashMap$Node
  13:          3421         191576  java.util.LinkedHashMap
  14:           120         188992  [Ljava.util.concurrent.ConcurrentHashMap$Node;
  15:          6716         161184  java.lang.StringBuilder
  16:          2022         145584  java.lang.reflect.Field
  17:          2216         141824  java.net.URL
  18:          2496         139776  jdk.internal.org.objectweb.asm.Item
  19:          7994         127904  java.lang.Object
  20:          1553         122432  [S
  21:          2879         115864  [Ljava.lang.reflect.Method;
  22:          2341         112368  java.util.HashMap
  23:          2791         111640  java.lang.ref.Finalizer
  24:          1373         109840  java.lang.reflect.Constructor
  25:          2135         102480  org.springframework.util.ConcurrentReferenceHashMap$SoftEntryReference
  26:          1996          93112  [Ljava.lang.String;
  27:          1805          86640  org.springframework.core.ResolvableType
  28:          3355          80520  java.util.ArrayList
  29:          1947          77880  org.springframework.core.annotation.TypeMappedAnnotations
  30:            81          77520  [Ljdk.internal.org.objectweb.asm.Item;
  31:          2295          73440  java.util.LinkedHashMap$LinkedKeyIterator
  32:          1307          73192  java.lang.invoke.MemberName
  33:          1206          67536  java.util.zip.ZipFile$ZipFileInputStream
  34:          1205          67480  java.util.zip.ZipFile$ZipFileInflaterInputStream
  35:          1583          63320  java.lang.ref.SoftReference
  36:          1499          59960  java.lang.invoke.MethodType
  37:          1030          57680  java.lang.Class$ReflectionData
  38:          1583          50656  java.lang.invoke.MethodType$ConcurrentWeakInternSet$WeakEntry
  39:          1242          49680  java.util.TreeMap$Entry
  40:          1536          49152  org.springframework.core.annotation.TypeMappedAnnotations$MergedAnnotationFinder
  41:          1356          43392  java.util.concurrent.locks.ReentrantLock$NonfairSync
  42:           191          42784  jdk.internal.org.objectweb.asm.MethodWriter
  43:          1273          40736  java.util.ArrayList$Itr
  44:          1695          40680  java.lang.Class$MethodArray
  45:           835          40352  [Lorg.springframework.util.ConcurrentReferenceHashMap$Reference;
  46:           214          39376  org.springframework.context.annotation.ConfigurationClassBeanDefinitionReader$ConfigurationClassBeanDefinition
  47:          1489          35736  java.util.concurrent.CopyOnWriteArrayList$COWIterator
  48:          1460          35040  org.springframework.util.ConcurrentReferenceHashMap$Entry
  49:           944          30208  java.io.File
  50:           298          28608  java.util.jar.JarFile$JarFileEntry
  51:          1686          26976  sun.reflect.ConstantPool
  52:           840          26880  java.lang.ref.ReferenceQueue
  53:           151          26576  org.springframework.beans.factory.support.RootBeanDefinition
  54:           640          25600  org.springframework.util.ConcurrentReferenceHashMap$Segment
  55:          1422          22752  org.springframework.core.annotation.AnnotationTypeMappings$Cache$$Lambda$13/1157740463
  56:           391          21896  org.springframework.core.annotation.TypeMappedAnnotation
  57:           898          21552  java.util.LinkedList$Node
  58:           691          21368  [Ljava.lang.CharSequence;
  59:           880          21120  sun.reflect.generics.tree.SimpleClassTypeSignature
  60:           643          20576  java.lang.invoke.DirectMethodHandle
  61:           854          20496  sun.reflect.annotation.AnnotationInvocationHandler
  62:           249          19920  java.util.zip.ZipEntry
  63:           191          19864  java.io.ObjectStreamClass
  64:           488          19520  org.springframework.boot.context.properties.source.ConfigurationPropertyName$Elements
  65:          1208          19328  java.util.HashSet
  66:           330          18480  java.lang.Package
  67:          1129          18064  org.springframework.core.annotation.AnnotationTypeMappings$$Lambda$12/684874119
  68:           539          17248  java.util.concurrent.locks.AbstractQueuedSynchronizer$Node
  69:           537          17184  java.lang.ref.WeakReference
  70:           132          17104  [Z
  71:           529          16928  java.util.Hashtable$Entry
  72:           701          16824  java.util.concurrent.CopyOnWriteArrayList
  73:           674          16416  [Ljava.lang.annotation.Annotation;
  74:           399          15960  java.util.WeakHashMap$Entry
  75:           249          15936  java.util.concurrent.ConcurrentHashMap
  76:           902          15856  [Lsun.reflect.generics.tree.TypeArgument;
  77:           391          15448  [Lorg.springframework.boot.context.properties.source.ConfigurationPropertyName$ElementType;
  78:           640          15360  org.springframework.util.ConcurrentReferenceHashMap$ReferenceManager
  79:           477          15264  org.springframework.boot.context.properties.source.ConfigurationPropertyName
  80:           413          15152  [Ljava.lang.reflect.Field;
  81:           181          15152  [Ljava.util.WeakHashMap$Entry;
  82:           670          14824  [Lorg.springframework.core.ResolvableType;
  83:           626          14592  [Ljava.lang.reflect.Constructor;
  84:           608          14592  java.util.jar.Attributes$Name
  85:           291          13968  ch.qos.logback.classic.Logger
  86:           870          13920  sun.reflect.generics.tree.ClassTypeSignature
  87:           431          13792  java.util.RegularEnumSet
  88:           574          13776  java.lang.Long
  89:           567          13608  sun.misc.ProxyGenerator$ConstantPool$IndirectEntry
  90:           842          13472  java.lang.ref.ReferenceQueue$Lock
  91:           551          13224  java.net.URLClassLoader$1
  92:           553          12920  [Ljava.lang.reflect.Type;
  93:           268          12864  java.util.concurrent.ConcurrentHashMap$Traverser
  94:           150          12808  [Ljava.util.Hashtable$Entry;
  95:           400          12800  org.springframework.util.ConcurrentReferenceHashMap$1
  96:           400          12800  org.springframework.util.ConcurrentReferenceHashMap$Segment$$Lambda$4/1360767589
  97:           198          12672  jdk.internal.org.objectweb.asm.Label
  98:           198          12672  org.springframework.core.MethodParameter
  99:           527          12648  java.util.Collections$UnmodifiableCollection$1
 100:           314          12560  java.lang.ClassNotFoundException
 101:           389          12448  java.util.LinkedList
 102:            74          12432  jdk.internal.org.objectweb.asm.ClassWriter
 103:           378          12096  java.security.CodeSource
 104:           375          12000  java.lang.invoke.LambdaForm$Name
 105:           724          11584  java.lang.Integer
 106:           716          11456  java.util.concurrent.locks.ReentrantLock
 107:           188          11280  [Ljava.lang.ref.SoftReference;
 108:           230          11040  java.nio.HeapByteBuffer
 109:           341          10912  sun.misc.FDBigInteger
 110:           681          10896  java.util.concurrent.atomic.AtomicInteger
 111:           444          10656  sun.reflect.generics.factory.CoreReflectionFactory
 112:           440          10560  java.lang.Class$AnnotationData
 113:           440          10560  sun.reflect.NativeConstructorAccessorImpl
 114:           186          10416  java.util.concurrent.ConcurrentHashMap$KeyIterator
 115:           427          10248  jdk.internal.org.objectweb.asm.ByteVector
 116:           213          10224  java.net.NetworkInterface
 117:           180          10080  java.util.ResourceBundle$CacheKey
 118:           248           9920  java.util.HashMap$KeyIterator
 119:           309           9888  java.lang.reflect.Proxy$Key1
 120:           618           9888  java.util.LinkedHashSet
 121:           614           9824  java.util.LinkedHashMap$LinkedKeySet
 122:           408           9792  sun.reflect.generics.scope.ClassScope
 123:           402           9664  [Lorg.springframework.util.ConcurrentReferenceHashMap$TaskOption;
 124:           588           9408  org.springframework.core.ResolvableType$DefaultVariableResolver
 125:           124           8928  org.springframework.core.annotation.AnnotationTypeMapping
 126:           217           8680  java.io.ObjectStreamField
 127:           180           8640  java.util.logging.LogManager$LoggerWeakRef
 128:           535           8560  java.util.LinkedHashMap$LinkedValues
 129:           175           8400  java.util.WeakHashMap
 130:           520           8320  java.lang.Short
 131:            22           8272  java.lang.Thread
 132:           168           8064  java.util.ResourceBundle$BundleReference
 133:           124           7936  java.util.jar.JarFile
 134:           329           7896  sun.reflect.generics.visitor.Reifier
 135:           246           7872  sun.misc.URLClassPath$JarLoader$2
 136:           138           7728  sun.nio.cs.UTF_8$Encoder
 137:           234           7488  java.util.LinkedHashMap$LinkedValueIterator
 138:           312           7488  org.springframework.beans.BeanMetadataAttribute
 139:           305           7320  org.apache.commons.logging.LogAdapter$Slf4jLocationAwareLog
 140:           451           7216  sun.reflect.DelegatingConstructorAccessorImpl
 141:           299           7176  java.lang.StringBuffer
 142:           149           7152  java.lang.invoke.LambdaForm
 143:           223           7136  java.io.ObjectStreamClass$WeakClassKey
 144:           297           7128  java.util.concurrent.ConcurrentHashMap$MapEntry
 145:           295           7080  sun.reflect.generics.parser.SignatureParser
 146:           161           7072  [Ljava.lang.invoke.LambdaForm$Name;
 147:           219           7008  java.lang.reflect.WeakCache$CacheKey
 148:           291           6984  org.springframework.core.convert.converter.GenericConverter$ConvertiblePair
 149:            67           6968  java.lang.invoke.InnerClassLambdaMetafactory
 150:           421           6736  java.util.concurrent.CopyOnWriteArraySet
 151:           421           6736  org.springframework.beans.factory.support.MethodOverrides
 152:           209           6688  java.util.Vector
 153:           117           6552  java.lang.invoke.MethodTypeForm
 154:           268           6432  org.springframework.core.SimpleAliasRegistry$$Lambda$256/712627377
 155:            88           6336  java.util.logging.Logger
 156:           132           6336  java.util.zip.Inflater
 157:           261           6264  sun.reflect.annotation.AnnotationParser$1
 158:           258           6192  com.fasterxml.jackson.databind.type.ClassKey
 159:           127           6096  java.util.Hashtable
 160:           152           6080  java.security.ProtectionDomain
 161:           108           6048  org.springframework.core.type.classreading.SimpleAnnotationMetadata
 162:           187           5984  java.lang.invoke.BoundMethodHandle$Species_L
 163:           247           5928  java.util.Collections$UnmodifiableRandomAccessList
 164:           180           5760  java.util.ResourceBundle$LoaderReference
 165:           173           5536  org.springframework.core.SerializableTypeWrapper$MethodParameterTypeProvider
 166:           137           5480  java.util.HashMap$ValueIterator
 167:           136           5440  org.springframework.boot.context.properties.source.ConfigurationPropertyName$ElementsParser
 168:           220           5280  org.springframework.boot.autoconfigure.condition.ConditionEvaluationReport$ConditionAndOutcome
 169:           220           5280  org.springframework.boot.autoconfigure.condition.ConditionOutcome
 170:           216           5184  java.util.Arrays$ArrayList
 171:           156           4992  java.util.Collections$UnmodifiableMap
 172:            88           4928  jdk.internal.org.objectweb.asm.AnnotationWriter
 173:           151           4832  java.util.AbstractList$Itr
 174:           201           4824  sun.reflect.generics.reflectiveObjects.ParameterizedTypeImpl
 175:           200           4800  javax.management.ImmutableDescriptor
 176:           269           4784  [Ljava.net.InetAddress;
 177:           148           4736  java.util.logging.LogManager$LogNode
 178:           293           4688  org.springframework.core.annotation.AnnotationTypeMappings$$Lambda$154/1212772528
 179:           292           4672  java.util.Collections$UnmodifiableSet
 180:            83           4648  sun.misc.URLClassPath$JarLoader
 181:           193           4632  java.util.Collections$1
 182:            12           4608  org.apache.tomcat.util.threads.TaskThread
 183:            94           4512  java.io.ObjectInputStream$FilterValues
 184:            40           4480  org.springframework.beans.factory.annotation.AnnotatedGenericBeanDefinition
 185:           280           4480  org.springframework.core.convert.support.GenericConversionService$ConvertersForPair
 186:            62           4464  sun.reflect.DelegatingClassLoader
 187:           184           4416  java.util.ArrayDeque
 188:           163           4376  [Lorg.springframework.core.annotation.AnnotationTypeMappings;
 189:           162           4352  [Lorg.springframework.core.annotation.MergedAnnotation;
 190:           136           4352  java.util.zip.ZipCoder
 191:           216           4320  [Ljava.net.NetworkInterface;
 192:           180           4320  sun.reflect.NativeMethodAccessorImpl
 193:           132           4224  com.sun.jmx.mbeanserver.ConvertingMethod
 194:           176           4224  org.springframework.boot.web.server.MimeMappings$Mapping
 195:           131           4192  sun.reflect.generics.repository.ClassRepository
 196:           174           4176  java.lang.invoke.LambdaForm$NamedFunction
 197:           143           4128  [Ljavax.management.ObjectName$Property;
 198:           256           4096  java.lang.Byte
 199:           100           4000  java.io.FileDescriptor
 200:            62           3968  jdk.internal.org.objectweb.asm.FieldWriter
 201:           246           3936  sun.net.www.ParseUtil
 202:           162           3888  org.springframework.core.annotation.MergedAnnotationsCollection
 203:            96           3840  java.io.ObjectStreamClass$FieldReflectorKey
 204:           157           3768  java.util.Collections$SingletonList
 205:           156           3744  java.lang.invoke.MethodHandles$Lookup
 206:           140           3688  [Lorg.springframework.core.annotation.AnnotationTypeMapping$MirrorSets$MirrorSet;
 207:           115           3680  java.lang.invoke.DirectMethodHandle$Special
 208:            92           3680  java.math.BigInteger
 209:            46           3680  org.springframework.beans.BeanWrapperImpl
 210:           213           3648  [Ljava.net.InterfaceAddress;
 211:           227           3632  com.sun.proxy.$Proxy30
 212:            52           3584  [Ljava.io.ObjectInputStream$HandleTable$HandleList;
 213:           149           3576  java.io.ExpiringCache$Entry
 214:           221           3536  org.springframework.boot.autoconfigure.condition.ConditionMessage
 215:           108           3456  org.springframework.core.convert.support.GenericConversionService$ConverterAdapter
 216:           107           3424  java.io.DataOutputStream
 217:           142           3408  java.time.Instant
 218:           157           3400  [Lsun.reflect.generics.tree.FieldTypeSignature;
 219:            85           3400  java.lang.reflect.Parameter
 220:           140           3360  javax.management.ObjectName$Property
 221:            83           3320  java.util.HashMap$EntryIterator
 222:           124           3312  [Lorg.springframework.core.annotation.AnnotationTypeMapping;
 223:           103           3296  java.rmi.server.UID
 224:           134           3216  org.springframework.boot.autoconfigure.condition.ConditionEvaluationReport$$Lambda$465/1921553024
 225:            40           3200  [Lorg.springframework.util.ConcurrentReferenceHashMap$Segment;
 226:            57           3192  java.beans.MethodDescriptor
 227:            66           3168  java.util.TreeMap
 228:           132           3168  java.util.zip.ZStreamRef
 229:           197           3152  org.springframework.boot.autoconfigure.condition.ConditionEvaluationReport$ConditionAndOutcomes
 230:           131           3144  sun.reflect.generics.tree.ClassSignature
 231:           176           3136  [Lsun.reflect.generics.tree.FormalTypeParameter;
 232:           195           3120  sun.reflect.DelegatingMethodAccessorImpl
 233:            33           3072  [Ljava.lang.invoke.MethodHandle;
 234:            94           3008  java.lang.ThreadLocal$ThreadLocalMap$Entry
 235:           125           3000  org.springframework.beans.MutablePropertyValues
 236:           131           2984  [Lsun.reflect.generics.tree.ClassTypeSignature;
 237:           124           2976  org.springframework.core.annotation.AnnotationTypeMapping$MirrorSets
 238:            93           2976  org.springframework.core.type.classreading.SimpleMethodMetadata
 239:            93           2976  org.springframework.core.type.classreading.SimpleMethodMetadataReadingVisitor$Source
 240:            15           2944  [Lorg.springframework.boot.context.properties.source.ConfigurationPropertyName;
 241:            91           2912  java.lang.NoSuchMethodException
 242:            33           2904  sun.rmi.transport.ConnectionInputStream
 243:            45           2880  javax.management.openmbean.OpenMBeanAttributeInfoSupport
 244:           141           2848  [Ljava.lang.reflect.TypeVariable;
 245:            70           2800  java.security.AccessControlContext
 246:            87           2784  org.springframework.beans.factory.annotation.InitDestroyAnnotationBeanPostProcessor$$Lambda$243/314411620
 247:           115           2760  org.springframework.core.io.ClassPathResource
 248:            86           2752  java.util.LinkedHashMap$LinkedEntryIterator
 249:           113           2712  java.beans.MethodRef
 250:            67           2680  sun.nio.cs.UTF_8$Decoder
 251:            55           2672  [Ljavax.management.MBeanAttributeInfo;
 252:            66           2640  java.io.ObjectOutputStream$HandleTable
 253:            66           2640  javax.management.ObjectName
 254:           139           2608  [Lcom.sun.jmx.mbeanserver.MXBeanMapping;
 255:            36           2592  java.util.regex.Pattern
 256:           108           2592  org.springframework.core.type.classreading.SimpleMetadataReader
 257:           161           2576  org.springframework.boot.context.properties.source.SpringIterableConfigurationPropertySource$$Lambda$46/192794887
 258:           161           2576  org.springframework.boot.context.properties.source.SpringIterableConfigurationPropertySource$$Lambda$47/1391942103
 259:            80           2560  java.net.InetAddress$InetAddressHolder
 260:            40           2560  org.springframework.beans.factory.config.DependencyDescriptor
 261:           106           2544  org.springframework.beans.TypeConverterDelegate
 262:            82           2528  [Ljava.security.ProtectionDomain;
 263:            79           2528  java.io.FileInputStream
 264:            52           2496  javax.management.MBeanInfo
 265:            90           2480  [Ljava.io.ObjectStreamField;
 266:           152           2432  [Ljava.security.Principal;
 267:           152           2432  java.security.ProtectionDomain$Key
 268:            75           2400  org.apache.catalina.util.ManifestResource
 269:            33           2376  sun.rmi.transport.ConnectionOutputStream
 270:            41           2296  java.util.concurrent.ConcurrentHashMap$EntryIterator
 271:            45           2248  [J
 272:           108           2240  [Lorg.springframework.core.type.MethodMetadata;
 273:            93           2232  org.apache.catalina.LifecycleEvent
 274:            55           2200  org.springframework.core.io.ResourceEditor
 275:            89           2136  org.apache.commons.logging.impl.WeakHashtable$Referenced
 276:            38           2128  java.io.ObjectInputStream$BlockDataInputStream
 277:            66           2112  java.util.concurrent.ConcurrentHashMap$ReservationNode
 278:            88           2112  org.springframework.beans.factory.annotation.AutowiredAnnotationBeanPostProcessor$$Lambda$246/1446001495
 279:            88           2112  org.springframework.beans.factory.annotation.AutowiredAnnotationBeanPostProcessor$$Lambda$247/1261044180
 280:            88           2112  org.springframework.context.annotation.CommonAnnotationBeanPostProcessor$$Lambda$244/980364771
 281:            88           2112  org.springframework.context.annotation.CommonAnnotationBeanPostProcessor$$Lambda$245/1233595751
 282:            44           2112  sun.util.locale.LocaleObjectCache$CacheEntry
 283:           129           2064  sun.misc.ProxyGenerator$ConstantPool$ValueEntry
 284:            64           2048  [Lcom.sun.org.apache.xalan.internal.utils.XMLSecurityManager$NameMap;
 285:           128           2048  java.lang.Character
 286:           128           2048  java.time.Clock$SystemClock
 287:           127           2032  org.springframework.boot.context.properties.source.SpringIterableConfigurationPropertySource$$Lambda$48/422392391
 288:            36           2016  [Lcom.sun.org.apache.xalan.internal.utils.XMLSecurityManager$Limit;
 289:            63           2016  javax.management.MBeanAttributeInfo
 290:            84           2016  org.springframework.context.event.GenericApplicationListenerAdapter
 291:            50           2000  org.springframework.core.io.support.ResourceArrayPropertyEditor
 292:            61           1952  org.springframework.asm.Type
 293:            81           1944  java.util.regex.Pattern$1
 294:            48           1920  java.util.IdentityHashMap
 295:            34           1904  org.springframework.core.ResolvableType$1
 296:            46           1840  org.springframework.core.log.CompositeLog
 297:            85           1800  [Lorg.apache.catalina.Container;
 298:            37           1776  java.util.Hashtable$Enumerator
 299:            55           1760  java.security.Permissions
 300:            68           1744  [Ljava.lang.reflect.Parameter;
 301:            54           1728  java.lang.reflect.WeakCache$CacheValue
 302:            43           1720  sun.reflect.generics.repository.MethodRepository
 303:           107           1712  java.util.LinkedHashMap$LinkedEntrySet
 304:            70           1680  java.io.ObjectStreamClass$ClassDataSlot
 305:            16           1664  org.springframework.beans.factory.support.GenericBeanDefinition
 306:            69           1656  java.security.Provider$ServiceKey
 307:            23           1656  org.springframework.core.annotation.AnnotationAttributes
 308:            51           1632  java.net.NetworkInterface$1checkedAddresses
 309:             3           1616  [[B
 310:            67           1608  java.lang.invoke.ConstantCallSite
 311:            67           1608  java.lang.invoke.InfoFromMemberName
 312:            67           1608  java.lang.invoke.InnerClassLambdaMetafactory$ForwardingMethodGenerator
 313:            40           1600  java.lang.invoke.DirectMethodHandle$Interface
 314:            50           1600  org.springframework.beans.propertyeditors.ClassArrayEditor
 315:            50           1600  org.springframework.beans.propertyeditors.ClassEditor
 316:            50           1600  org.springframework.beans.propertyeditors.FileEditor
 317:            50           1600  org.springframework.beans.propertyeditors.InputSourceEditor
 318:            50           1600  org.springframework.beans.propertyeditors.InputStreamEditor
 319:            50           1600  org.springframework.beans.propertyeditors.PathEditor
 320:            50           1600  org.springframework.beans.propertyeditors.ReaderEditor
 321:            50           1600  org.springframework.beans.propertyeditors.URIEditor
 322:            50           1600  org.springframework.beans.propertyeditors.URLEditor
 323:            50           1600  org.springframework.http.MediaType
 324:            40           1600  org.springframework.util.ConcurrentReferenceHashMap
 325:            40           1600  sun.management.DiagnosticCommandArgumentInfo
 326:            66           1584  java.util.regex.Pattern$GroupHead
 327:            66           1584  java.util.regex.Pattern$GroupTail
 328:            98           1568  com.sun.org.apache.xalan.internal.utils.SecuritySupport$4
 329:            28           1568  org.apache.tomcat.util.res.StringManager$1
 330:            65           1560  org.springframework.cglib.core.Signature
 331:            97           1552  org.springframework.core.MethodParameter$$Lambda$175/1825738663
 332:            48           1536  sun.reflect.annotation.AnnotationType
 333:            27           1512  java.security.Provider$Service
 334:            63           1512  org.springframework.core.annotation.AnnotationTypeMappings
 335:            63           1512  sun.rmi.transport.ObjectEndpoint
 336:            61           1488  [Ljava.io.ObjectStreamClass$ClassDataSlot;
 337:            62           1488  org.springframework.core.MethodIntrospector$$Lambda$420/366916060
 338:            46           1472  java.io.DataInputStream
 339:            46           1472  org.springframework.beans.factory.support.AbstractAutowireCapableBeanFactory$$Lambda$172/1806431167
 340:            46           1472  org.springframework.beans.factory.support.AbstractBeanFactory$$Lambda$171/423583818
 341:            61           1464  org.springframework.core.convert.TypeDescriptor$AnnotatedElementAdapter
 342:            26           1456  java.lang.invoke.LambdaFormEditor$Transform
 343:            30           1440  java.time.temporal.ValueRange
 344:            45           1440  java.util.regex.Pattern$Branch
 345:            45           1440  sun.reflect.generics.tree.MethodTypeSignature
 346:            87           1392  org.apache.commons.logging.LogFactory$1
 347:            58           1392  org.springframework.core.convert.TypeDescriptor
 348:             1           1376  [Lsun.misc.FDBigInteger;
 349:            14           1344  org.springframework.beans.GenericTypeAwarePropertyDescriptor
 350:            33           1320  java.io.ObjectOutputStream$BlockDataOutputStream
 351:            55           1320  sun.misc.ProxyGenerator$ExceptionTableEntry
 352:            41           1312  sun.reflect.generics.reflectiveObjects.TypeVariableImpl
 353:            45           1304  [Ljava.util.regex.Pattern$Node;
 354:            18           1296  com.fasterxml.jackson.databind.deser.DefaultDeserializationContext$Impl
 355:            54           1296  java.rmi.server.ObjID
 356:             9           1296  java.text.DecimalFormat
 357:            27           1296  org.springframework.beans.SimpleTypeConverter
 358:            53           1272  java.util.regex.Pattern$Single
 359:            79           1264  java.util.jar.Attributes
 360:            46           1224  [Ljava.lang.annotation.ElementType;
 361:            51           1224  java.util.regex.Pattern$BitClass
 362:            38           1216  java.io.ObjectInputStream$HandleTable
 363:            38           1216  java.io.ObjectInputStream$PeekInputStream
 364:            38           1216  java.security.BasicPermissionCollection
 365:            38           1216  org.springframework.core.annotation.AttributeMethods
 366:            15           1200  com.fasterxml.jackson.databind.DeserializationConfig
 367:            75           1200  com.sun.proxy.$Proxy24
 368:            30           1200  java.lang.invoke.MethodHandleImpl$IntrinsicMethodHandle
 369:            10           1200  java.net.SocksSocketImpl
 370:            30           1200  java.time.temporal.ChronoField
 371:            30           1200  java.util.PropertyResourceBundle
 372:            42           1192  [[Ljava.lang.annotation.Annotation;
 373:            38           1184  [Ljava.math.BigInteger;
 374:            37           1184  jdk.internal.org.objectweb.asm.Type
 375:            49           1176  java.lang.RuntimePermission
 376:            73           1168  com.sun.proxy.$Proxy48
 377:            71           1136  java.util.HashMap$KeySet
 378:            70           1120  java.util.HashMap$Values
 379:            23           1104  java.util.concurrent.locks.ReentrantReadWriteLock$NonfairSync
 380:            69           1104  org.springframework.core.type.classreading.SimpleAnnotationMetadataReadingVisitor$Source
 381:            23           1104  sun.management.DiagnosticCommandInfo
 382:            36           1096  [Ljava.time.format.DateTimeFormatterBuilder$DateTimePrinterParser;
 383:            43           1088  [Ljavax.management.MBeanOperationInfo;
 384:            34           1088  java.net.Inet6Address
 385:            34           1088  java.net.Inet6Address$Inet6AddressHolder
 386:            34           1088  org.springframework.beans.factory.support.DefaultListableBeanFactory$$Lambda$255/2015301874
 387:            34           1088  org.springframework.format.support.FormattingConversionService$AnnotationParserConverter
 388:            34           1088  org.springframework.format.support.FormattingConversionService$AnnotationPrinterConverter
 389:            45           1080  sun.reflect.generics.tree.FormalTypeParameter
 390:            45           1056  [Lsun.reflect.generics.tree.TypeSignature;
 391:            33           1056  java.io.FilePermission
 392:            44           1056  java.util.regex.Pattern$Slice
 393:            33           1056  sun.rmi.transport.StreamRemoteCall
 394:            66           1056  sun.rmi.transport.Transport$$Lambda$237/928185170
 395:            33           1056  sun.rmi.transport.Transport$1
 396:            39           1048  [Lorg.springframework.http.MediaType;
 397:             1           1040  [Ljava.lang.Byte;
 398:             1           1040  [Ljava.lang.Integer;
 399:             1           1040  [Ljava.lang.Long;
 400:             1           1040  [Ljava.lang.Short;
 401:             1           1040  [[C
 402:            65           1040  com.sun.proxy.$Proxy22
 403:            43           1032  sun.reflect.generics.scope.MethodScope
 404:            32           1024  java.util.regex.Pattern$Curly
 405:            32           1024  org.springframework.boot.context.properties.bind.Bindable
 406:            14           1008  java.beans.PropertyDescriptor
 407:            14           1008  java.util.concurrent.ScheduledThreadPoolExecutor$ScheduledFutureTask
 408:            21           1008  sun.misc.ProxyGenerator$MethodInfo
 409:            25           1000  sun.reflect.UnsafeQualifiedStaticLongFieldAccessorImpl
 410:            12            960  com.fasterxml.jackson.databind.SerializationConfig
 411:            12            960  com.sun.org.apache.xalan.internal.xsltc.trax.TransformerFactoryImpl
 412:            30            960  java.lang.invoke.SimpleMethodHandle
 413:            30            960  java.security.Provider$EngineDescription
 414:            24            960  java.time.format.DateTimeFormatter
 415:            40            960  org.springframework.boot.autoconfigure.condition.OnClassCondition
 416:            12            960  sun.net.www.protocol.jar.URLJarFile
 417:            17            952  java.util.concurrent.ConcurrentHashMap$ValueIterator
 418:            59            944  org.apache.juli.logging.DirectJDKLog
 419:            39            936  java.net.InterfaceAddress
 420:            39            936  org.springframework.boot.context.properties.PropertyMapper$Source
 421:            58            928  org.springframework.core.annotation.AnnotatedElementUtils$AnnotatedElementForAnnotations
 422:            29            928  org.springframework.format.support.FormattingConversionService$PrinterConverter
 423:            38            912  org.springframework.boot.autoconfigure.condition.OnBeanCondition
 424:            28            896  com.fasterxml.jackson.databind.DeserializationFeature
 425:            28            896  com.fasterxml.jackson.databind.MapperFeature
 426:            16            896  com.fasterxml.jackson.databind.cfg.BaseSettings
 427:             8            896  java.util.GregorianCalendar
 428:            37            888  java.net.Inet4Address
 429:            37            888  org.springframework.core.annotation.SynthesizedMergedAnnotationInvocationHandler$$Lambda$258/1204088028
 430:            37            888  org.springframework.core.annotation.SynthesizedMergedAnnotationInvocationHandler$$Lambda$259/1552221437
 431:            10            880  java.net.DualStackPlainSocketImpl
 432:             6            864  [Lcom.fasterxml.jackson.core.sym.CharsToNameCanonicalizer$Bucket;
 433:            36            864  java.time.format.DateTimeFormatterBuilder$CompositePrinterParser
 434:             6            864  sun.reflect.MethodAccessorGenerator
 435:            21            840  com.sun.jmx.mbeanserver.MXBeanSupport
 436:            21            840  javax.management.MBeanOperationInfo
 437:            15            840  javax.management.openmbean.ArrayType
 438:            21            840  sun.util.locale.BaseLocale$Key
 439:            26            832  java.lang.ArrayIndexOutOfBoundsException
 440:            26            832  java.nio.file.attribute.FileTime
 441:            26            832  java.util.TreeMap$KeyIterator
 442:             8            832  sun.net.www.protocol.file.FileURLConnection
 443:            34            816  java.util.Collections$3
 444:            17            816  java.util.concurrent.ThreadPoolExecutor$Worker
 445:            34            816  org.springframework.boot.context.properties.source.SpringConfigurationPropertySources$SourcesIterator
 446:            25            800  com.fasterxml.jackson.databind.SerializationFeature
 447:            25            800  java.lang.StackTraceElement
 448:            25            800  java.time.format.DateTimeFormatterBuilder$NumberPrinterParser
 449:            25            800  org.springframework.core.type.StandardAnnotationMetadata
 450:            33            792  java.io.ObjectOutputStream$ReplaceTable
 451:            33            792  org.springframework.beans.factory.support.ConstructorResolver
 452:            32            768  com.sun.jmx.mbeanserver.DefaultMXBeanMappingFactory$IdentityMapping
 453:            24            768  com.sun.jmx.mbeanserver.WeakIdentityHashMap$IdentityWeakReference
 454:            32            768  java.io.FilePermissionCollection
 455:            12            768  java.text.DateFormatSymbols
 456:            16            768  java.util.Properties
 457:            24            768  sun.reflect.ClassFileAssembler
 458:             8            768  sun.util.calendar.Gregorian$Date
 459:            19            760  org.apache.tomcat.util.collections.ManagedConcurrentWeakHashMap$Key
 460:            31            744  java.util.jar.Manifest
 461:            31            744  java.util.regex.Pattern$Ctype
 462:            23            736  java.util.RegularEnumSet$EnumSetIterator
 463:            23            736  sun.management.DiagnosticCommandImpl$Wrapper
 464:            13            728  sun.util.calendar.ZoneInfo
 465:            45            720  com.sun.proxy.$Proxy0
 466:            15            720  java.lang.management.PlatformComponent
 467:            45            720  java.util.regex.Pattern$BranchConn
 468:            10            720  javax.management.remote.rmi.RMIConnectionImpl$CombinedClassLoader
 469:            10            720  javax.management.remote.rmi.RMIConnectionImpl$CombinedClassLoader$ClassLoaderWrapper
 470:            13            712  [Lcom.sun.org.apache.xalan.internal.utils.XMLSecurityManager$State;
 471:            44            704  com.sun.proxy.$Proxy5
 472:            11            704  java.text.DecimalFormatSymbols
 473:            22            704  java.util.LinkedList$ListItr
 474:            22            704  java.util.StringJoiner
 475:            22            704  org.springframework.beans.factory.support.ConstructorResolver$ArgumentsHolder
 476:            44            704  sun.reflect.BootstrapConstructorAccessorImpl
 477:            29            696  [Ljdk.xml.internal.JdkXmlFeatures$XmlFeature;
 478:            29            696  java.util.regex.Pattern$Ques
 479:            29            696  org.springframework.format.support.FormattingConversionService$ParserConverter
 480:            43            688  java.util.HashMap$EntrySet
 481:             7            680  [D
 482:            17            680  sun.misc.ProxyGenerator$ProxyMethod
 483:            17            680  sun.rmi.transport.WeakRef
 484:            14            672  com.fasterxml.jackson.databind.type.SimpleType
 485:            28            672  java.net.URLClassLoader$2
 486:            28            672  java.security.Provider$UString
 487:            21            672  java.util.Locale
 488:            42            672  java.util.Optional
 489:            21            672  java.util.PropertyPermission
 490:            12            672  java.util.stream.ReferencePipeline$Head
 491:            14            672  jdk.internal.org.objectweb.asm.Frame
 492:            28            672  org.apache.tomcat.util.res.StringManager
 493:            42            672  org.springframework.expression.common.LiteralExpression
 494:            42            672  sun.reflect.generics.tree.TypeVariableSignature
 495:            21            672  sun.util.locale.BaseLocale
 496:            41            656  com.sun.proxy.$Proxy6
 497:            27            648  org.springframework.boot.context.properties.source.DefaultPropertyMapper$LastMapping
 498:            40            640  com.sun.proxy.$Proxy15
 499:            16            640  sun.misc.URLClassPath$1
 500:             7            624  [Ljava.lang.ThreadLocal$ThreadLocalMap$Entry;
 501:             3            624  [Ljava.lang.invoke.LambdaForm;
 502:            39            624  com.sun.proxy.$Proxy23
 503:            26            624  java.util.concurrent.atomic.AtomicLong
 504:            38            608  java.io.ObjectInputStream$ValidationList
 505:            25            600  com.sun.jmx.mbeanserver.PerInterface$MethodAndSig
 506:            15            592  [Ljava.lang.invoke.LambdaForm$BasicType;
 507:            24            576  com.sun.jmx.mbeanserver.NamedObject
 508:            24            576  java.io.SerialCallbackContext
 509:            24            576  java.time.Duration
 510:            24            576  java.util.concurrent.locks.ReentrantReadWriteLock
 511:            18            576  javax.management.MBeanParameterInfo
 512:            24            576  sun.reflect.ByteVectorImpl
 513:            12            576  sun.util.locale.provider.LocaleResources$ResourceReference
 514:            24            560  [Ljavax.management.MBeanParameterInfo;
 515:            14            560  com.sun.jmx.mbeanserver.PerInterface
 516:            14            560  java.io.ObjectStreamClass$FieldReflector
 517:            14            560  java.util.EnumMap
 518:            14            560  javax.management.openmbean.SimpleType
 519:            10            560  javax.management.remote.JMXConnectionNotification
 520:            14            560  org.springframework.beans.propertyeditors.CustomNumberEditor
 521:            10            560  sun.invoke.util.Wrapper
 522:            14            560  sun.rmi.transport.tcp.TCPEndpoint
 523:            23            552  [Lsun.management.DiagnosticCommandArgumentInfo;
 524:            23            552  java.io.ByteArrayOutputStream
 525:            23            552  org.yaml.snakeyaml.tokens.Token$ID
 526:            17            544  org.springframework.boot.context.properties.bind.JavaBeanBinder$BeanProperty
 527:            34            544  org.springframework.boot.context.properties.source.SpringConfigurationPropertySources$$Lambda$36/2012846597
 528:             1            544  org.springframework.boot.web.embedded.tomcat.TomcatEmbeddedContext
 529:            17            544  sun.misc.ProxyGenerator$FieldInfo
 530:             1            528  [Ljava.lang.Character;
 531:            22            528  java.util.AbstractMap$SimpleImmutableEntry
 532:            11            528  org.apache.catalina.util.Extension
 533:            33            528  sun.rmi.server.MarshalOutputStream$1
 534:            13            520  ch.qos.logback.core.status.InfoStatus
 535:            16            512  com.fasterxml.jackson.databind.cfg.DeserializerFactoryConfig
 536:            16            512  java.time.temporal.ChronoUnit
 537:            21            504  java.util.Locale$LocaleKey
 538:             9            504  javax.management.openmbean.CompositeType
 539:             9            504  javax.management.openmbean.OpenMBeanParameterInfoSupport
 540:            21            504  org.springframework.beans.factory.config.BeanDefinitionHolder
 541:            21            496  [Lorg.springframework.web.bind.annotation.RequestMethod;
 542:             2            496  org.apache.catalina.core.StandardWrapper
 543:            30            480  [Lorg.apache.commons.logging.Log;
 544:            15            480  com.fasterxml.jackson.core.JsonParser$Feature
 545:            20            480  com.fasterxml.jackson.databind.util.LRUMap
 546:            12            480  org.springframework.core.SerializableTypeWrapper$MethodInvokeTypeProvider
 547:            12            480  sun.reflect.UnsafeQualifiedStaticObjectFieldAccessorImpl
 548:             6            456  [Lsun.invoke.util.Wrapper;
 549:             7            448  java.lang.invoke.InvokerBytecodeGenerator
 550:             7            448  java.nio.DirectByteBuffer
 551:             7            448  java.text.SimpleDateFormat
 552:             7            448  java.util.stream.ReferencePipeline$3
 553:            28            448  jdk.xml.internal.SecuritySupport$1
 554:             4            448  sun.nio.ch.SocketChannelImpl
 555:             6            432  com.fasterxml.jackson.databind.ser.DefaultSerializerProvider$Impl
 556:            18            432  java.text.DateFormat$Field
 557:            18            432  java.util.concurrent.ConcurrentHashMap$KeySetView
 558:             6            432  org.springframework.web.method.HandlerMethod$HandlerMethodParameter
 559:            18            432  sun.misc.MetaIndex
 560:            18            432  sun.nio.ch.SocketOptionRegistry$RegistryKey
 561:            25            416  [Lorg.springframework.core.annotation.MergedAnnotation$Adapt;
 562:            26            416  java.util.TreeMap$KeySet
 563:            26            416  org.springframework.core.SerializableTypeWrapper$TypeProxyInvocationHandler
 564:            17            408  java.lang.invoke.InnerClassLambdaMetafactory$1
 565:            17            408  java.lang.invoke.Invokers
 566:            17            408  java.lang.management.ManagementPermission
 567:            17            408  java.net.InetSocketAddress$InetSocketAddressHolder
 568:            17            408  org.springframework.boot.ansi.AnsiColor
 569:            17            408  org.springframework.boot.context.properties.PropertyMapper$CachingSupplier
 570:             8            400  [Lcom.fasterxml.jackson.databind.MapperFeature;
 571:             5            400  com.sun.jmx.remote.util.ClassLoaderWithRepository
 572:            25            400  com.sun.proxy.$Proxy26
 573:            10            400  java.lang.invoke.DirectMethodHandle$Accessor
 574:             5            400  java.rmi.MarshalledObject$MarshalledObjectInputStream
 575:            10            400  javax.management.MBeanPermission
 576:            10            400  org.springframework.boot.context.properties.source.SpringIterableConfigurationPropertySource$Mappings
 577:            10            400  org.springframework.util.AntPathMatcher
 578:             1            392  org.apache.tomcat.util.net.NioBlockingSelector$BlockPoller
 579:             7            392  sun.rmi.transport.Target
 580:             6            384  [Ljava.lang.Thread;
 581:            16            384  [Ljava.util.Enumeration;
 582:             6            384  com.fasterxml.jackson.core.sym.ByteQuadsCanonicalizer
 583:             6            384  com.fasterxml.jackson.core.sym.CharsToNameCanonicalizer
 584:             6            384  com.fasterxml.jackson.databind.MappingJsonFactory
 585:             6            384  com.fasterxml.jackson.databind.ObjectMapper
 586:             6            384  com.fasterxml.jackson.datatype.jsr310.JavaTimeModule
 587:             1            384  com.intellij.rt.execution.application.AppMainV2$1
 588:            12            384  com.sun.org.apache.xalan.internal.utils.XMLSecurityManager
 589:            24            384  com.sun.proxy.$Proxy10
 590:             1            384  java.lang.ref.Finalizer$FinalizerThread
 591:            16            384  java.net.URLClassLoader$3
 592:            24            384  java.util.concurrent.locks.ReentrantReadWriteLock$ReadLock
 593:            24            384  java.util.concurrent.locks.ReentrantReadWriteLock$Sync$ThreadLocalHoldCounter
 594:            24            384  java.util.concurrent.locks.ReentrantReadWriteLock$WriteLock
 595:             1            384  java.util.logging.LogManager$Cleaner
 596:            16            384  java.util.regex.Pattern$Start
 597:            12            384  org.apache.catalina.LifecycleState
 598:             1            384  org.springframework.boot.web.embedded.tomcat.TomcatWebServer$1
 599:            12            384  org.springframework.context.event.AbstractApplicationEventMulticaster$ListenerRetriever
 600:             1            384  org.springframework.context.support.AbstractApplicationContext$1
 601:            12            384  org.springframework.util.MimeType
 602:            16            384  sun.misc.CompoundEnumeration
 603:            16            384  sun.nio.ch.OptionKey
 604:             6            384  sun.nio.cs.ext.DoubleByte$Encoder
 605:            16            376  [Lcom.fasterxml.jackson.databind.ser.Serializers;
 606:             1            376  java.lang.ref.Reference$ReferenceHandler
 607:            17            368  [Ljavax.management.MBeanNotificationInfo;
 608:            15            360  [Lcom.sun.org.apache.xalan.internal.utils.XMLSecurityPropertyManager$Property;
 609:            15            360  [Ljava.security.Permission;
 610:             5            360  com.fasterxml.jackson.databind.introspect.AnnotatedClass
 611:             5            360  com.sun.jmx.remote.util.OrderClassLoaders
 612:             9            360  com.sun.org.apache.xalan.internal.utils.XMLSecurityManager$Limit
 613:             9            360  java.lang.invoke.DirectMethodHandle$Constructor
 614:             9            360  java.text.DigitList
 615:            15            360  javax.management.StandardMBean
 616:            15            360  javax.websocket.CloseReason$CloseCodes
 617:            15            360  org.springframework.beans.factory.annotation.AutowiredAnnotationBeanPostProcessor$$Lambda$242/1252540239
 618:            15            360  org.springframework.beans.factory.config.ConstructorArgumentValues
 619:             9            360  org.springframework.beans.factory.support.DisposableBeanAdapter
 620:            15            360  org.springframework.core.annotation.AnnotationTypeMapping$MirrorSets$MirrorSet
 621:            22            352  java.util.Collections$SingletonSet
 622:            11            352  java.util.TreeMap$EntryIterator
 623:            11            352  java.util.TreeMap$ValueIterator
 624:            11            352  java.util.concurrent.ConcurrentHashMap$ForwardingNode
 625:             4            352  org.apache.catalina.webresources.CachedResource
 626:            22            352  org.springframework.core.$Proxy20
 627:            14            336  ch.qos.logback.core.spi.ContextAwareBase
 628:             7            336  com.sun.jmx.mbeanserver.DefaultMXBeanMappingFactory$CompositeMapping
 629:            14            336  java.lang.invoke.LambdaFormEditor$Transform$Kind
 630:             6            336  java.nio.DirectLongBufferU
 631:            14            336  java.util.regex.Pattern$5
 632:            14            336  org.yaml.snakeyaml.nodes.Tag
 633:             6            336  sun.management.MemoryPoolImpl
 634:            13            328  [Lcom.sun.org.apache.xalan.internal.utils.FeaturePropertyBase$State;
 635:            16            328  [Ljava.lang.management.PlatformComponent;
 636:            13            328  [Ljdk.xml.internal.JdkXmlFeatures$State;
 637:            10            320  com.fasterxml.jackson.core.JsonGenerator$Feature
 638:            10            320  java.lang.OutOfMemoryError
 639:             8            320  java.lang.reflect.Proxy$Key2
 640:            20            320  java.time.format.DateTimeFormatterBuilder$CharLiteralPrinterParser
 641:            10            320  java.util.ResourceBundle$Control$1
 642:             8            320  java.util.ServiceLoader$LazyIterator
 643:            20            320  java.util.concurrent.atomic.AtomicReference
 644:             5            320  java.util.stream.ReferencePipeline$2
 645:             5            320  javax.management.remote.rmi.RMIConnectionImpl
 646:             5            320  org.springframework.beans.factory.support.DefaultListableBeanFactory$NestedDependencyDescriptor
 647:            10            320  org.springframework.boot.context.properties.source.SoftReferenceConfigurationPropertyCache
 648:            10            320  org.springframework.boot.context.properties.source.SpringIterableConfigurationPropertySource
 649:             5            320  org.springframework.web.method.HandlerMethod
 650:             8            320  sun.misc.URLClassPath$2
 651:             8            320  sun.reflect.UnsafeQualifiedStaticIntegerFieldAccessorImpl
 652:            10            320  sun.reflect.generics.reflectiveObjects.WildcardTypeImpl
 653:            10            320  sun.security.jca.ProviderConfig
 654:            13            312  com.fasterxml.jackson.databind.cfg.SerializerFactoryConfig
 655:            13            312  java.util.Date
 656:            13            312  java.util.concurrent.locks.AbstractQueuedSynchronizer$ConditionObject
 657:            13            312  java.util.regex.Pattern$Dollar
 658:             3            312  org.springframework.http.converter.json.Jackson2ObjectMapperBuilder
 659:            12            304  [Ljava.rmi.server.Operation;
 660:            12            304  [Ljavax.management.Descriptor;
 661:             9            288  [Ljava.lang.ref.WeakReference;
 662:            12            288  ch.qos.logback.core.pattern.LiteralConverter
 663:            12            288  com.fasterxml.jackson.databind.module.SimpleSerializers
 664:            18            288  com.fasterxml.jackson.databind.ser.std.ToStringSerializer
 665:            12            288  com.sun.jmx.remote.util.ClassLogger
 666:            12            288  com.sun.org.apache.xalan.internal.utils.XMLSecurityPropertyManager
 667:            18            288  com.sun.proxy.$Proxy3
 668:            12            288  java.beans.PropertyChangeSupport
 669:            12            288  java.util.concurrent.Executors$RunnableAdapter
 670:             9            288  java.util.logging.Level
 671:            12            288  jdk.xml.internal.JdkXmlFeatures
 672:             6            288  org.springframework.beans.PropertyValue
 673:            12            288  org.springframework.beans.factory.config.BeanExpressionContext
 674:            18            288  org.springframework.core.BridgeMethodResolver$$Lambda$253/2016828666
 675:            18            288  org.springframework.core.BridgeMethodResolver$$Lambda$254/1688782916
 676:            12            288  org.springframework.core.convert.support.GenericConversionService$ConverterFactoryAdapter
 677:            12            288  org.springframework.format.datetime.standard.TemporalAccessorParser
 678:            12            288  org.springframework.util.AntPathMatcher$AntPathStringMatcher
 679:             6            288  org.springframework.web.servlet.mvc.method.RequestMappingInfo
 680:             3            288  sun.net.www.protocol.jar.URLJarFile$URLJarFileEntry
 681:             3            288  sun.nio.ch.ServerSocketChannelImpl
 682:            12            288  sun.reflect.Label$PatchInfo
 683:            12            288  sun.security.action.GetPropertyAction
 684:             7            280  com.fasterxml.jackson.core.util.DefaultPrettyPrinter
 685:             7            280  org.springframework.boot.logging.logback.ColorConverter
 686:             7            280  org.springframework.core.annotation.SynthesizedMergedAnnotationInvocationHandler
 687:            17            272  java.lang.ThreadLocal
 688:            17            272  java.lang.invoke.LambdaFormEditor
 689:            17            272  java.net.InetSocketAddress
 690:            17            272  java.util.TreeSet
 691:             2            264  [Ljava.beans.MethodDescriptor;
 692:             7            264  [Ljdk.internal.org.objectweb.asm.Type;
 693:            11            264  com.fasterxml.jackson.annotation.JsonFormat$Shape
 694:            11            264  java.net.StandardSocketOptions$StdSocketOption
 695:            11            264  java.util.Collections$SetFromMap
 696:            11            264  org.springframework.context.support.MessageSourceAccessor
 697:            11            264  org.springframework.web.util.UrlPathHelper
 698:             3            264  sun.net.www.protocol.jar.JarURLConnection
 699:            11            264  sun.reflect.generics.tree.Wildcard
 700:             2            256  [Lcom.fasterxml.jackson.databind.DeserializationFeature;
 701:            15            256  [Ljavax.management.MBeanConstructorInfo;
 702:            16            256  com.fasterxml.jackson.databind.deser.BeanDeserializerFactory
 703:             8            256  java.lang.StringCoding$StringEncoder
 704:            16            256  java.net.URLClassLoader$3$1
 705:             4            256  java.security.SecureRandom
 706:             8            256  java.util.ServiceLoader
 707:             8            256  java.util.regex.Pattern$BnM
 708:             8            256  javax.management.MBeanNotificationInfo
 709:             8            256  org.springframework.http.converter.StringHttpMessageConverter
 710:             4            256  org.springframework.util.LinkedCaseInsensitiveMap$1
 711:             8            256  sun.misc.ProxyGenerator$PrimitiveTypeInfo
 712:             2            256  sun.nio.ch.WindowsSelectorImpl
 713:            11            248  [Lcom.fasterxml.jackson.databind.deser.Deserializers;
 714:             2            240  [Lcom.fasterxml.jackson.databind.SerializationFeature;
 715:             6            240  [Ljava.lang.invoke.BoundMethodHandle$SpeciesData;
 716:            10            240  [Lorg.springframework.web.accept.ContentNegotiationStrategy;
 717:             6            240  com.fasterxml.jackson.core.sym.ByteQuadsCanonicalizer$TableInfo
 718:             6            240  com.fasterxml.jackson.databind.cfg.ConfigOverrides
 719:             5            240  com.fasterxml.jackson.databind.introspect.BasicBeanDescription
 720:             6            240  java.io.BufferedInputStream
 721:             6            240  java.lang.ClassLoader$NativeLibrary
 722:            10            240  java.lang.annotation.ElementType
 723:             6            240  java.lang.invoke.MethodHandleImpl$AsVarargsCollector
 724:             5            240  java.net.SocketInputStream
 725:            10            240  java.rmi.dgc.Lease
 726:            10            240  java.rmi.dgc.VMID
 727:            10            240  java.security.PermissionsHash
 728:            10            240  java.util.BitSet
 729:            10            240  java.util.Collections$SynchronizedSet
 730:             5            240  javax.management.remote.rmi.RMIConnectionImpl$RMIServerCommunicatorAdmin
 731:            15            240  org.apache.catalina.webresources.Cache$EvictionOrder
 732:            10            240  org.springframework.boot.autoconfigure.cache.CacheType
 733:            10            240  org.springframework.context.event.AbstractApplicationEventMulticaster$ListenerCacheKey
 734:            10            240  org.springframework.core.convert.support.GenericConversionService$ConverterCacheKey
 735:            10            240  org.springframework.core.io.DefaultResourceLoader
 736:             6            240  org.springframework.http.converter.json.MappingJackson2HttpMessageConverter
 737:            10            240  org.springframework.util.AntPathMatcher$PathSeparatorPatternCache
 738:            10            240  org.springframework.util.unit.DataSize
 739:            10            240  org.yaml.snakeyaml.events.Event$ID
 740:             6            240  sun.management.MemoryPoolImpl$CollectionSensor
 741:             6            240  sun.management.MemoryPoolImpl$PoolSensor
 742:            10            240  sun.rmi.runtime.Log$LoggerLog
 743:             6            240  sun.rmi.server.UnicastServerRef2
 744:             9            224  [Ljava.rmi.server.ObjID;
 745:             7            224  com.fasterxml.jackson.databind.type.TypeFactory
 746:            14            224  com.sun.proxy.$Proxy21
 747:            14            224  com.sun.proxy.$Proxy37
 748:            14            224  java.util.Formatter$Flags
 749:             4            224  javax.management.openmbean.OpenMBeanOperationInfoSupport
 750:             1            224  org.springframework.beans.factory.support.DefaultListableBeanFactory
 751:            14            224  org.springframework.core.convert.support.ObjectToStringConverter
 752:             4            224  org.springframework.core.env.PropertySourcesPropertyResolver
 753:             7            224  org.springframework.http.converter.ResourceHttpMessageConverter
 754:             7            224  org.springframework.http.converter.xml.SourceHttpMessageConverter
 755:             4            224  org.springframework.web.servlet.mvc.method.RequestMappingInfo$DefaultBuilder
 756:             2            224  org.springframework.web.servlet.resource.ResourceHttpRequestHandler
 757:             7            224  sun.rmi.transport.LiveRef
 758:             4            224  sun.rmi.transport.tcp.TCPChannel
 759:             4            224  sun.rmi.transport.tcp.TCPConnection
 760:             4            224  sun.security.provider.SHA
 761:             3            216  ch.qos.logback.classic.spi.LoggingEvent
 762:             9            216  java.lang.reflect.Proxy$KeyX
 763:             9            216  java.net.InetAddress
 764:             9            216  java.nio.file.attribute.PosixFilePermission
 765:             9            216  java.util.concurrent.ConcurrentLinkedQueue$Node
 766:             9            216  java.util.logging.Level$KnownLevel
 767:             9            216  javax.management.remote.rmi.RMIConnectionImpl$PrivilegedOperation
 768:             3            216  org.springframework.beans.factory.support.DefaultListableBeanFactory$StreamDependencyDescriptor
 769:             9            216  org.springframework.boot.autoconfigure.condition.OnWebApplicationCondition
 770:             9            216  sun.rmi.server.UnicastServerRef$1
 771:             9            216  sun.util.logging.PlatformLogger$Level
 772:             7            208  [Ljava.lang.invoke.LambdaForm$NamedFunction;
 773:            13            208  com.fasterxml.jackson.databind.ser.BeanSerializerFactory
 774:             2            200  [Ljava.text.DateFormat$Field;
 775:             5            200  java.lang.invoke.BoundMethodHandle$SpeciesData
 776:             5            200  java.util.stream.StreamOpFlag
 777:             5            200  org.apache.catalina.core.StandardPipeline
 778:             5            200  org.springframework.http.converter.xml.Jaxb2RootElementHttpMessageConverter
 779:             5            200  sun.nio.fs.WindowsPath
 780:             3            192  [[Ljava.lang.String;
 781:             6            192  com.fasterxml.jackson.core.sym.CharsToNameCanonicalizer$TableInfo
 782:            12            192  com.sun.proxy.$Proxy32
 783:            12            192  java.beans.PropertyChangeSupport$PropertyChangeListenerMap
 784:             8            192  java.io.ObjectStreamClass$EntryFuture
 785:             6            192  java.lang.invoke.LambdaForm$BasicType
 786:             8            192  java.lang.invoke.MethodHandleImpl$Intrinsic
 787:             8            192  java.math.RoundingMode
 788:             6            192  java.net.Socket
 789:             4            192  java.net.SocketOutputStream
 790:             6            192  java.rmi.MarshalledObject
 791:             6            192  java.time.format.TextStyle
 792:             6            192  java.util.Collections$SynchronizedMap
 793:             8            192  java.util.ServiceLoader$1
 794:            12            192  java.util.TreeMap$Values
 795:            12            192  java.util.regex.Pattern$Begin
 796:             6            192  java.util.stream.Collectors$CollectorImpl
 797:             6            192  java.util.stream.ReduceOps$3
 798:             6            192  java.util.stream.ReduceOps$3ReducingSink
 799:            12            192  javax.management.remote.rmi.RMIConnectionImpl$SetCcl
 800:             4            192  org.apache.tomcat.util.descriptor.web.FilterDef
 801:             1            192  org.apache.tomcat.util.net.NioEndpoint
 802:            12            192  org.apache.tomcat.util.threads.TaskThread$WrappingRunnable
 803:            12            192  org.springframework.boot.autoconfigure.condition.OnPropertyCondition
 804:            12            192  org.springframework.boot.context.properties.PropertyMapper$NullPointerExceptionSafeSupplier
 805:             6            192  org.springframework.boot.task.TaskSchedulerBuilder
 806:             8            192  org.springframework.core.ResolvableType$SyntheticParameterizedType
 807:             8            192  org.springframework.core.ResolvableType$TypeVariablesVariableResolver
 808:            12            192  org.springframework.format.datetime.standard.TemporalAccessorPrinter
 809:             8            192  org.springframework.http.HttpMethod
 810:             8            192  org.springframework.web.bind.annotation.RequestMethod
 811:             6            192  org.springframework.web.servlet.mvc.method.RequestMappingInfo$BuilderConfiguration
 812:             8            192  org.yaml.snakeyaml.scanner.Constant
 813:             4            192  sun.misc.URLClassPath
 814:             8            192  sun.net.www.MessageHeader
 815:             6            192  sun.reflect.MethodAccessorGenerator$1
 816:            11            176  java.text.NumberFormat$Field
 817:            11            176  java.util.TreeMap$EntrySet
 818:             2            176  javax.management.remote.rmi.NoCallStackClassLoader
 819:             1            176  org.apache.catalina.core.StandardHost
 820:             2            176  org.apache.catalina.core.StandardWrapperValve
 821:             2            176  org.apache.catalina.deploy.NamingResourcesImpl
 822:             7            168  [Lcom.fasterxml.jackson.databind.deser.KeyDeserializers;
 823:             7            168  [Ljava.net.InetSocketAddress;
 824:             1            168  [[Ljava.math.BigInteger;
 825:             7            168  ch.qos.logback.classic.Level
 826:             7            168  com.fasterxml.jackson.annotation.JsonInclude$Include
 827:             7            168  com.fasterxml.jackson.annotation.PropertyAccessor
 828:             7            168  com.fasterxml.jackson.core.util.DefaultIndenter
 829:             3            168  com.fasterxml.jackson.datatype.jsr310.deser.InstantDeserializer
 830:             7            168  com.sun.management.VMOption$Origin
 831:             7            168  java.lang.ThreadLocal$ThreadLocalMap
 832:             7            168  java.net.NetPermission
 833:             3            168  java.net.SocketPermission
 834:             7            168  java.util.stream.ReferencePipeline$3$1
 835:             7            168  javax.xml.transform.SecuritySupport$2
 836:             7            168  org.springframework.boot.logging.LogLevel
 837:             7            168  org.springframework.cglib.proxy.CallbackInfo
 838:             7            168  org.springframework.http.converter.ByteArrayHttpMessageConverter
 839:             7            168  org.springframework.web.servlet.mvc.method.annotation.RequestResponseBodyAdviceChain
 840:             7            168  sun.management.counter.Units
 841:             3            168  sun.nio.cs.ext.DoubleByte$Decoder
 842:             2            160  [Lcom.fasterxml.jackson.core.JsonParser$Feature;
 843:             7            160  [Lcom.fasterxml.jackson.databind.deser.ValueInstantiators;
 844:             4            160  [Ljava.util.Formatter$Flags;
 845:             2            160  [Ljava.util.concurrent.RunnableScheduledFuture;
 846:             4            160  com.fasterxml.jackson.core.Base64Variant
 847:             5            160  com.fasterxml.jackson.core.JsonEncoding
 848:             4            160  com.fasterxml.jackson.core.Version
 849:            10            160  com.sun.proxy.$Proxy4
 850:             5            160  java.io.ByteArrayInputStream
 851:             2            160  java.net.URI
 852:             4            160  java.util.Formatter$FormatSpecifier
 853:             5            160  java.util.Stack
 854:             2            160  java.util.concurrent.ScheduledThreadPoolExecutor
 855:             2            160  java.util.concurrent.ThreadPoolExecutor
 856:            10            160  java.util.concurrent.atomic.AtomicBoolean
 857:             5            160  java.util.regex.Pattern$3
 858:             5            160  javax.management.StandardEmitterMBean
 859:             1            160  org.apache.catalina.session.StandardManager
 860:             4            160  org.apache.tomcat.util.descriptor.web.FilterMap
 861:             5            160  org.springframework.beans.factory.support.DefaultListableBeanFactory$DependencyObjectProvider
 862:            10            160  org.springframework.boot.convert.CollectionToDelimitedStringConverter
 863:             4            160  org.springframework.util.LinkedCaseInsensitiveMap
 864:             1            160  org.springframework.web.servlet.mvc.method.annotation.RequestMappingHandlerAdapter
 865:             5            160  sun.reflect.UnsafeStaticObjectFieldAccessorImpl
 866:             5            160  sun.rmi.server.UnicastServerRef$MyChecker
 867:             4            160  sun.rmi.transport.tcp.TCPTransport$ConnectionHandler
 868:             5            160  sun.util.locale.provider.LocaleProviderAdapter$Type
 869:             3            152  [Ljava.lang.StackTraceElement;
 870:             1            152  org.springframework.boot.web.embedded.tomcat.TomcatServletWebServerFactory
 871:             1            152  org.springframework.boot.web.servlet.context.AnnotationConfigServletWebServerApplicationContext
 872:             6            144  [Lcom.fasterxml.jackson.databind.type.TypeModifier;
 873:             2            144  [[I
 874:             6            144  com.fasterxml.jackson.annotation.JsonAutoDetect$Visibility
 875:             6            144  com.fasterxml.jackson.core.JsonParser$NumberType
 876:             6            144  com.fasterxml.jackson.databind.deser.DeserializerCache
 877:             6            144  com.fasterxml.jackson.databind.introspect.SimpleMixInResolver
 878:             6            144  com.fasterxml.jackson.databind.module.SimpleDeserializers
 879:             6            144  com.fasterxml.jackson.databind.ser.SerializerCache
 880:             9            144  com.sun.proxy.$Proxy25
 881:             6            144  java.io.BufferedOutputStream
 882:             9            144  java.lang.Boolean
 883:             6            144  java.lang.Class$1
 884:             3            144  java.lang.ThreadGroup
 885:             3            144  java.nio.HeapCharBuffer
 886:             9            144  java.rmi.server.Operation
 887:             6            144  java.time.format.DateTimeFormatterBuilder$LocalizedPrinterParser
 888:             6            144  java.util.Formatter$FixedString
 889:             6            144  java.util.concurrent.ConcurrentLinkedQueue
 890:             6            144  java.util.function.Predicate$$Lambda$315/1618984457
 891:             6            144  java.util.regex.Pattern$SingleI
 892:             1            144  org.apache.catalina.core.StandardServer
 893:             1            144  org.apache.coyote.http11.Http11NioProtocol
 894:             2            144  org.springframework.beans.factory.support.DefaultListableBeanFactory$DependencyObjectProvider$2
 895:             9            144  org.springframework.boot.context.properties.PropertyMapper$$Lambda$300/1756819670
 896:             3            144  org.springframework.boot.context.properties.bind.Binder$Context
 897:             6            144  org.springframework.boot.context.properties.bind.JavaBeanBinder$BeanProperty$$Lambda$266/1141500277
 898:             6            144  org.springframework.boot.context.properties.source.ConfigurationPropertyName$ElementType
 899:             1            144  org.springframework.boot.web.embedded.tomcat.TomcatEmbeddedWebappClassLoader
 900:             6            144  org.springframework.core.ResolvableType$WildcardBounds
 901:             6            144  org.springframework.core.convert.support.GenericConversionService$Converters
 902:             9            144  org.springframework.util.LinkedMultiValueMap
 903:             6            144  org.springframework.web.accept.ContentNegotiationManager
 904:             9            144  org.springframework.web.context.request.RequestScope
 905:             9            144  org.springframework.web.servlet.mvc.condition.RequestMethodsRequestCondition
 906:             6            144  org.springframework.web.servlet.resource.DefaultResourceResolverChain
 907:             6            144  sun.misc.PerfCounter
 908:             3            144  sun.nio.cs.StreamEncoder
 909:             6            144  sun.rmi.transport.SequenceEntry
 910:             6            144  sun.security.util.DisabledAlgorithmConstraints$Constraint$Operator
 911:             1            136  [Ljava.time.temporal.ChronoField;
 912:             1            136  org.apache.catalina.core.StandardEngine
 913:             4            128  com.sun.jmx.mbeanserver.DefaultMXBeanMappingFactory$ArrayMapping
 914:             8            128  com.sun.proxy.$Proxy36
 915:             2            128  java.io.ExpiringCache$1
 916:             8            128  java.lang.ClassLoader$2
 917:             4            128  java.lang.NoSuchFieldException
 918:             4            128  java.security.MessageDigest$Delegate
 919:             4            128  java.util.ArrayList$ListItr
 920:             4            128  java.util.concurrent.SynchronousQueue$TransferStack$SNode
 921:             2            128  java.util.regex.Matcher
 922:             2            128  java.util.stream.SortedOps$OfRef
 923:             4            128  org.apache.catalina.core.ApplicationFilterConfig
 924:             4            128  org.apache.tomcat.util.collections.SynchronizedStack
 925:             4            128  org.springframework.beans.propertyeditors.CustomCollectionEditor
 926:             2            128  org.springframework.boot.autoconfigure.template.TemplateAvailabilityProviders$1
 927:             8            128  org.springframework.boot.context.properties.bind.JavaBeanBinder$Bean$$Lambda$262/416201381
 928:             8            128  org.springframework.core.LocalVariableTableParameterNameDiscoverer$$Lambda$393/1521204009
 929:             2            128  org.springframework.core.type.classreading.CachingMetadataReaderFactory$LocalResourceCache
 930:             4            128  org.springframework.http.converter.support.AllEncompassingFormHttpMessageConverter
 931:             4            128  org.springframework.util.PropertyPlaceholderHelper
 932:             4            128  org.springframework.web.method.annotation.RequestParamMethodArgumentResolver
 933:             4            128  sun.security.provider.SecureRandom
 934:             3            120  [Lorg.springframework.http.HttpMethod;
 935:             5            120  ch.qos.logback.core.pattern.parser.TokenStream$TokenizerState
 936:             5            120  ch.qos.logback.core.subst.Token$Type
 937:             5            120  com.fasterxml.jackson.annotation.Nulls
 938:             5            120  com.sun.org.apache.xalan.internal.utils.FeaturePropertyBase$State
 939:             5            120  com.sun.org.apache.xalan.internal.utils.XMLSecurityManager$State
 940:             5            120  java.io.ObjectStreamClass$3
 941:             5            120  java.io.ObjectStreamClass$ExceptionInfo
 942:             3            120  java.lang.invoke.BoundMethodHandle$Species_LL
 943:             5            120  java.time.format.SignStyle
 944:             3            120  java.util.Collections$SingletonMap
 945:             3            120  java.util.Spliterators$IteratorSpliterator
 946:             5            120  java.util.Vector$1
 947:             5            120  java.util.concurrent.ConcurrentLinkedDeque$Node
 948:             5            120  java.util.concurrent.atomic.AtomicMarkableReference$Pair
 949:             5            120  java.util.stream.ReferencePipeline$2$1
 950:             5            120  java.util.stream.StreamOpFlag$Type
 951:             5            120  javax.management.remote.rmi.RMIConnectionImpl$2
 952:             5            120  javax.management.remote.rmi.RMIConnectionImpl$3
 953:             5            120  javax.management.remote.rmi.RMIConnectionImpl$6
 954:             5            120  javax.management.remote.rmi.RMIConnectionImpl$7
 955:             5            120  javax.servlet.DispatcherType
 956:             5            120  jdk.xml.internal.JdkXmlFeatures$State
 957:             1            120  org.apache.catalina.connector.Connector
 958:             5            120  org.apache.tomcat.util.threads.InlineExecutorService
 959:             3            120  org.springframework.beans.factory.config.ConstructorArgumentValues$ValueHolder
 960:             5            120  org.springframework.boot.ansi.AnsiStyle
 961:             5            120  org.springframework.context.annotation.FilterType
 962:             5            120  org.springframework.core.annotation.MergedAnnotations$SearchStrategy
 963:             5            120  org.springframework.core.io.FileSystemResource
 964:             5            120  org.springframework.http.HttpStatus$Series
 965:             1            120  org.springframework.web.servlet.DispatcherServlet
 966:             3            120  org.springframework.web.servlet.mvc.method.annotation.HttpEntityMethodProcessor
 967:             3            120  org.springframework.web.servlet.mvc.method.annotation.RequestResponseBodyMethodProcessor
 968:             5            120  org.yaml.snakeyaml.DumperOptions$ScalarStyle
 969:             3            120  sun.misc.FloatingDecimal$BinaryToASCIIBuffer
 970:             5            120  sun.misc.FloatingDecimal$PreparedASCIIToBinaryBuffer
 971:             5            120  sun.nio.fs.WindowsPathType
 972:             5            120  sun.rmi.transport.DGCAckHandler
 973:             5            120  sun.util.resources.ParallelListResourceBundle$KeySet
 974:             2            112  [Lcom.fasterxml.jackson.core.JsonGenerator$Feature;
 975:             2            112  [Ljava.lang.invoke.MethodType;
 976:             2            112  [Lorg.springframework.boot.autoconfigure.cache.CacheType;
 977:             5            112  [Lorg.springframework.core.MethodParameter;
 978:             5            112  [Lorg.springframework.core.io.Resource;
 979:             1            112  [Lorg.yaml.snakeyaml.tokens.Token$ID;
 980:             7            112  com.fasterxml.jackson.databind.type.TypeParser
 981:             7            112  com.sun.proxy.$Proxy17
 982:             7            112  com.sun.proxy.$Proxy27
 983:             7            112  java.nio.channels.spi.AbstractInterruptibleChannel$1
 984:             2            112  javax.management.MBeanServerNotification
 985:             7            112  javax.xml.transform.FactoryFinder$1
 986:             7            112  javax.xml.transform.SecuritySupport$1
 987:             2            112  sun.nio.ch.SinkChannelImpl
 988:             2            112  sun.nio.ch.SourceChannelImpl
 989:             7            112  sun.reflect.Label
 990:             4            104  [Ljava.util.stream.Collector$Characteristics;
 991:             1            104  ch.qos.logback.classic.LoggerContext
 992:             1            104  org.apache.catalina.authenticator.NonLoginAuthenticator
 993:             1            104  org.apache.tomcat.util.net.SocketProperties
 994:             1            104  org.springframework.scheduling.concurrent.ThreadPoolTaskExecutor
 995:             1            104  org.springframework.web.servlet.view.InternalResourceViewResolver
 996:             3             96  [F
 997:             2             96  [Lcom.fasterxml.jackson.annotation.PropertyAccessor;
 998:             2             96  [Ljava.beans.PropertyDescriptor;
 999:             2             96  [Lorg.springframework.boot.logging.LogLevel;
1000:             2             96  [Lsun.nio.ch.SelectionKeyImpl;
1001:             4             96  ch.qos.logback.core.pattern.parser.Token
1002:             4             96  ch.qos.logback.core.subst.Token
1003:             4             96  com.fasterxml.jackson.annotation.JsonCreator$Mode
1004:             4             96  com.fasterxml.jackson.core.JsonFactory$Feature
1005:             6             96  com.fasterxml.jackson.databind.ObjectMapper$1
1006:             6             96  com.fasterxml.jackson.databind.introspect.BasicClassIntrospector
1007:             6             96  com.fasterxml.jackson.databind.jsontype.impl.StdSubtypeResolver
1008:             6             96  com.fasterxml.jackson.databind.module.SimpleKeyDeserializers
1009:             6             96  com.fasterxml.jackson.databind.util.RootNameLookup
1010:             6             96  com.fasterxml.jackson.datatype.jdk8.Jdk8Deserializers
1011:             6             96  com.fasterxml.jackson.datatype.jdk8.Jdk8Serializers
1012:             6             96  com.fasterxml.jackson.datatype.jdk8.Jdk8TypeModifier
1013:             6             96  com.fasterxml.jackson.datatype.jsr310.JavaTimeModule$1
1014:             3             96  com.fasterxml.jackson.datatype.jsr310.deser.JSR310StringParsableDeserializer
1015:             6             96  com.fasterxml.jackson.datatype.jsr310.ser.ZoneIdSerializer
1016:             3             96  com.sun.jmx.mbeanserver.DefaultMXBeanMappingFactory$EnumMapping
1017:             2             96  com.sun.jmx.mbeanserver.MBeanIntrospector$MBeanInfoMap
1018:             2             96  com.sun.jmx.mbeanserver.MBeanIntrospector$PerInterfaceMap
1019:             3             96  com.sun.org.apache.xalan.internal.utils.XMLSecurityManager$NameMap
1020:             6             96  com.sun.proxy.$Proxy42
1021:             2             96  java.beans.BeanDescriptor
1022:             3             96  java.lang.StringCoding$StringDecoder
1023:             6             96  java.lang.reflect.Proxy$1
1024:             4             96  java.time.format.DateTimeFormatterBuilder$OffsetIdPrinterParser
1025:             4             96  java.time.format.DateTimeFormatterBuilder$SettingsParser
1026:             4             96  java.time.format.FormatStyle
1027:             3             96  java.util.ArrayList$ArrayListSpliterator
1028:             6             96  java.util.EnumMap$EntrySet
1029:             2             96  java.util.Properties$LineReader
1030:             2             96  java.util.concurrent.LinkedBlockingQueue
1031:             4             96  java.util.regex.Pattern$7
1032:             4             96  java.util.regex.Pattern$CharProperty$1
1033:             4             96  java.util.stream.StreamShape
1034:             2             96  java.util.stream.StreamSpliterators$WrappingSpliterator
1035:             4             96  javax.management.NotificationBroadcasterSupport
1036:             2             96  javax.management.openmbean.TabularType
1037:             4             96  org.apache.catalina.webresources.EmptyResource
1038:             4             96  org.apache.commons.logging.LogAdapter$LogApi
1039:             3             96  org.apache.tomcat.util.buf.UDecoder$DecodeException
1040:             3             96  org.apache.tomcat.util.http.ConcurrentDateFormat
1041:             4             96  org.apache.tomcat.util.http.SameSiteCookies
1042:             4             96  org.apache.tomcat.util.net.AbstractEndpoint$BindState
1043:             4             96  org.apache.tomcat.util.net.Acceptor$AcceptorState
1044:             1             96  org.apache.tomcat.util.threads.ThreadPoolExecutor
1045:             1             96  org.apache.tomcat.websocket.server.WsServerContainer
1046:             3             96  org.springframework.beans.factory.support.BeanDefinitionValueResolver
1047:             4             96  org.springframework.boot.autoconfigure.web.ErrorProperties$IncludeStacktrace
1048:             3             96  org.springframework.boot.context.properties.ConfigurationPropertiesBean
1049:             4             96  org.springframework.boot.context.properties.PropertyMapper$Source$$Lambda$310/713898436
1050:             4             96  org.springframework.boot.context.properties.bind.BindConverter$TypeConverterConversionService
1051:             3             96  org.springframework.boot.context.properties.bind.Binder$$Lambda$137/1449263511
1052:             3             96  org.springframework.boot.context.properties.bind.Binder$$Lambda$138/116237769
1053:             4             96  org.springframework.boot.context.properties.bind.JavaBeanBinder$Bean
1054:             4             96  org.springframework.context.annotation.ScopedProxyMode
1055:             2             96  org.springframework.context.support.DefaultLifecycleProcessor$LifecycleGroup
1056:             6             96  org.springframework.core.DefaultParameterNameDiscoverer
1057:             6             96  org.springframework.core.LocalVariableTableParameterNameDiscoverer
1058:             6             96  org.springframework.core.StandardReflectionParameterNameDiscoverer
1059:             4             96  org.springframework.core.annotation.TypeMappedAnnotations$IsPresent
1060:             4             96  org.springframework.core.env.PropertiesPropertySource
1061:             4             96  org.springframework.core.env.PropertySource$StubPropertySource
1062:             4             96  org.springframework.util.ConcurrentReferenceHashMap$TaskOption
1063:             6             96  org.springframework.web.accept.HeaderContentNegotiationStrategy
1064:             4             96  org.springframework.web.method.annotation.ModelAttributeMethodProcessor
1065:             3             96  org.springframework.web.servlet.mvc.condition.PatternsRequestCondition
1066:             1             96  org.springframework.web.servlet.mvc.method.annotation.RequestMappingHandlerMapping
1067:             4             96  org.springframework.web.servlet.resource.DefaultResourceTransformerChain
1068:             4             96  org.yaml.snakeyaml.nodes.NodeId
1069:             2             96  sun.management.GarbageCollectorImpl
1070:             1             96  sun.misc.Launcher$AppClassLoader
1071:             2             96  sun.misc.ProxyGenerator
1072:             3             96  sun.net.spi.DefaultProxySelector$NonProxyInfo
1073:             3             96  sun.nio.ch.ServerSocketAdaptor
1074:             2             96  sun.nio.ch.WindowsSelectorImpl$FdMap
1075:             6             96  sun.reflect.ClassDefiner$1
1076:             3             96  sun.rmi.runtime.NewThreadAction
1077:             6             96  sun.rmi.server.UnicastRef2
1078:             1             96  sun.security.jca.ProviderList$1
1079:             1             96  sun.security.provider.Sun
1080:             3             96  sun.util.locale.provider.LocaleServiceProviderPool
1081:             2             88  [Ljava.nio.file.attribute.PosixFilePermission;
1082:             1             88  [Lorg.springframework.boot.ansi.AnsiColor;
1083:             1             88  org.apache.catalina.webresources.StandardRoot
1084:             1             88  org.springframework.boot.autoconfigure.web.ServerProperties$Tomcat
1085:             1             88  org.springframework.jmx.export.annotation.AnnotationMBeanExporter
1086:             1             88  sun.misc.Launcher$ExtClassLoader
1087:             1             80  [Ljava.nio.ByteBuffer;
1088:             1             80  [Ljava.time.temporal.ChronoUnit;
1089:             2             80  [Ljava.util.Formatter$FormatString;
1090:             2             80  [Ljava.util.stream.StreamOpFlag$Type;
1091:             2             80  [Ljavax.servlet.DispatcherType;
1092:             1             80  [Ljavax.websocket.CloseReason$CloseCodes;
1093:             2             80  [Lorg.springframework.context.annotation.FilterType;
1094:             2             80  [Lorg.springframework.http.HttpStatus$Series;
1095:             2             80  com.sun.jmx.mbeanserver.DefaultMXBeanMappingFactory$TabularMapping
1096:             5             80  com.sun.jmx.remote.internal.ServerCommunicatorAdmin$Timeout
1097:             5             80  com.sun.jmx.remote.security.SubjectDelegator
1098:             2             80  java.beans.GenericBeanInfo
1099:             2             80  java.io.BufferedWriter
1100:             2             80  java.io.ExpiringCache
1101:             5             80  java.util.Collections$UnmodifiableMap$UnmodifiableEntrySet
1102:             2             80  java.util.Locale$Category
1103:             5             80  java.util.concurrent.atomic.AtomicMarkableReference
1104:             2             80  java.util.regex.Pattern$Loop
1105:             2             80  java.util.stream.SpinedBuffer
1106:             5             80  javax.management.remote.rmi.RMIConnectionImpl$1
1107:             5             80  javax.management.remote.rmi.RMIConnectionImpl_Stub
1108:             2             80  jdk.xml.internal.JdkXmlFeatures$XmlFeature
1109:             1             80  org.apache.catalina.core.StandardService
1110:             1             80  org.apache.catalina.servlets.DefaultServlet
1111:             1             80  org.apache.catalina.startup.Tomcat$SimpleRealm
1112:             1             80  org.apache.coyote.RequestGroupInfo
1113:             2             80  org.springframework.beans.propertyeditors.CustomBooleanEditor
1114:             1             80  org.springframework.boot.SpringApplication
1115:             1             80  org.springframework.boot.autoconfigure.web.servlet.WelcomePageHandlerMapping
1116:             5             80  org.springframework.boot.context.properties.PropertyMapper$Source$$Lambda$427/1801422599
1117:             5             80  org.springframework.boot.convert.ArrayToDelimitedStringConverter
1118:             5             80  org.springframework.boot.convert.DelimitedStringToArrayConverter
1119:             5             80  org.springframework.boot.convert.DelimitedStringToCollectionConverter
1120:             2             80  org.springframework.cglib.proxy.Enhancer$EnhancerKey$$KeyFactoryByCGLIB$$4ce19e8f
1121:             2             80  org.springframework.context.event.SimpleApplicationEventMulticaster
1122:             1             80  org.springframework.context.support.PropertySourcesPlaceholderConfigurer
1123:             5             80  org.springframework.web.cors.DefaultCorsProcessor
1124:             1             80  org.springframework.web.servlet.function.support.RouterFunctionMapping
1125:             1             80  org.springframework.web.servlet.handler.BeanNameUrlHandlerMapping
1126:             1             80  org.springframework.web.servlet.handler.SimpleUrlHandlerMapping
1127:             1             80  org.springframework.web.servlet.mvc.method.annotation.ExceptionHandlerExceptionResolver
1128:             2             80  sun.management.MemoryManagerImpl
1129:             2             80  sun.misc.Cleaner
1130:             2             80  sun.nio.ch.SocketAdaptor
1131:             1             80  sun.reflect.misc.MethodUtil
1132:             5             80  sun.rmi.transport.DGCAckHandler$1
1133:             2             80  sun.security.util.DisabledAlgorithmConstraints$KeySizeConstraint
1134:             1             72  [Ljava.lang.invoke.LambdaFormEditor$Transform$Kind;
1135:             1             72  [Ljavax.management.openmbean.SimpleType;
1136:             3             72  [Lorg.springframework.boot.context.properties.source.ConfigurationPropertySource;
1137:             2             72  [Lsun.security.jca.ProviderConfig;
1138:             1             72  ch.qos.logback.core.ConsoleAppender
1139:             3             72  ch.qos.logback.core.pattern.FormatInfo
1140:             3             72  ch.qos.logback.core.spi.FilterReply
1141:             3             72  ch.qos.logback.core.subst.Tokenizer$TokenizerState
1142:             3             72  com.fasterxml.jackson.databind.PropertyName
1143:             3             72  com.fasterxml.jackson.databind.ser.std.NumberSerializer
1144:             1             72  com.fasterxml.jackson.module.paramnames.ParameterNamesModule
1145:             3             72  com.sun.jmx.mbeanserver.MBeanAnalyzer$AttrMethods
1146:             3             72  java.io.OutputStreamWriter
1147:             3             72  java.lang.annotation.RetentionPolicy
1148:             3             72  java.net.InetAddress$CacheEntry
1149:             3             72  java.net.NetworkInterface$2
1150:             3             72  java.net.Proxy$Type
1151:             3             72  java.security.SecurityPermission
1152:             3             72  java.time.ZoneOffset
1153:             3             72  java.time.format.ResolverStyle
1154:             3             72  java.util.Collections$UnmodifiableMap$UnmodifiableEntrySet$1
1155:             1             72  java.util.ResourceBundle$RBClassLoader
1156:             3             72  java.util.concurrent.LinkedBlockingQueue$Node
1157:             1             72  java.util.logging.LogManager$RootLogger
1158:             3             72  java.util.regex.Pattern$Prolog
1159:             3             72  java.util.stream.Collector$Characteristics
1160:             3             72  java.util.stream.MatchOps$MatchKind
1161:             3             72  javax.management.ObjectInstance
1162:             3             72  javax.servlet.SessionTrackingMode
1163:             3             72  org.apache.catalina.authenticator.AuthenticatorBase$AllowCorsPreflight
1164:             3             72  org.apache.tomcat.util.buf.EncodedSolidusHandling
1165:             3             72  org.springframework.beans.factory.annotation.Autowire
1166:             1             72  org.springframework.beans.factory.config.DependencyDescriptor$1
1167:             3             72  org.springframework.beans.factory.config.EmbeddedValueResolver
1168:             3             72  org.springframework.beans.factory.config.YamlProcessor$ResolutionMethod
1169:             3             72  org.springframework.beans.factory.support.DefaultListableBeanFactory$$Lambda$248/1896552614
1170:             3             72  org.springframework.beans.factory.support.DefaultListableBeanFactory$1
1171:             3             72  org.springframework.boot.Banner$Mode
1172:             3             72  org.springframework.boot.WebApplicationType
1173:             3             72  org.springframework.boot.ansi.AnsiOutput$Enabled
1174:             3             72  org.springframework.boot.autoconfigure.condition.ConditionalOnWebApplication$Type
1175:             3             72  org.springframework.boot.autoconfigure.condition.SearchStrategy
1176:             3             72  org.springframework.boot.autoconfigure.web.ErrorProperties$IncludeAttribute
1177:             1             72  org.springframework.boot.autoconfigure.web.ServerProperties
1178:             1             72  org.springframework.boot.autoconfigure.web.servlet.WebMvcAutoConfiguration$EnableWebMvcConfiguration
1179:             3             72  org.springframework.boot.context.properties.bind.BindConverter$ResolvableTypeDescriptor
1180:             3             72  org.springframework.boot.context.properties.bind.BoundPropertiesTrackingBindHandler
1181:             3             72  org.springframework.boot.context.properties.bind.JavaBeanBinder$Bean$$Lambda$265/1271041075
1182:             3             72  org.springframework.boot.context.properties.bind.JavaBeanBinder$BeanSupplier
1183:             3             72  org.springframework.boot.context.properties.source.ConfigurationPropertyName$Form
1184:             3             72  org.springframework.boot.context.properties.source.ConfigurationPropertyState
1185:             1             72  org.springframework.boot.jackson.JsonComponentModule
1186:             3             72  org.springframework.context.annotation.AnnotationScopeMetadataResolver
1187:             1             72  org.springframework.context.annotation.ClassPathBeanDefinitionScanner
1188:             3             72  org.springframework.core.NamedThreadLocal
1189:             3             72  org.springframework.core.annotation.PackagesAnnotationFilter
1190:             3             72  org.springframework.expression.spel.SpelCompilerMode
1191:             3             72  org.springframework.format.datetime.standard.DateTimeFormatterRegistrar$Type
1192:             3             72  org.springframework.http.converter.ResourceRegionHttpMessageConverter
1193:             3             72  org.springframework.http.converter.json.Jackson2ObjectMapperBuilder$$Lambda$122/1038764714
1194:             3             72  org.springframework.jmx.support.RegistrationPolicy
1195:             3             72  org.springframework.web.method.support.HandlerMethodArgumentResolverComposite
1196:             3             72  org.springframework.web.servlet.mvc.condition.ProducesRequestCondition
1197:             3             72  org.springframework.web.servlet.mvc.method.annotation.RequestAttributeMethodArgumentResolver
1198:             3             72  org.springframework.web.servlet.mvc.method.annotation.SessionAttributeMethodArgumentResolver
1199:             3             72  org.yaml.snakeyaml.DumperOptions$FlowStyle
1200:             3             72  org.yaml.snakeyaml.DumperOptions$LineBreak
1201:             3             72  org.yaml.snakeyaml.introspector.BeanAccess
1202:             3             72  sun.misc.FloatingDecimal$ExceptionalBinaryToASCIIBuffer
1203:             3             72  sun.misc.ObjectInputFilter$Status
1204:             3             72  sun.misc.URLClassPath$FileLoader
1205:             3             72  sun.net.www.protocol.jar.JarURLConnection$JarURLInputStream
1206:             3             72  sun.security.provider.PolicyFile$PolicyEntry
1207:             1             72  sun.util.locale.provider.JRELocaleProviderAdapter
1208:             1             64  [Lcom.fasterxml.jackson.annotation.JsonFormat$Shape;
1209:             2             64  [Ljava.lang.annotation.RetentionPolicy;
1210:             2             64  [Ljava.lang.invoke.LambdaFormEditor$Transform;
1211:             2             64  [Ljavax.servlet.SessionTrackingMode;
1212:             1             64  [Lorg.apache.catalina.LifecycleState;
1213:             3             64  [Lorg.apache.catalina.connector.Connector;
1214:             2             64  [Lorg.springframework.beans.factory.annotation.Autowire;
1215:             2             64  [Lorg.springframework.boot.ansi.AnsiOutput$Enabled;
1216:             2             64  [Lorg.springframework.boot.autoconfigure.condition.ConditionalOnWebApplication$Type;
1217:             2             64  [Lorg.springframework.boot.autoconfigure.condition.SearchStrategy;
1218:             2             64  [Lorg.springframework.context.annotation.ScopedProxyMode;
1219:             2             64  [Lorg.springframework.format.datetime.standard.DateTimeFormatterRegistrar$Type;
1220:             2             64  [Lorg.yaml.snakeyaml.nodes.NodeId;
1221:             1             64  ch.qos.logback.classic.PatternLayout
1222:             2             64  ch.qos.logback.core.joran.spi.ConsoleTarget
1223:             2             64  ch.qos.logback.core.util.COWArrayList
1224:             2             64  ch.qos.logback.core.util.CachingDateFormatter
1225:             2             64  com.fasterxml.jackson.core.io.SerializedString
1226:             2             64  com.fasterxml.jackson.databind.ser.std.NumberSerializers$DoubleSerializer
1227:             2             64  com.fasterxml.jackson.databind.ser.std.NumberSerializers$IntegerSerializer
1228:             2             64  com.fasterxml.jackson.databind.ser.std.NumberSerializers$LongSerializer
1229:             2             64  com.sun.jmx.mbeanserver.DefaultMXBeanMappingFactory$CollectionMapping
1230:             2             64  com.sun.org.apache.xalan.internal.utils.XMLSecurityPropertyManager$Property
1231:             4             64  com.sun.proxy.$Proxy1
1232:             4             64  com.sun.proxy.$Proxy35
1233:             4             64  com.sun.proxy.$Proxy38
1234:             4             64  com.sun.proxy.$Proxy52
1235:             4             64  com.sun.proxy.$Proxy8
1236:             2             64  java.io.FileOutputStream
1237:             2             64  java.io.PrintStream
1238:             2             64  java.lang.ClassValue$Entry
1239:             2             64  java.lang.VirtualMachineError
1240:             2             64  java.lang.ref.ReferenceQueue$Null
1241:             2             64  java.lang.reflect.WeakCache$Factory
1242:             2             64  java.time.format.DateTimeFormatterBuilder$TextPrinterParser
1243:             2             64  java.time.temporal.IsoFields$Unit
1244:             2             64  java.util.Formatter
1245:             4             64  java.util.Hashtable$EntrySet
1246:             2             64  java.util.Random
1247:             2             64  java.util.Spliterators$ArraySpliterator
1248:             2             64  java.util.concurrent.CountDownLatch$Sync
1249:             2             64  java.util.concurrent.ScheduledThreadPoolExecutor$DelayedWorkQueue
1250:             2             64  java.util.logging.LogManager$LoggerContext$1
1251:             1             64  java.util.stream.ReferencePipeline$7
1252:             2             64  javax.management.MBeanConstructorInfo
1253:             2             64  javax.management.NotCompliantMBeanException
1254:             1             64  javax.management.remote.rmi.RMIConnectorServer
1255:             1             64  org.apache.catalina.core.ApplicationContext
1256:             1             64  org.apache.catalina.loader.WebappLoader
1257:             1             64  org.apache.catalina.mapper.Mapper$ContextVersion
1258:             1             64  org.apache.catalina.valves.ErrorReportValve
1259:             1             64  org.apache.catalina.webresources.DirResourceSet
1260:             2             64  org.apache.commons.logging.impl.WeakHashtable$WeakKey
1261:             2             64  org.apache.tomcat.util.collections.SynchronizedQueue
1262:             2             64  org.apache.tomcat.util.threads.TaskThreadFactory
1263:             2             64  org.springframework.beans.propertyeditors.CharacterEditor
1264:             1             64  org.springframework.boot.autoconfigure.web.ServerProperties$Tomcat$Accesslog
1265:             1             64  org.springframework.boot.autoconfigure.web.ServerProperties$Undertow
1266:             1             64  org.springframework.boot.autoconfigure.web.servlet.WebMvcProperties
1267:             2             64  org.springframework.boot.availability.AvailabilityChangeEvent
1268:             4             64  org.springframework.boot.context.properties.PropertyMapper$Source$$Lambda$308/1765702
1269:             4             64  org.springframework.boot.context.properties.PropertyMapper$Source$$Lambda$309/1302725372
1270:             4             64  org.springframework.boot.context.properties.bind.BindConverter
1271:             4             64  org.springframework.boot.context.properties.bind.BindConverter$CompositeConversionService
1272:             4             64  org.springframework.boot.context.properties.bind.BindConverter$TypeConverterConverter
1273:             1             64  org.springframework.cglib.core.KeyFactory$Generator
1274:             1             64  org.springframework.context.annotation.CommonAnnotationBeanPostProcessor
1275:             2             64  org.springframework.context.annotation.ConditionEvaluator$ConditionContextImpl
1276:             1             64  org.springframework.context.annotation.ConfigurationClassPostProcessor
1277:             4             64  org.springframework.core.convert.support.CollectionToArrayConverter
1278:             4             64  org.springframework.core.convert.support.CollectionToStringConverter
1279:             4             64  org.springframework.core.env.MutablePropertySources
1280:             2             64  org.springframework.core.type.filter.AnnotationTypeFilter
1281:             2             64  org.springframework.expression.spel.SpelParserConfiguration
1282:             4             64  org.springframework.format.datetime.DateFormatterRegistrar$CalendarToDateConverter
1283:             4             64  org.springframework.format.datetime.DateFormatterRegistrar$CalendarToLongConverter
1284:             4             64  org.springframework.format.datetime.DateFormatterRegistrar$DateToCalendarConverter
1285:             4             64  org.springframework.format.datetime.DateFormatterRegistrar$DateToLongConverter
1286:             4             64  org.springframework.format.datetime.DateFormatterRegistrar$LongToCalendarConverter
1287:             4             64  org.springframework.format.datetime.DateFormatterRegistrar$LongToDateConverter
1288:             2             64  org.springframework.web.context.support.StandardServletEnvironment
1289:             4             64  org.springframework.web.method.annotation.ModelMethodProcessor
1290:             2             64  org.springframework.web.servlet.config.annotation.InterceptorRegistration
1291:             2             64  org.springframework.web.servlet.config.annotation.ResourceHandlerRegistration
1292:             2             64  org.springframework.web.servlet.handler.AbstractHandlerMethodMapping$MappingRegistration
1293:             2             64  org.springframework.web.servlet.resource.PathResourceResolver
1294:             1             64  org.springframework.web.servlet.view.AbstractCachingViewResolver$2
1295:             2             64  sun.nio.ch.AllocatedNativeObject
1296:             2             64  sun.nio.ch.PollArrayWrapper
1297:             2             64  sun.nio.ch.WindowsSelectorImpl$SubSelector
1298:             2             64  sun.reflect.UnsafeObjectFieldAccessorImpl
1299:             2             64  sun.reflect.generics.repository.ConstructorRepository
1300:             2             64  sun.rmi.transport.tcp.TCPTransport
1301:             4             64  sun.rmi.transport.tcp.TCPTransport$ConnectionHandler$$Lambda$234/302928275
1302:             2             64  sun.util.locale.provider.LocaleResources
1303:             1             56  [Ljava.lang.Runnable;
1304:             1             56  [Ljava.text.Format;
1305:             3             56  [Lorg.springframework.context.annotation.ComponentScan$Filter;
1306:             1             56  [Lorg.yaml.snakeyaml.events.Event$ID;
1307:             1             56  [Lsun.util.logging.PlatformLogger$Level;
1308:             1             56  ch.qos.logback.classic.encoder.PatternLayoutEncoder
1309:             1             56  com.fasterxml.jackson.datatype.jsr310.ser.InstantSerializer
1310:             1             56  com.fasterxml.jackson.datatype.jsr310.ser.OffsetDateTimeSerializer
1311:             1             56  com.fasterxml.jackson.datatype.jsr310.ser.ZonedDateTimeSerializer
1312:             1             56  java.util.logging.LogManager
1313:             1             56  javax.management.remote.rmi.RMIJRMPServerImpl
1314:             1             56  org.apache.catalina.core.StandardContextValve
1315:             1             56  org.apache.catalina.core.StandardEngineValve
1316:             1             56  org.apache.catalina.core.StandardHostValve
1317:             1             56  org.apache.catalina.util.StandardSessionIdGenerator
1318:             1             56  org.apache.catalina.webresources.Cache
1319:             1             56  org.apache.commons.logging.impl.WeakHashtable
1320:             1             56  org.apache.tomcat.util.modeler.NoDescriptorRegistry
1321:             1             56  org.apache.tomcat.util.modeler.NoDescriptorRegistry$PassthroughMBean
1322:             1             56  org.apache.tomcat.util.net.NioSelectorPool
1323:             1             56  org.apache.tomcat.util.scan.StandardJarScanFilter
1324:             1             56  org.apache.tomcat.util.threads.TaskQueue
1325:             1             56  org.springframework.asm.Label
1326:             1             56  org.springframework.boot.autoconfigure.http.HttpMessageConverters$1
1327:             1             56  org.springframework.boot.autoconfigure.jackson.JacksonProperties
1328:             1             56  org.springframework.boot.autoconfigure.web.ResourceProperties$Cache$Cachecontrol
1329:             1             56  org.springframework.boot.autoconfigure.web.servlet.DispatcherServletRegistrationBean
1330:             1             56  org.springframework.boot.task.TaskExecutorBuilder
1331:             1             56  org.springframework.boot.web.embedded.tomcat.LazySessionIdGenerator
1332:             1             56  org.springframework.expression.spel.support.StandardEvaluationContext
1333:             1             56  org.springframework.util.StopWatch
1334:             1             56  org.springframework.web.servlet.view.ContentNegotiatingViewResolver
1335:             1             56  sun.rmi.runtime.Log$InternalStreamHandler
1336:             1             48  [Lcom.fasterxml.jackson.annotation.JsonInclude$Include;
1337:             3             48  [Lcom.fasterxml.jackson.databind.JavaType;
1338:             1             48  [Lcom.sun.beans.util.Cache$CacheEntry;
1339:             1             48  [Lcom.sun.management.VMOption$Origin;
1340:             1             48  [Ljava.lang.invoke.MethodHandleImpl$Intrinsic;
1341:             1             48  [Ljava.math.RoundingMode;
1342:             1             48  [Ljava.util.concurrent.TimeUnit;
1343:             2             48  [Lorg.apache.catalina.WebResource;
1344:             3             48  [Lorg.apache.catalina.mapper.Mapper$MappedWrapper;
1345:             2             48  [Lorg.springframework.asm.Type;
1346:             2             48  [Lorg.springframework.boot.context.properties.source.PropertyMapper;
1347:             1             48  [Lorg.springframework.cglib.proxy.CallbackInfo;
1348:             2             48  [Lorg.springframework.context.annotation.MBeanExportConfiguration$SpecificPlatform;
1349:             1             48  [Lsun.management.counter.Units;
1350:             1             48  [[Ljava.lang.Object;
1351:             1             48  ch.qos.logback.classic.pattern.DateConverter
1352:             3             48  ch.qos.logback.core.spi.LogbackLock
1353:             2             48  ch.qos.logback.core.subst.Node$Type
1354:             1             48  com.fasterxml.jackson.databind.cfg.ConfigOverride$Empty
1355:             2             48  com.fasterxml.jackson.databind.introspect.AnnotationIntrospectorPair
1356:             2             48  com.fasterxml.jackson.databind.ser.std.BooleanSerializer
1357:             1             48  com.fasterxml.jackson.databind.util.StdDateFormat
1358:             3             48  com.fasterxml.jackson.datatype.jdk8.Jdk8Module
1359:             2             48  com.sun.jmx.mbeanserver.ClassLoaderRepositorySupport$LoaderEntry
1360:             1             48  com.sun.jmx.mbeanserver.DefaultMXBeanMappingFactory$Mappings
1361:             2             48  com.sun.jmx.mbeanserver.MBeanAnalyzer
1362:             2             48  com.sun.jmx.mbeanserver.MBeanIntrospector$MBeanInfoMaker
1363:             2             48  com.sun.jmx.mbeanserver.WeakIdentityHashMap
1364:             3             48  com.sun.proxy.$Proxy19
1365:             3             48  com.sun.proxy.$Proxy28
1366:             3             48  com.sun.proxy.$Proxy29
1367:             3             48  com.sun.proxy.$Proxy39
1368:             3             48  com.sun.proxy.$Proxy43
1369:             1             48  java.io.BufferedReader
1370:             2             48  java.io.File$PathStatus
1371:             1             48  java.lang.ProcessEnvironment
1372:             1             48  java.lang.invoke.BoundMethodHandle$Species_L4
1373:             2             48  java.lang.reflect.ReflectPermission
1374:             2             48  java.net.InetAddress$Cache
1375:             2             48  java.net.InetAddress$Cache$Type
1376:             3             48  java.net.Socket$2
1377:             3             48  java.net.Socket$3
1378:             2             48  java.net.SocketPermissionCollection
1379:             2             48  java.net.StandardProtocolFamily
1380:             2             48  java.nio.charset.CoderResult
1381:             3             48  java.nio.charset.CodingErrorAction
1382:             2             48  java.security.AllPermissionCollection
1383:             3             48  java.text.AttributedCharacterIterator$Attribute
1384:             2             48  java.time.format.DateTimeFormatterBuilder$1
1385:             3             48  java.time.format.DateTimeFormatterBuilder$StringLiteralPrinterParser
1386:             2             48  java.time.format.DateTimeFormatterBuilder$ZoneIdPrinterParser
1387:             2             48  java.time.format.DateTimeTextProvider$LocaleStore
1388:             2             48  java.util.Collections$UnmodifiableList
1389:             2             48  java.util.Currency
1390:             3             48  java.util.Hashtable$KeySet
1391:             2             48  java.util.Spliterators$1Adapter
1392:             3             48  java.util.concurrent.ConcurrentHashMap$EntrySetView
1393:             3             48  java.util.concurrent.ConcurrentHashMap$ValuesView
1394:             1             48  java.util.concurrent.ConcurrentSkipListMap
1395:             1             48  java.util.concurrent.locks.ReentrantReadWriteLock$FairSync
1396:             2             48  java.util.function.BiPredicate$$Lambda$51/2050019814
1397:             2             48  java.util.logging.LogManager$5
1398:             2             48  java.util.logging.Logger$LoggerBundle
1399:             2             48  java.util.regex.Pattern$SliceI
1400:             1             48  org.apache.catalina.core.DefaultInstanceManager
1401:             2             48  org.apache.catalina.core.StandardWrapperFacade
1402:             1             48  org.apache.catalina.mapper.MapperListener
1403:             3             48  org.apache.catalina.realm.RealmBase$AllRolesMode
1404:             1             48  org.apache.catalina.startup.Tomcat
1405:             2             48  org.apache.catalina.util.ErrorPageSupport
1406:             2             48  org.apache.catalina.util.URLEncoder
1407:             1             48  org.apache.tomcat.util.modeler.AttributeInfo
1408:             1             48  org.apache.tomcat.util.net.NioEndpoint$Poller
1409:             2             48  org.springframework.beans.CachedIntrospectionResults
1410:             1             48  org.springframework.beans.factory.annotation.AutowiredAnnotationBeanPostProcessor
1411:             3             48  org.springframework.boot.autoconfigure.cache.CacheCondition
1412:             2             48  org.springframework.boot.autoconfigure.freemarker.FreeMarkerTemplateAvailabilityProvider
1413:             2             48  org.springframework.boot.autoconfigure.groovy.template.GroovyTemplateAvailabilityProvider
1414:             2             48  org.springframework.boot.autoconfigure.template.TemplateAvailabilityProviders
1415:             2             48  org.springframework.boot.autoconfigure.web.ServerProperties$Jetty$Accesslog$FORMAT
1416:             2             48  org.springframework.boot.autoconfigure.web.servlet.WebMvcProperties$LocaleResolver
1417:             2             48  org.springframework.boot.availability.LivenessState
1418:             2             48  org.springframework.boot.availability.ReadinessState
1419:             2             48  org.springframework.boot.context.properties.ConfigurationPropertiesBean$BindMethod
1420:             3             48  org.springframework.boot.context.properties.ConfigurationPropertiesBinder$$Lambda$257/349259569
1421:             2             48  org.springframework.boot.context.properties.PropertyMapper
1422:             3             48  org.springframework.boot.context.properties.bind.Bindable$$Lambda$135/58940486
1423:             3             48  org.springframework.boot.context.properties.bind.Bindable$$Lambda$136/501107890
1424:             3             48  org.springframework.boot.context.properties.bind.handler.IgnoreTopLevelConverterNotFoundBindHandler
1425:             2             48  org.springframework.boot.context.properties.source.SpringConfigurationPropertySource
1426:             2             48  org.springframework.boot.context.properties.source.SpringConfigurationPropertySources
1427:             2             48  org.springframework.boot.logging.DeferredLog
1428:             2             48  org.springframework.boot.logging.LoggerGroup
1429:             1             48  org.springframework.boot.logging.logback.ExtendedWhitespaceThrowableProxyConverter
1430:             2             48  org.springframework.boot.web.server.Shutdown
1431:             1             48  org.springframework.boot.web.servlet.filter.OrderedCharacterEncodingFilter
1432:             1             48  org.springframework.boot.web.servlet.filter.OrderedFormContentFilter
1433:             1             48  org.springframework.boot.web.servlet.filter.OrderedRequestContextFilter
1434:             2             48  org.springframework.boot.web.servlet.server.Encoding$Type
1435:             2             48  org.springframework.context.annotation.ConfigurationCondition$ConfigurationPhase
1436:             2             48  org.springframework.context.support.ApplicationListenerDetector
1437:             2             48  org.springframework.context.support.DefaultLifecycleProcessor$LifecycleGroupMember
1438:             3             48  org.springframework.core.$Proxy41
1439:             2             48  org.springframework.core.Constants
1440:             2             48  org.springframework.core.OrderComparator$$Lambda$251/872522004
1441:             2             48  org.springframework.core.ResolvableType$WildcardBounds$Kind
1442:             2             48  org.springframework.core.annotation.AnnotationTypeMappings$Cache
1443:             2             48  org.springframework.core.annotation.MergedAnnotation$Adapt
1444:             2             48  org.springframework.core.convert.support.ArrayToArrayConverter
1445:             2             48  org.springframework.core.env.SystemEnvironmentPropertySource
1446:             1             48  org.springframework.core.task.SimpleAsyncTaskExecutor
1447:             2             48  org.springframework.core.type.classreading.CachingMetadataReaderFactory
1448:             2             48  org.springframework.expression.TypedValue
1449:             3             48  org.springframework.http.converter.json.Jackson2ObjectMapperBuilder$$Lambda$120/552739999
1450:             3             48  org.springframework.http.converter.json.Jackson2ObjectMapperBuilder$$Lambda$121/2091443651
1451:             2             48  org.springframework.util.ConcurrentReferenceHashMap$ReferenceType
1452:             2             48  org.springframework.util.ConcurrentReferenceHashMap$Restructure
1453:             1             48  org.springframework.web.accept.ContentNegotiationManagerFactoryBean
1454:             2             48  org.springframework.web.context.support.ServletContextResource
1455:             2             48  org.springframework.web.method.annotation.ExpressionValueMethodArgumentResolver
1456:             3             48  org.springframework.web.method.annotation.MapMethodProcessor
1457:             2             48  org.springframework.web.method.support.HandlerMethodReturnValueHandlerComposite
1458:             2             48  org.springframework.web.servlet.mvc.condition.ConsumesRequestCondition
1459:             2             48  org.springframework.web.servlet.mvc.condition.ProducesRequestCondition$ProduceMediaTypeExpression
1460:             2             48  org.springframework.web.servlet.mvc.method.annotation.MatrixVariableMethodArgumentResolver
1461:             2             48  org.springframework.web.servlet.mvc.method.annotation.PathVariableMethodArgumentResolver
1462:             2             48  org.springframework.web.servlet.mvc.method.annotation.ServletModelAttributeMethodProcessor
1463:             3             48  org.springframework.web.servlet.mvc.method.annotation.ServletRequestMethodArgumentResolver
1464:             3             48  org.springframework.web.servlet.mvc.method.annotation.ServletResponseMethodArgumentResolver
1465:             2             48  org.yaml.snakeyaml.DumperOptions$NonPrintableStyle
1466:             2             48  sun.management.ManagementFactoryHelper$1
1467:             2             48  sun.misc.NativeSignalHandler
1468:             2             48  sun.misc.ProxyGenerator$ConstantPool
1469:             2             48  sun.misc.Signal
1470:             3             48  sun.net.www.protocol.jar.Handler
1471:             2             48  sun.nio.ch.PipeImpl
1472:             2             48  sun.nio.ch.PipeImpl$Initializer
1473:             2             48  sun.nio.ch.WindowsSelectorImpl$FinishLock
1474:             2             48  sun.nio.ch.WindowsSelectorImpl$StartLock
1475:             1             48  sun.nio.cs.StreamDecoder
1476:             1             48  sun.nio.cs.US_ASCII$Decoder
1477:             2             48  sun.reflect.generics.scope.ConstructorScope
1478:             2             48  sun.security.jca.GetInstance$Instance
1479:             2             48  sun.security.jca.ProviderList
1480:             2             48  sun.security.jca.ProviderList$3
1481:             2             48  sun.security.util.DisabledAlgorithmConstraints$DisabledConstraint
1482:             1             48  sun.text.resources.FormatData
1483:             1             48  sun.text.resources.en.FormatData_en
1484:             1             48  sun.text.resources.en.FormatData_en_US
1485:             1             48  sun.text.resources.zh.FormatData_zh
1486:             1             48  sun.text.resources.zh.FormatData_zh_CN
1487:             1             48  sun.util.resources.CalendarData
1488:             1             48  sun.util.resources.CurrencyNames
1489:             1             48  sun.util.resources.TimeZoneNames
1490:             1             48  sun.util.resources.en.CalendarData_en
1491:             1             48  sun.util.resources.en.CurrencyNames_en_US
1492:             1             48  sun.util.resources.en.TimeZoneNames_en
1493:             1             48  sun.util.resources.zh.CalendarData_zh
1494:             1             48  sun.util.resources.zh.CurrencyNames_zh_CN
1495:             2             40  [Lch.qos.logback.core.Appender;
1496:             1             40  [Lch.qos.logback.core.pattern.parser.TokenStream$TokenizerState;
1497:             1             40  [Lch.qos.logback.core.subst.Token$Type;
1498:             1             40  [Lcom.fasterxml.jackson.annotation.JsonAutoDetect$Visibility;
1499:             1             40  [Lcom.fasterxml.jackson.annotation.Nulls;
1500:             1             40  [Lcom.fasterxml.jackson.core.JsonEncoding;
1501:             1             40  [Lcom.fasterxml.jackson.core.JsonParser$NumberType;
1502:             2             40  [Lcom.sun.jmx.mbeanserver.ClassLoaderRepositorySupport$LoaderEntry;
1503:             2             40  [Ljava.beans.PropertyChangeListener;
1504:             1             40  [Ljava.lang.management.MemoryPoolMXBean;
1505:             1             40  [Ljava.time.format.SignStyle;
1506:             1             40  [Ljava.time.format.TextStyle;
1507:             1             40  [Ljava.util.stream.StreamOpFlag;
1508:             2             40  [Ljavax.management.openmbean.OpenType;
1509:             2             40  [Lorg.springframework.beans.PropertyValue;
1510:             1             40  [Lorg.springframework.boot.ansi.AnsiStyle;
1511:             1             40  [Lorg.springframework.boot.cloud.CloudPlatform;
1512:             1             40  [Lorg.springframework.core.annotation.MergedAnnotations$SearchStrategy;
1513:             2             40  [Lorg.springframework.expression.Expression;
1514:             1             40  [Lorg.yaml.snakeyaml.DumperOptions$ScalarStyle;
1515:             1             40  [Lsun.nio.fs.WindowsPathType;
1516:             1             40  [Lsun.security.util.DisabledAlgorithmConstraints$Constraint$Operator;
1517:             1             40  [Lsun.util.locale.provider.LocaleProviderAdapter$Type;
1518:             1             40  [[Ljava.lang.invoke.LambdaForm$Name;
1519:             1             40  ch.qos.logback.classic.pattern.LoggerConverter
1520:             1             40  ch.qos.logback.core.BasicStatusManager
1521:             1             40  com.fasterxml.jackson.annotation.JsonFormat$Value
1522:             1             40  com.fasterxml.jackson.datatype.jsr310.ser.DurationSerializer
1523:             1             40  com.fasterxml.jackson.datatype.jsr310.ser.LocalDateSerializer
1524:             1             40  com.fasterxml.jackson.datatype.jsr310.ser.LocalDateTimeSerializer
1525:             1             40  com.fasterxml.jackson.datatype.jsr310.ser.LocalTimeSerializer
1526:             1             40  com.fasterxml.jackson.datatype.jsr310.ser.MonthDaySerializer
1527:             1             40  com.fasterxml.jackson.datatype.jsr310.ser.OffsetTimeSerializer
1528:             1             40  com.fasterxml.jackson.datatype.jsr310.ser.YearMonthSerializer
1529:             1             40  com.fasterxml.jackson.datatype.jsr310.ser.YearSerializer
1530:             1             40  com.sun.beans.finder.MethodFinder$1
1531:             1             40  com.sun.jmx.interceptor.DefaultMBeanServerInterceptor
1532:             1             40  com.sun.jmx.mbeanserver.JmxMBeanServer
1533:             1             40  com.sun.jmx.mbeanserver.MBeanServerDelegateImpl
1534:             1             40  java.lang.reflect.InvocationTargetException
1535:             1             40  java.security.PrivilegedActionException
1536:             1             40  java.text.MessageFormat
1537:             1             40  java.time.format.DateTimeFormatterBuilder
1538:             1             40  java.util.ResourceBundle$1
1539:             1             40  java.util.TreeMap$ValueSpliterator
1540:             1             40  java.util.regex.Pattern$LazyLoop
1541:             1             40  javax.servlet.MultipartConfigElement
1542:             1             40  org.apache.catalina.core.ApplicationSessionCookieConfig
1543:             1             40  org.apache.catalina.realm.MessageDigestCredentialHandler
1544:             1             40  org.apache.catalina.servlets.DefaultServlet$Range
1545:             1             40  org.apache.coyote.AbstractProtocol$RecycledProcessors
1546:             1             40  org.apache.coyote.CompressionConfig
1547:             1             40  org.slf4j.bridge.SLF4JBridgeHandler
1548:             1             40  org.springframework.beans.factory.NoSuchBeanDefinitionException
1549:             1             40  org.springframework.beans.factory.annotation.AutowiredAnnotationBeanPostProcessor$AutowiredMethodElement
1550:             1             40  org.springframework.beans.factory.annotation.InitDestroyAnnotationBeanPostProcessor$1
1551:             1             40  org.springframework.beans.factory.annotation.InitDestroyAnnotationBeanPostProcessor$LifecycleMetadata
1552:             1             40  org.springframework.boot.autoconfigure.web.ErrorProperties
1553:             1             40  org.springframework.boot.autoconfigure.web.ServerProperties$Jetty$Accesslog
1554:             1             40  org.springframework.boot.autoconfigure.web.ServerProperties$Jetty$Threads
1555:             1             40  org.springframework.boot.autoconfigure.web.ServerProperties$Servlet
1556:             1             40  org.springframework.boot.autoconfigure.web.ServerProperties$Tomcat$Remoteip
1557:             1             40  org.springframework.boot.autoconfigure.web.servlet.WebMvcAutoConfiguration$WebMvcAutoConfigurationAdapter
1558:             1             40  org.springframework.boot.context.logging.LoggingApplicationListener
1559:             1             40  org.springframework.boot.context.properties.ConfigurationPropertiesBinder
1560:             1             40  org.springframework.boot.context.properties.bind.Binder
1561:             1             40  org.springframework.boot.web.servlet.server.Session
1562:             1             40  org.springframework.boot.web.servlet.server.Session$Cookie
1563:             1             40  org.springframework.context.annotation.ConfigurationClassBeanDefinitionReader
1564:             1             40  org.springframework.context.event.EventListenerMethodProcessor
1565:             1             40  org.springframework.context.expression.StandardBeanExpressionResolver
1566:             1             40  org.springframework.core.convert.Property
1567:             1             40  org.springframework.expression.spel.support.ReflectivePropertyAccessor
1568:             1             40  org.springframework.http.CacheControl
1569:             1             40  org.springframework.jndi.support.SimpleJndiBeanFactory
1570:             1             40  org.springframework.ui.context.support.ResourceBundleThemeSource
1571:             1             40  org.springframework.util.ConcurrentReferenceHashMap$EntryIterator
1572:             1             40  org.springframework.util.MimeTypeUtils$ConcurrentLruCache
1573:             1             40  org.springframework.web.bind.support.ConfigurableWebBindingInitializer
1574:             1             40  org.springframework.web.cors.CorsConfiguration
1575:             1             40  org.springframework.web.servlet.config.annotation.PathMatchConfigurer
1576:             1             40  org.springframework.web.servlet.config.annotation.ResourceHandlerRegistry
1577:             1             40  org.springframework.web.servlet.handler.AbstractHandlerMethodMapping$MappingRegistry
1578:             1             40  org.springframework.web.servlet.mvc.annotation.ResponseStatusExceptionResolver
1579:             1             40  org.springframework.web.servlet.mvc.support.DefaultHandlerExceptionResolver
1580:             1             40  sun.management.DiagnosticCommandImpl
1581:             1             40  sun.nio.cs.StandardCharsets$Aliases
1582:             1             40  sun.nio.cs.StandardCharsets$Cache
1583:             1             40  sun.nio.cs.StandardCharsets$Classes
1584:             1             40  sun.nio.cs.ext.ExtendedCharsets
1585:             1             40  sun.rmi.server.UnicastServerRef
1586:             1             40  sun.util.logging.resources.logging
1587:             1             40  sun.util.logging.resources.logging_zh_CN
1588:             1             32  [Lch.qos.logback.core.spi.FilterReply;
1589:             1             32  [Lch.qos.logback.core.subst.Tokenizer$TokenizerState;
1590:             1             32  [Lcom.fasterxml.jackson.annotation.JsonCreator$Mode;
1591:             1             32  [Lcom.fasterxml.jackson.core.JsonFactory$Feature;
1592:             1             32  [Lcom.sun.beans.util.Cache$Kind;
1593:             2             32  [Ljava.lang.Enum;
1594:             1             32  [Ljava.lang.OutOfMemoryError;
1595:             1             32  [Ljava.lang.ThreadGroup;
1596:             1             32  [Ljava.lang.management.MemoryManagerMXBean;
1597:             1             32  [Ljava.net.Proxy$Type;
1598:             1             32  [Ljava.time.format.DateTimeFormatterBuilder$SettingsParser;
1599:             1             32  [Ljava.time.format.FormatStyle;
1600:             1             32  [Ljava.time.format.ResolverStyle;
1601:             1             32  [Ljava.time.temporal.IsoFields$Field;
1602:             1             32  [Ljava.util.stream.MatchOps$MatchKind;
1603:             1             32  [Ljava.util.stream.StreamShape;
1604:             2             32  [Lorg.apache.catalina.Session;
1605:             1             32  [Lorg.apache.catalina.authenticator.AuthenticatorBase$AllowCorsPreflight;
1606:             1             32  [Lorg.apache.commons.logging.LogAdapter$LogApi;
1607:             1             32  [Lorg.apache.tomcat.util.buf.EncodedSolidusHandling;
1608:             1             32  [Lorg.apache.tomcat.util.descriptor.web.FilterMap;
1609:             1             32  [Lorg.apache.tomcat.util.http.ConcurrentDateFormat;
1610:             1             32  [Lorg.apache.tomcat.util.http.SameSiteCookies;
1611:             1             32  [Lorg.apache.tomcat.util.net.AbstractEndpoint$BindState;
1612:             1             32  [Lorg.apache.tomcat.util.net.Acceptor$AcceptorState;
1613:             1             32  [Lorg.springframework.beans.factory.config.YamlProcessor$ResolutionMethod;
1614:             1             32  [Lorg.springframework.boot.Banner$Mode;
1615:             1             32  [Lorg.springframework.boot.WebApplicationType;
1616:             1             32  [Lorg.springframework.boot.autoconfigure.web.ErrorProperties$IncludeAttribute;
1617:             1             32  [Lorg.springframework.boot.autoconfigure.web.ErrorProperties$IncludeStacktrace;
1618:             1             32  [Lorg.springframework.boot.context.properties.source.ConfigurationPropertyName$Form;
1619:             1             32  [Lorg.springframework.boot.context.properties.source.ConfigurationPropertyState;
1620:             1             32  [Lorg.springframework.boot.web.servlet.ServletContextInitializer;
1621:             1             32  [Lorg.springframework.cglib.proxy.Callback;
1622:             1             32  [Lorg.springframework.core.annotation.TypeMappedAnnotations$IsPresent;
1623:             1             32  [Lorg.springframework.expression.spel.SpelCompilerMode;
1624:             1             32  [Lorg.springframework.jmx.support.RegistrationPolicy;
1625:             2             32  [Lorg.springframework.web.context.request.async.CallableProcessingInterceptor;
1626:             2             32  [Lorg.springframework.web.context.request.async.DeferredResultProcessingInterceptor;
1627:             1             32  [Lorg.yaml.snakeyaml.DumperOptions$FlowStyle;
1628:             1             32  [Lorg.yaml.snakeyaml.DumperOptions$LineBreak;
1629:             1             32  [Lorg.yaml.snakeyaml.introspector.BeanAccess;
1630:             1             32  [Lsun.misc.ObjectInputFilter$Status;
1631:             1             32  [Lsun.nio.fs.NativeBuffer;
1632:             1             32  ch.qos.logback.classic.jul.LevelChangePropagator
1633:             1             32  ch.qos.logback.classic.pattern.LevelConverter
1634:             1             32  ch.qos.logback.classic.pattern.LineSeparatorConverter
1635:             1             32  ch.qos.logback.classic.pattern.MessageConverter
1636:             1             32  ch.qos.logback.classic.pattern.ThreadConverter
1637:             1             32  ch.qos.logback.classic.spi.LoggerContextVO
1638:             1             32  ch.qos.logback.core.helpers.CyclicBuffer
1639:             1             32  com.fasterxml.jackson.annotation.JsonInclude$Value
1640:             1             32  com.fasterxml.jackson.databind.introspect.VisibilityChecker$Std
1641:             2             32  com.fasterxml.jackson.databind.node.JsonNodeFactory
1642:             1             32  com.fasterxml.jackson.databind.ser.std.CalendarSerializer
1643:             1             32  com.fasterxml.jackson.databind.ser.std.DateSerializer
1644:             1             32  com.fasterxml.jackson.databind.ser.std.NumberSerializers$FloatSerializer
1645:             1             32  com.fasterxml.jackson.databind.ser.std.NumberSerializers$IntLikeSerializer
1646:             1             32  com.fasterxml.jackson.databind.ser.std.NumberSerializers$ShortSerializer
1647:             1             32  com.fasterxml.jackson.databind.type.TypeBindings
1648:             1             32  com.fasterxml.jackson.datatype.jsr310.deser.LocalDateDeserializer
1649:             1             32  com.fasterxml.jackson.datatype.jsr310.deser.LocalDateTimeDeserializer
1650:             1             32  com.fasterxml.jackson.datatype.jsr310.deser.LocalTimeDeserializer
1651:             1             32  com.fasterxml.jackson.datatype.jsr310.deser.MonthDayDeserializer
1652:             1             32  com.fasterxml.jackson.datatype.jsr310.deser.OffsetTimeDeserializer
1653:             1             32  com.fasterxml.jackson.datatype.jsr310.deser.YearDeserializer
1654:             1             32  com.fasterxml.jackson.datatype.jsr310.deser.YearMonthDeserializer
1655:             1             32  com.horkr.jdk.learn.JdkLearnApp$$EnhancerBySpringCGLIB$$4eb9734c
1656:             2             32  com.sun.beans.WeakCache
1657:             2             32  com.sun.jmx.mbeanserver.PerInterface$InitMaps
1658:             1             32  com.sun.jmx.mbeanserver.Repository
1659:             1             32  com.sun.jmx.mbeanserver.Repository$ObjectNamePattern
1660:             2             32  com.sun.proxy.$Proxy13
1661:             2             32  com.sun.proxy.$Proxy31
1662:             2             32  com.sun.proxy.$Proxy40
1663:             2             32  com.sun.proxy.$Proxy47
1664:             1             32  java.beans.PropertyChangeEvent
1665:             2             32  java.io.FilePermission$1
1666:             1             32  java.io.SerializablePermission
1667:             1             32  java.io.WinNTFileSystem
1668:             1             32  java.lang.ArithmeticException
1669:             1             32  java.lang.Exception
1670:             1             32  java.lang.IncompatibleClassChangeError
1671:             1             32  java.lang.NullPointerException
1672:             2             32  java.lang.Shutdown$Lock
1673:             1             32  java.lang.reflect.WeakCache
1674:             2             32  java.nio.ByteOrder
1675:             1             32  java.nio.DirectByteBuffer$Deallocator
1676:             2             32  java.nio.channels.spi.AbstractSelector$1
1677:             2             32  java.security.AllPermission
1678:             1             32  java.text.DontCareFieldPosition
1679:             1             32  java.time.format.DateTimeFormatterBuilder$FractionPrinterParser
1680:             2             32  java.util.AbstractMap$1
1681:             2             32  java.util.Comparator$$Lambda$8/1597462040
1682:             1             32  java.util.concurrent.ConcurrentSkipListMap$HeadIndex
1683:             2             32  java.util.concurrent.CountDownLatch
1684:             1             32  java.util.concurrent.SynchronousQueue
1685:             2             32  java.util.concurrent.ThreadPoolExecutor$AbortPolicy
1686:             1             32  java.util.concurrent.atomic.AtomicReferenceFieldUpdater$AtomicReferenceFieldUpdaterImpl
1687:             2             32  java.util.logging.ErrorManager
1688:             1             32  java.util.logging.LogManager$SystemLoggerContext
1689:             2             32  java.util.stream.AbstractPipeline$$Lambda$65/1943325854
1690:             1             32  java.util.stream.FindOps$FindOp
1691:             1             32  java.util.stream.SortedOps$RefSortingSink
1692:             1             32  java.util.stream.SortedOps$SizedRefSortingSink
1693:             2             32  java.util.stream.StreamSpliterators$WrappingSpliterator$$Lambda$66/1413378318
1694:             2             32  java.util.stream.StreamSpliterators$WrappingSpliterator$$Lambda$67/1667689440
1695:             1             32  javax.management.InstanceNotFoundException
1696:             1             32  javax.management.remote.JMXServiceURL
1697:             1             32  org.apache.catalina.mapper.Mapper
1698:             1             32  org.apache.catalina.mapper.Mapper$MappedHost
1699:             2             32  org.apache.commons.logging.LogFactoryService
1700:             1             32  org.apache.coyote.AbstractProtocol$ConnectionHandler
1701:             1             32  org.apache.tomcat.util.collections.ManagedConcurrentWeakHashMap
1702:             1             32  org.apache.tomcat.util.descriptor.web.ErrorPage
1703:             1             32  org.apache.tomcat.util.descriptor.web.LoginConfig
1704:             1             32  org.apache.tomcat.util.scan.StandardJarScanner
1705:             1             32  org.apache.tomcat.util.threads.LimitLatch
1706:             1             32  org.apache.tomcat.util.threads.LimitLatch$Sync
1707:             1             32  org.apache.tomcat.websocket.server.WsWriteTimeout
1708:             1             32  org.springframework.beans.factory.config.RuntimeBeanReference
1709:             1             32  org.springframework.beans.factory.support.BeanDefinitionDefaults
1710:             2             32  org.springframework.beans.factory.support.NullBean
1711:             1             32  org.springframework.beans.propertyeditors.CustomMapEditor
1712:             1             32  org.springframework.beans.propertyeditors.PatternEditor
1713:             1             32  org.springframework.boot.DefaultApplicationArguments$Source
1714:             1             32  org.springframework.boot.admin.SpringApplicationAdminMXBeanRegistrar
1715:             1             32  org.springframework.boot.autoconfigure.condition.ConditionEvaluationReport
1716:             1             32  org.springframework.boot.autoconfigure.jmx.ParentAwareNamingStrategy
1717:             1             32  org.springframework.boot.autoconfigure.logging.ConditionEvaluationReportLoggingListener
1718:             2             32  org.springframework.boot.autoconfigure.mustache.MustacheTemplateAvailabilityProvider
1719:             1             32  org.springframework.boot.autoconfigure.task.TaskExecutionProperties$Pool
1720:             2             32  org.springframework.boot.autoconfigure.thymeleaf.ThymeleafTemplateAvailabilityProvider
1721:             1             32  org.springframework.boot.autoconfigure.web.ResourceProperties
1722:             1             32  org.springframework.boot.autoconfigure.web.ServerProperties$Jetty
1723:             1             32  org.springframework.boot.autoconfigure.web.ServerProperties$Undertow$Accesslog
1724:             1             32  org.springframework.boot.autoconfigure.web.format.WebConversionService
1725:             2             32  org.springframework.boot.autoconfigure.web.servlet.JspTemplateAvailabilityProvider
1726:             1             32  org.springframework.boot.autoconfigure.web.servlet.MultipartProperties
1727:             1             32  org.springframework.boot.autoconfigure.web.servlet.error.DefaultErrorViewResolver
1728:             1             32  org.springframework.boot.context.config.ConfigFileApplicationListener
1729:             1             32  org.springframework.boot.context.event.ApplicationReadyEvent
1730:             1             32  org.springframework.boot.context.event.ApplicationStartedEvent
1731:             2             32  org.springframework.boot.context.properties.source.SystemEnvironmentPropertyMapper$$Lambda$50/1693847660
1732:             1             32  org.springframework.boot.convert.ApplicationConversionService
1733:             2             32  org.springframework.boot.convert.StringToDataSizeConverter
1734:             2             32  org.springframework.boot.convert.StringToDurationConverter
1735:             2             32  org.springframework.boot.convert.StringToPeriodConverter
1736:             1             32  org.springframework.boot.env.OriginTrackedMapPropertySource
1737:             1             32  org.springframework.boot.logging.logback.LogbackLoggingSystem$1
1738:             1             32  org.springframework.boot.web.embedded.tomcat.TomcatWebServer
1739:             1             32  org.springframework.boot.web.server.Compression
1740:             2             32  org.springframework.boot.web.server.MimeMappings
1741:             1             32  org.springframework.boot.web.servlet.context.ServletWebServerInitializedEvent
1742:             1             32  org.springframework.boot.web.servlet.server.Encoding
1743:             1             32  org.springframework.cglib.core.AbstractClassGenerator$ClassLoaderData
1744:             2             32  org.springframework.cglib.core.AbstractClassGenerator$Source
1745:             1             32  org.springframework.cglib.core.ClassNameReader$EarlyExitException
1746:             1             32  org.springframework.cglib.core.WeakCacheKey
1747:             2             32  org.springframework.cglib.proxy.DispatcherGenerator
1748:             1             32  org.springframework.cglib.proxy.Enhancer$EnhancerFactoryData
1749:             1             32  org.springframework.cglib.proxy.MethodProxy
1750:             1             32  org.springframework.cglib.proxy.MethodProxy$CreateInfo
1751:             1             32  org.springframework.context.annotation.AnnotatedBeanDefinitionReader
1752:             2             32  org.springframework.context.annotation.ConditionEvaluator
1753:             1             32  org.springframework.context.annotation.ConfigurationClassParser$ImportStack
1754:             1             32  org.springframework.context.support.DefaultLifecycleProcessor
1755:             1             32  org.springframework.context.support.DefaultLifecycleProcessor$$Lambda$451/1937693946
1756:             1             32  org.springframework.context.support.DelegatingMessageSource
1757:             1             32  org.springframework.context.support.PropertySourcesPlaceholderConfigurer$1
1758:             1             32  org.springframework.core.annotation.TypeMappedAnnotations$Aggregate
1759:             2             32  org.springframework.core.convert.support.ArrayToCollectionConverter
1760:             2             32  org.springframework.core.convert.support.ArrayToObjectConverter
1761:             2             32  org.springframework.core.convert.support.ArrayToStringConverter
1762:             2             32  org.springframework.core.convert.support.ByteBufferConverter
1763:             2             32  org.springframework.core.convert.support.CharacterToNumberFactory
1764:             2             32  org.springframework.core.convert.support.CollectionToCollectionConverter
1765:             2             32  org.springframework.core.convert.support.CollectionToObjectConverter
1766:             2             32  org.springframework.core.convert.support.EnumToIntegerConverter
1767:             2             32  org.springframework.core.convert.support.EnumToStringConverter
1768:             2             32  org.springframework.core.convert.support.FallbackObjectToStringConverter
1769:             2             32  org.springframework.core.convert.support.GenericConversionService$NoOpConverter
1770:             2             32  org.springframework.core.convert.support.IdToEntityConverter
1771:             2             32  org.springframework.core.convert.support.IntegerToEnumConverterFactory
1772:             2             32  org.springframework.core.convert.support.MapToMapConverter
1773:             2             32  org.springframework.core.convert.support.NumberToCharacterConverter
1774:             2             32  org.springframework.core.convert.support.NumberToNumberConverterFactory
1775:             2             32  org.springframework.core.convert.support.ObjectToArrayConverter
1776:             2             32  org.springframework.core.convert.support.ObjectToCollectionConverter
1777:             2             32  org.springframework.core.convert.support.ObjectToObjectConverter
1778:             2             32  org.springframework.core.convert.support.ObjectToOptionalConverter
1779:             2             32  org.springframework.core.convert.support.PropertiesToStringConverter
1780:             2             32  org.springframework.core.convert.support.StreamConverter
1781:             2             32  org.springframework.core.convert.support.StringToArrayConverter
1782:             2             32  org.springframework.core.convert.support.StringToBooleanConverter
1783:             2             32  org.springframework.core.convert.support.StringToCharacterConverter
1784:             2             32  org.springframework.core.convert.support.StringToCharsetConverter
1785:             2             32  org.springframework.core.convert.support.StringToCollectionConverter
1786:             2             32  org.springframework.core.convert.support.StringToCurrencyConverter
1787:             2             32  org.springframework.core.convert.support.StringToEnumConverterFactory
1788:             2             32  org.springframework.core.convert.support.StringToLocaleConverter
1789:             2             32  org.springframework.core.convert.support.StringToNumberConverterFactory
1790:             2             32  org.springframework.core.convert.support.StringToPropertiesConverter
1791:             2             32  org.springframework.core.convert.support.StringToTimeZoneConverter
1792:             2             32  org.springframework.core.convert.support.StringToUUIDConverter
1793:             2             32  org.springframework.core.convert.support.ZoneIdToTimeZoneConverter
1794:             2             32  org.springframework.core.convert.support.ZonedDateTimeToCalendarConverter
1795:             2             32  org.springframework.core.env.AbstractPropertyResolver$$Lambda$129/1374026904
1796:             1             32  org.springframework.core.env.StandardEnvironment
1797:             1             32  org.springframework.core.task.SimpleAsyncTaskExecutor$ConcurrencyThrottleAdapter
1798:             2             32  org.springframework.expression.spel.standard.SpelExpressionParser
1799:             2             32  org.springframework.format.datetime.DateTimeFormatAnnotationFormatterFactory
1800:             2             32  org.springframework.format.datetime.standard.DateTimeConverters$CalendarToInstantConverter
1801:             2             32  org.springframework.format.datetime.standard.DateTimeConverters$CalendarToLocalDateConverter
1802:             2             32  org.springframework.format.datetime.standard.DateTimeConverters$CalendarToLocalDateTimeConverter
1803:             2             32  org.springframework.format.datetime.standard.DateTimeConverters$CalendarToLocalTimeConverter
1804:             2             32  org.springframework.format.datetime.standard.DateTimeConverters$CalendarToOffsetDateTimeConverter
1805:             2             32  org.springframework.format.datetime.standard.DateTimeConverters$CalendarToZonedDateTimeConverter
1806:             2             32  org.springframework.format.datetime.standard.DateTimeConverters$InstantToLongConverter
1807:             2             32  org.springframework.format.datetime.standard.DateTimeConverters$LocalDateTimeToLocalDateConverter
1808:             2             32  org.springframework.format.datetime.standard.DateTimeConverters$LocalDateTimeToLocalTimeConverter
1809:             2             32  org.springframework.format.datetime.standard.DateTimeConverters$LongToInstantConverter
1810:             2             32  org.springframework.format.datetime.standard.DateTimeConverters$OffsetDateTimeToInstantConverter
1811:             2             32  org.springframework.format.datetime.standard.DateTimeConverters$OffsetDateTimeToLocalDateConverter
1812:             2             32  org.springframework.format.datetime.standard.DateTimeConverters$OffsetDateTimeToLocalDateTimeConverter
1813:             2             32  org.springframework.format.datetime.standard.DateTimeConverters$OffsetDateTimeToLocalTimeConverter
1814:             2             32  org.springframework.format.datetime.standard.DateTimeConverters$OffsetDateTimeToZonedDateTimeConverter
1815:             2             32  org.springframework.format.datetime.standard.DateTimeConverters$ZonedDateTimeToInstantConverter
1816:             2             32  org.springframework.format.datetime.standard.DateTimeConverters$ZonedDateTimeToLocalDateConverter
1817:             2             32  org.springframework.format.datetime.standard.DateTimeConverters$ZonedDateTimeToLocalDateTimeConverter
1818:             2             32  org.springframework.format.datetime.standard.DateTimeConverters$ZonedDateTimeToLocalTimeConverter
1819:             2             32  org.springframework.format.datetime.standard.DateTimeConverters$ZonedDateTimeToOffsetDateTimeConverter
1820:             2             32  org.springframework.format.datetime.standard.DurationFormatter
1821:             2             32  org.springframework.format.datetime.standard.InstantFormatter
1822:             2             32  org.springframework.format.datetime.standard.Jsr310DateTimeFormatAnnotationFormatterFactory
1823:             2             32  org.springframework.format.datetime.standard.MonthDayFormatter
1824:             2             32  org.springframework.format.datetime.standard.MonthFormatter
1825:             2             32  org.springframework.format.datetime.standard.PeriodFormatter
1826:             2             32  org.springframework.format.datetime.standard.YearFormatter
1827:             2             32  org.springframework.format.datetime.standard.YearMonthFormatter
1828:             2             32  org.springframework.format.number.NumberFormatAnnotationFormatterFactory
1829:             2             32  org.springframework.jmx.export.annotation.AnnotationJmxAttributeSource
1830:             1             32  org.springframework.jmx.export.assembler.MetadataMBeanInfoAssembler
1831:             1             32  org.springframework.jmx.export.assembler.SimpleReflectiveMBeanInfoAssembler
1832:             1             32  org.springframework.jmx.export.naming.KeyNamingStrategy
1833:             1             32  org.springframework.jmx.support.MBeanServerFactoryBean
1834:             2             32  org.springframework.web.method.annotation.RequestParamMapMethodArgumentResolver
1835:             1             32  org.springframework.web.servlet.config.annotation.AsyncSupportConfigurer
1836:             2             32  org.springframework.web.servlet.config.annotation.InterceptorRegistry$$Lambda$418/1002041276
1837:             1             32  org.springframework.web.servlet.config.annotation.ViewControllerRegistry
1838:             1             32  org.springframework.web.servlet.config.annotation.ViewResolverRegistry
1839:             2             32  org.springframework.web.servlet.mvc.condition.HeadersRequestCondition
1840:             2             32  org.springframework.web.servlet.mvc.method.annotation.JsonViewResponseBodyAdvice
1841:             2             32  org.springframework.web.servlet.mvc.method.annotation.MatrixVariableMapMethodArgumentResolver
1842:             2             32  org.springframework.web.servlet.mvc.method.annotation.ModelAndViewMethodReturnValueHandler
1843:             2             32  org.springframework.web.servlet.mvc.method.annotation.PathVariableMapMethodArgumentResolver
1844:             1             32  org.springframework.web.servlet.mvc.method.annotation.ReactiveTypeHandler
1845:             2             32  org.springframework.web.servlet.mvc.method.annotation.RedirectAttributesMethodArgumentResolver
1846:             1             32  org.springframework.web.servlet.mvc.method.annotation.RequestPartMethodArgumentResolver
1847:             1             32  org.springframework.web.servlet.mvc.method.annotation.ServletCookieValueMethodArgumentResolver
1848:             2             32  org.springframework.web.servlet.mvc.method.annotation.ViewMethodReturnValueHandler
1849:             2             32  org.springframework.web.servlet.mvc.method.annotation.ViewNameMethodReturnValueHandler
1850:             2             32  org.springframework.web.servlet.resource.ResourceHttpRequestHandler$$Lambda$443/2128961136
1851:             1             32  org.springframework.web.servlet.resource.ResourceUrlProvider
1852:             1             32  org.springframework.web.servlet.view.BeanNameViewResolver
1853:             1             32  sun.instrument.InstrumentationImpl
1854:             1             32  sun.management.jmxremote.LocalRMIServerSocketFactory$1
1855:             2             32  sun.net.www.protocol.file.Handler
1856:             2             32  sun.nio.ch.PipeImpl$Initializer$LoopbackConnector
1857:             2             32  sun.nio.ch.SocketDispatcher
1858:             2             32  sun.nio.ch.Util$3
1859:             1             32  sun.nio.cs.StandardCharsets
1860:             1             32  sun.nio.fs.NativeBuffer
1861:             1             32  sun.nio.fs.WindowsFileSystem
1862:             2             32  sun.reflect.generics.tree.ArrayTypeSignature
1863:             2             32  sun.rmi.server.WeakClassHashMap$ValueCell
1864:             1             32  sun.rmi.transport.DGCImpl$LeaseInfo
1865:             1             32  sun.rmi.transport.proxy.RMIMasterSocketFactory
1866:             1             32  sun.rmi.transport.tcp.TCPTransport$AcceptLoop
1867:             1             32  sun.security.provider.PolicyFile
1868:             1             32  sun.security.provider.PolicyFile$PolicyInfo
1869:             1             24  [Lch.qos.logback.core.joran.spi.ConsoleTarget;
1870:             1             24  [Lch.qos.logback.core.subst.Node$Type;
1871:             1             24  [Ljava.io.File$PathStatus;
1872:             1             24  [Ljava.lang.ClassValue$Entry;
1873:             1             24  [Ljava.net.InetAddress$Cache$Type;
1874:             1             24  [Ljava.net.StandardProtocolFamily;
1875:             1             24  [Ljava.time.temporal.IsoFields$Unit;
1876:             1             24  [Ljava.util.Locale$Category;
1877:             1             24  [Ljavax.management.openmbean.OpenMBeanParameterInfo;
1878:             1             24  [Lorg.apache.catalina.Service;
1879:             1             24  [Lorg.apache.catalina.mapper.Mapper$ContextVersion;
1880:             1             24  [Lorg.apache.catalina.mapper.Mapper$MappedContext;
1881:             1             24  [Lorg.apache.catalina.mapper.Mapper$MappedHost;
1882:             1             24  [Lorg.springframework.beans.factory.config.DependencyDescriptor;
1883:             1             24  [Lorg.springframework.boot.autoconfigure.condition.ConditionMessage$Style;
1884:             1             24  [Lorg.springframework.boot.autoconfigure.condition.FilteringSpringBootCondition$ClassNameFilter;
1885:             1             24  [Lorg.springframework.boot.autoconfigure.web.ServerProperties$Jetty$Accesslog$FORMAT;
1886:             1             24  [Lorg.springframework.boot.autoconfigure.web.servlet.WebMvcProperties$LocaleResolver;
1887:             1             24  [Lorg.springframework.boot.availability.LivenessState;
1888:             1             24  [Lorg.springframework.boot.availability.ReadinessState;
1889:             1             24  [Lorg.springframework.boot.context.ConfigurationWarningsApplicationContextInitializer$Check;
1890:             1             24  [Lorg.springframework.boot.context.properties.ConfigurationPropertiesBean$BindMethod;
1891:             1             24  [Lorg.springframework.boot.context.properties.bind.DataObjectBinder;
1892:             1             24  [Lorg.springframework.boot.web.server.Shutdown;
1893:             1             24  [Lorg.springframework.boot.web.servlet.server.Encoding$Type;
1894:             1             24  [Lorg.springframework.context.annotation.ConfigurationCondition$ConfigurationPhase;
1895:             1             24  [Lorg.springframework.core.ResolvableType$WildcardBounds$Kind;
1896:             1             24  [Lorg.springframework.core.annotation.IntrospectionFailureLogger;
1897:             1             24  [Lorg.springframework.util.ConcurrentReferenceHashMap$ReferenceType;
1898:             1             24  [Lorg.springframework.util.ConcurrentReferenceHashMap$Restructure;
1899:             1             24  [Lorg.yaml.snakeyaml.DumperOptions$NonPrintableStyle;
1900:             1             24  [Lsun.launcher.LauncherHelper;
1901:             1             24  [Lsun.misc.JavaSecurityProtectionDomainAccess$ProtectionDomainCache;
1902:             1             24  ch.qos.logback.classic.BasicConfigurator
1903:             1             24  ch.qos.logback.classic.spi.TurboFilterList
1904:             1             24  ch.qos.logback.classic.util.ContextSelectorStaticBinder
1905:             1             24  ch.qos.logback.classic.util.LogbackMDCAdapter
1906:             1             24  com.fasterxml.jackson.annotation.JsonFormat$Features
1907:             1             24  com.fasterxml.jackson.annotation.JsonSetter$Value
1908:             1             24  com.fasterxml.jackson.core.util.Separators
1909:             1             24  com.fasterxml.jackson.databind.cfg.ContextAttributes$Impl
1910:             1             24  com.fasterxml.jackson.databind.introspect.AnnotatedClass$Creators
1911:             1             24  com.fasterxml.jackson.databind.introspect.JacksonAnnotationIntrospector
1912:             1             24  com.fasterxml.jackson.databind.ser.impl.FailingSerializer
1913:             1             24  com.fasterxml.jackson.datatype.jsr310.deser.DurationDeserializer
1914:             1             24  com.fasterxml.jackson.module.paramnames.ParameterNamesAnnotationIntrospector
1915:             1             24  com.sun.beans.util.Cache$Kind$1
1916:             1             24  com.sun.beans.util.Cache$Kind$2
1917:             1             24  com.sun.beans.util.Cache$Kind$3
1918:             1             24  com.sun.jmx.mbeanserver.ClassLoaderRepositorySupport
1919:             1             24  com.sun.jmx.mbeanserver.MXBeanLookup
1920:             1             24  com.sun.jmx.mbeanserver.StandardMBeanSupport
1921:             1             24  java.io.InputStreamReader
1922:             1             24  java.lang.Class$4
1923:             1             24  java.lang.ClassValue$Version
1924:             1             24  java.lang.Double
1925:             1             24  java.lang.invoke.MethodHandleImpl$4
1926:             1             24  java.lang.invoke.MethodType$ConcurrentWeakInternSet
1927:             1             24  java.net.Inet6AddressImpl
1928:             1             24  java.net.Proxy
1929:             1             24  java.security.Policy$PolicyInfo
1930:             1             24  java.security.Policy$UnsupportedEmptyCollection
1931:             1             24  java.security.ProtectionDomain$2$1
1932:             1             24  java.time.format.DecimalStyle
1933:             1             24  java.time.temporal.IsoFields$Field$1
1934:             1             24  java.time.temporal.IsoFields$Field$2
1935:             1             24  java.time.temporal.IsoFields$Field$3
1936:             1             24  java.time.temporal.IsoFields$Field$4
1937:             1             24  java.util.AbstractMap$1$1
1938:             1             24  java.util.Collections$EmptyMap
1939:             1             24  java.util.Collections$SynchronizedRandomAccessList
1940:             1             24  java.util.Locale$Cache
1941:             1             24  java.util.PropertyPermissionCollection
1942:             1             24  java.util.ResourceBundle$Control$CandidateListCache
1943:             1             24  java.util.concurrent.ConcurrentLinkedDeque
1944:             1             24  java.util.concurrent.ConcurrentSkipListMap$Node
1945:             1             24  java.util.concurrent.TimeUnit$1
1946:             1             24  java.util.concurrent.TimeUnit$2
1947:             1             24  java.util.concurrent.TimeUnit$3
1948:             1             24  java.util.concurrent.TimeUnit$4
1949:             1             24  java.util.concurrent.TimeUnit$5
1950:             1             24  java.util.concurrent.TimeUnit$6
1951:             1             24  java.util.concurrent.TimeUnit$7
1952:             1             24  java.util.logging.LogManager$LoggerContext
1953:             1             24  java.util.logging.LoggingPermission
1954:             1             24  java.util.stream.Collectors$$Lambda$460/1132379993
1955:             1             24  java.util.stream.FindOps$FindSink$OfRef
1956:             1             24  java.util.stream.ForEachOps$ForEachOp$OfRef
1957:             1             24  java.util.stream.ReduceOps$2
1958:             1             24  java.util.stream.ReduceOps$2ReducingSink
1959:             1             24  java.util.stream.ReferencePipeline$7$1
1960:             1             24  javax.management.ObjectName$PatternProperty
1961:             1             24  javax.management.remote.rmi.RMIJRMPServerImpl$ExportedWrapper
1962:             1             24  javax.websocket.CloseReason
1963:             1             24  org.apache.catalina.ContainerEvent
1964:             1             24  org.apache.catalina.core.ApplicationContextFacade
1965:             1             24  org.apache.catalina.core.StandardContext$ContextFilterMaps
1966:             1             24  org.apache.catalina.mapper.Mapper$ContextList
1967:             1             24  org.apache.catalina.mapper.Mapper$MappedContext
1968:             1             24  org.apache.catalina.mapper.Mapper$MappedWrapper
1969:             1             24  org.apache.catalina.startup.CatalinaBaseConfigurationSource
1970:             1             24  org.apache.catalina.webresources.TomcatURLStreamHandlerFactory
1971:             1             24  org.apache.naming.StringManager
1972:             1             24  org.apache.tomcat.util.buf.CharsetCache$DummyCharset
1973:             1             24  org.apache.tomcat.util.file.ConfigurationSource$1
1974:             1             24  org.apache.tomcat.util.net.Acceptor
1975:             1             24  org.apache.tomcat.util.net.NioBlockingSelector
1976:             1             24  org.apache.tomcat.websocket.WsExtension
1977:             1             24  org.apache.tomcat.websocket.server.WsFilter
1978:             1             24  org.slf4j.helpers.SubstituteLoggerFactory
1979:             1             24  org.slf4j.impl.StaticLoggerBinder
1980:             1             24  org.springframework.beans.AbstractNestablePropertyAccessor$PropertyTokenHolder
1981:             1             24  org.springframework.beans.factory.annotation.InitDestroyAnnotationBeanPostProcessor$LifecycleElement
1982:             1             24  org.springframework.beans.factory.annotation.InjectionMetadata
1983:             1             24  org.springframework.beans.factory.annotation.InjectionMetadata$1
1984:             1             24  org.springframework.beans.factory.config.NamedBeanHolder
1985:             1             24  org.springframework.beans.factory.support.DefaultListableBeanFactory$FactoryAwareOrderSourceProvider
1986:             1             24  org.springframework.beans.propertyeditors.ByteArrayPropertyEditor
1987:             1             24  org.springframework.beans.propertyeditors.CharArrayPropertyEditor
1988:             1             24  org.springframework.beans.propertyeditors.CharsetEditor
1989:             1             24  org.springframework.beans.propertyeditors.CurrencyEditor
1990:             1             24  org.springframework.beans.propertyeditors.LocaleEditor
1991:             1             24  org.springframework.beans.propertyeditors.PropertiesEditor
1992:             1             24  org.springframework.beans.propertyeditors.TimeZoneEditor
1993:             1             24  org.springframework.beans.propertyeditors.UUIDEditor
1994:             1             24  org.springframework.beans.propertyeditors.ZoneIdEditor
1995:             1             24  org.springframework.beans.support.ResourceEditorRegistrar
1996:             1             24  org.springframework.boot.DefaultApplicationArguments
1997:             1             24  org.springframework.boot.SpringApplicationBannerPrinter$PrintedBanner
1998:             1             24  org.springframework.boot.SpringApplicationRunListeners
1999:             1             24  org.springframework.boot.autoconfigure.AutoConfigurationImportSelector$AutoConfigurationEntry
2000:             1             24  org.springframework.boot.autoconfigure.AutoConfigurationPackages$BasePackages
2001:             1             24  org.springframework.boot.autoconfigure.condition.ConditionMessage$Builder
2002:             1             24  org.springframework.boot.autoconfigure.condition.ConditionMessage$Style$1
2003:             1             24  org.springframework.boot.autoconfigure.condition.ConditionMessage$Style$2
2004:             1             24  org.springframework.boot.autoconfigure.condition.FilteringSpringBootCondition$ClassNameFilter$1
2005:             1             24  org.springframework.boot.autoconfigure.condition.FilteringSpringBootCondition$ClassNameFilter$2
2006:             1             24  org.springframework.boot.autoconfigure.diagnostics.analyzer.NoSuchBeanDefinitionFailureAnalyzer
2007:             1             24  org.springframework.boot.autoconfigure.http.HttpMessageConvertersAutoConfiguration$NotReactiveWebApplicationCondition
2008:             1             24  org.springframework.boot.autoconfigure.info.ProjectInfoProperties
2009:             1             24  org.springframework.boot.autoconfigure.info.ProjectInfoProperties$Build
2010:             1             24  org.springframework.boot.autoconfigure.info.ProjectInfoProperties$Git
2011:             1             24  org.springframework.boot.autoconfigure.jackson.JacksonAutoConfiguration$Jackson2ObjectMapperBuilderCustomizerConfiguration$StandardJackson2ObjectMapperBuilderCustomizer
2012:             1             24  org.springframework.boot.autoconfigure.task.TaskExecutionProperties
2013:             1             24  org.springframework.boot.autoconfigure.task.TaskExecutionProperties$Shutdown
2014:             1             24  org.springframework.boot.autoconfigure.task.TaskSchedulingProperties
2015:             1             24  org.springframework.boot.autoconfigure.task.TaskSchedulingProperties$Shutdown
2016:             1             24  org.springframework.boot.autoconfigure.web.ResourceProperties$Cache
2017:             1             24  org.springframework.boot.autoconfigure.web.ResourceProperties$Chain
2018:             1             24  org.springframework.boot.autoconfigure.web.ResourceProperties$Content
2019:             1             24  org.springframework.boot.autoconfigure.web.ResourceProperties$Fixed
2020:             1             24  org.springframework.boot.autoconfigure.web.ResourceProperties$Strategy
2021:             1             24  org.springframework.boot.autoconfigure.web.ServerProperties$Tomcat$Resource
2022:             1             24  org.springframework.boot.autoconfigure.web.ServerProperties$Tomcat$Threads
2023:             1             24  org.springframework.boot.autoconfigure.web.ServerProperties$Undertow$Options
2024:             1             24  org.springframework.boot.autoconfigure.web.ServerProperties$Undertow$Threads
2025:             1             24  org.springframework.boot.autoconfigure.web.client.RestTemplateAutoConfiguration$NotReactiveWebApplicationCondition
2026:             1             24  org.springframework.boot.autoconfigure.web.embedded.TomcatWebServerFactoryCustomizer
2027:             1             24  org.springframework.boot.autoconfigure.web.embedded.TomcatWebServerFactoryCustomizer$$Lambda$378/1988939205
2028:             1             24  org.springframework.boot.autoconfigure.web.servlet.WebMvcProperties$Contentnegotiation
2029:             1             24  org.springframework.boot.autoconfigure.web.servlet.WebMvcProperties$Format
2030:             1             24  org.springframework.boot.autoconfigure.web.servlet.WebMvcProperties$Servlet
2031:             1             24  org.springframework.boot.autoconfigure.web.servlet.WebMvcProperties$View
2032:             1             24  org.springframework.boot.autoconfigure.web.servlet.error.BasicErrorController
2033:             1             24  org.springframework.boot.autoconfigure.web.servlet.error.ErrorMvcAutoConfiguration$DefaultErrorViewResolverConfiguration
2034:             1             24  org.springframework.boot.autoconfigure.web.servlet.error.ErrorMvcAutoConfiguration$ErrorPageCustomizer
2035:             1             24  org.springframework.boot.builder.ParentContextCloserApplicationListener
2036:             1             24  org.springframework.boot.cloud.CloudPlatform$1
2037:             1             24  org.springframework.boot.cloud.CloudPlatform$2
2038:             1             24  org.springframework.boot.cloud.CloudPlatform$3
2039:             1             24  org.springframework.boot.cloud.CloudPlatform$4
2040:             1             24  org.springframework.boot.cloud.CloudPlatform$5
2041:             1             24  org.springframework.boot.context.ContextIdApplicationContextInitializer$ContextId
2042:             1             24  org.springframework.boot.context.config.DelegatingApplicationListener
2043:             1             24  org.springframework.boot.context.event.EventPublishingRunListener
2044:             1             24  org.springframework.boot.context.properties.ConfigurationPropertiesBindingPostProcessor
2045:             1             24  org.springframework.boot.context.properties.bind.PropertySourcesPlaceholdersResolver
2046:             1             24  org.springframework.boot.context.properties.source.ConfigurationProperty
2047:             1             24  org.springframework.boot.context.properties.source.ConfigurationPropertySourcesPropertySource
2048:             1             24  org.springframework.boot.context.properties.source.DefaultPropertyMapper
2049:             1             24  org.springframework.boot.diagnostics.FailureAnalyzers
2050:             1             24  org.springframework.boot.env.RandomValuePropertySource
2051:             1             24  org.springframework.boot.env.SystemEnvironmentPropertySourceEnvironmentPostProcessor$OriginAwareSystemEnvironmentPropertySource
2052:             1             24  org.springframework.boot.logging.AbstractLoggingSystem$LogLevels
2053:             1             24  org.springframework.boot.origin.OriginTrackedValue
2054:             1             24  org.springframework.boot.origin.TextResourceOrigin
2055:             1             24  org.springframework.boot.origin.TextResourceOrigin$Location
2056:             1             24  org.springframework.boot.type.classreading.ConcurrentReferenceCachingMetadataReaderFactory
2057:             1             24  org.springframework.boot.web.embedded.tomcat.TomcatServletWebServerFactory$StaticResourceConfigurer
2058:             1             24  org.springframework.boot.web.embedded.tomcat.TomcatStarter
2059:             1             24  org.springframework.boot.web.embedded.tomcat.TomcatWebServer$$Lambda$379/371976476
2060:             1             24  org.springframework.boot.web.server.ErrorPage
2061:             1             24  org.springframework.boot.web.server.ErrorPageRegistrarBeanPostProcessor
2062:             1             24  org.springframework.boot.web.server.WebServerFactoryCustomizerBeanPostProcessor
2063:             1             24  org.springframework.boot.web.servlet.context.WebApplicationContextServletContextAwareProcessor
2064:             1             24  org.springframework.boot.web.servlet.context.WebServerGracefulShutdownLifecycle
2065:             1             24  org.springframework.boot.web.servlet.context.WebServerStartStopLifecycle
2066:             1             24  org.springframework.boot.web.servlet.server.DocumentRoot
2067:             1             24  org.springframework.boot.web.servlet.server.Jsp
2068:             1             24  org.springframework.cglib.core.EmitUtils$ArrayDelimiters
2069:             1             24  org.springframework.cglib.core.MethodWrapper$MethodWrapperKey$$KeyFactoryByCGLIB$$552be97a
2070:             1             24  org.springframework.cglib.core.internal.CustomizerRegistry
2071:             1             24  org.springframework.cglib.core.internal.LoadingCache
2072:             1             24  org.springframework.context.annotation.ConfigurationClassEnhancer$ConditionalCallbackFilter
2073:             1             24  org.springframework.context.annotation.ContextAnnotationAutowireCandidateResolver
2074:             1             24  org.springframework.context.annotation.MBeanExportConfiguration$SpecificPlatform$1
2075:             1             24  org.springframework.context.annotation.MBeanExportConfiguration$SpecificPlatform$2
2076:             1             24  org.springframework.context.event.ContextRefreshedEvent
2077:             1             24  org.springframework.context.event.EventExpressionEvaluator
2078:             1             24  org.springframework.context.support.ApplicationContextAwareProcessor
2079:             1             24  org.springframework.context.support.PostProcessorRegistrationDelegate$BeanPostProcessorChecker
2080:             1             24  org.springframework.context.support.PropertySourcesPlaceholderConfigurer$$Lambda$238/264394929
2081:             1             24  org.springframework.core.Constants$$Lambda$446/1658785779
2082:             1             24  org.springframework.core.ReactiveAdapterRegistry
2083:             1             24  org.springframework.core.annotation.IntrospectionFailureLogger$1
2084:             1             24  org.springframework.core.annotation.IntrospectionFailureLogger$2
2085:             1             24  org.springframework.core.env.CommandLineArgs
2086:             1             24  org.springframework.core.env.MapPropertySource
2087:             1             24  org.springframework.core.io.support.PathMatchingResourcePatternResolver
2088:             1             24  org.springframework.expression.spel.support.StandardTypeLocator
2089:             1             24  org.springframework.jmx.export.naming.MetadataNamingStrategy
2090:             1             24  org.springframework.jndi.JndiTemplate
2091:             1             24  org.springframework.objenesis.SpringObjenesis
2092:             1             24  org.springframework.util.StopWatch$TaskInfo
2093:             1             24  org.springframework.web.accept.MappingMediaTypeFileExtensionResolver
2094:             1             24  org.springframework.web.context.support.ServletContextPropertySource
2095:             1             24  org.springframework.web.context.support.ServletContextResourcePatternResolver
2096:             1             24  org.springframework.web.context.support.ServletContextScope
2097:             1             24  org.springframework.web.method.annotation.RequestHeaderMethodArgumentResolver
2098:             1             24  org.springframework.web.method.support.CompositeUriComponentsContributor
2099:             1             24  org.springframework.web.servlet.config.annotation.DefaultServletHandlerConfigurer
2100:             1             24  org.springframework.web.servlet.handler.AbstractHandlerMethodMapping$$Lambda$419/1255109302
2101:             1             24  org.springframework.web.servlet.handler.AbstractHandlerMethodMapping$$Lambda$422/980533504
2102:             1             24  org.springframework.web.servlet.handler.HandlerExceptionResolverComposite
2103:             1             24  org.springframework.web.servlet.mvc.method.annotation.ResponseBodyEmitterReturnValueHandler
2104:             1             24  org.springframework.web.servlet.view.ViewResolverComposite
2105:             1             24  org.yaml.snakeyaml.external.com.google.gdata.util.common.base.PercentEscaper
2106:             1             24  sun.instrument.TransformerManager
2107:             1             24  sun.launcher.LauncherHelper
2108:             1             24  sun.management.CompilationImpl
2109:             1             24  sun.management.MemoryImpl
2110:             1             24  sun.management.OperatingSystemImpl
2111:             1             24  sun.management.RuntimeImpl
2112:             1             24  sun.management.ThreadImpl
2113:             1             24  sun.management.VMManagementImpl
2114:             1             24  sun.misc.FileURLMapper
2115:             1             24  sun.misc.JarIndex
2116:             1             24  sun.net.ProgressMonitor
2117:             1             24  sun.nio.ch.Util$BufferCache
2118:             1             24  sun.nio.cs.ISO_8859_1
2119:             1             24  sun.nio.cs.ThreadLocalCoders$1
2120:             1             24  sun.nio.cs.ThreadLocalCoders$2
2121:             1             24  sun.nio.cs.US_ASCII
2122:             1             24  sun.nio.cs.UTF_16
2123:             1             24  sun.nio.cs.UTF_16BE
2124:             1             24  sun.nio.cs.UTF_16LE
2125:             1             24  sun.nio.cs.UTF_8
2126:             1             24  sun.nio.cs.ext.GBK
2127:             1             24  sun.nio.fs.NativeBuffer$Deallocator
2128:             1             24  sun.nio.fs.WindowsSecurityDescriptor
2129:             1             24  sun.reflect.annotation.AnnotationType$1
2130:             1             24  sun.rmi.runtime.RuntimeUtil$1
2131:             1             24  sun.rmi.transport.DGCImpl
2132:             1             24  sun.security.util.DisabledAlgorithmConstraints
2133:             1             24  sun.util.locale.BaseLocale$Cache
2134:             1             24  sun.util.locale.provider.CalendarDataProviderImpl
2135:             1             24  sun.util.locale.provider.CalendarProviderImpl
2136:             1             24  sun.util.locale.provider.CurrencyNameProviderImpl
2137:             1             24  sun.util.locale.provider.DateFormatSymbolsProviderImpl
2138:             1             24  sun.util.locale.provider.DecimalFormatSymbolsProviderImpl
2139:             1             24  sun.util.locale.provider.NumberFormatProviderImpl
2140:             1             24  sun.util.locale.provider.TimeZoneNameProviderImpl
2141:             1             24  sun.util.logging.PlatformLogger
2142:             1             24  sun.util.logging.PlatformLogger$JavaLoggerProxy
2143:             1             16  [Lch.qos.logback.core.filter.Filter;
2144:             1             16  [Lcom.fasterxml.jackson.databind.AbstractTypeResolver;
2145:             1             16  [Lcom.fasterxml.jackson.databind.deser.BeanDeserializerModifier;
2146:             1             16  [Lcom.fasterxml.jackson.databind.ser.BeanSerializerModifier;
2147:             1             16  [Lcom.fasterxml.jackson.databind.util.ClassUtil$Ctor;
2148:             1             16  [Ljava.beans.EventSetDescriptor;
2149:             1             16  [Ljava.lang.Throwable;
2150:             1             16  [Ljava.net.URL;
2151:             1             16  [Ljava.nio.file.attribute.FileAttribute;
2152:             1             16  [Ljava.security.Provider;
2153:             1             16  [Ljava.security.cert.Certificate;
2154:             1             16  [Ljava.text.FieldPosition;
2155:             1             16  [Ljava.util.logging.Handler;
2156:             1             16  [Lorg.apache.catalina.core.DefaultInstanceManager$AnnotationCacheEntry;
2157:             1             16  [Lorg.apache.catalina.servlets.DefaultServlet$CompressionFormat;
2158:             1             16  [Lorg.apache.tomcat.util.descriptor.web.ApplicationParameter;
2159:             1             16  [Lorg.apache.tomcat.util.descriptor.web.SecurityConstraint;
2160:             1             16  [Lorg.apache.tomcat.util.modeler.NotificationInfo;
2161:             1             16  [Lsun.instrument.TransformerManager$TransformerInfo;
2162:             1             16  ch.qos.logback.classic.pattern.EnsureExceptionHandling
2163:             1             16  ch.qos.logback.classic.pattern.TargetLengthBasedClassNameAbbreviator
2164:             1             16  ch.qos.logback.classic.selector.DefaultContextSelector
2165:             1             16  ch.qos.logback.core.LifeCycleManager
2166:             1             16  ch.qos.logback.core.joran.spi.ConsoleTarget$1
2167:             1             16  ch.qos.logback.core.joran.spi.ConsoleTarget$2
2168:             1             16  ch.qos.logback.core.spi.AppenderAttachableImpl
2169:             1             16  ch.qos.logback.core.spi.FilterAttachableImpl
2170:             1             16  cn.hutool.extra.spring.SpringUtil
2171:             1             16  com.fasterxml.jackson.core.io.JsonStringEncoder
2172:             1             16  com.fasterxml.jackson.core.util.DefaultPrettyPrinter$FixedSpaceIndenter
2173:             1             16  com.fasterxml.jackson.core.util.DefaultPrettyPrinter$NopIndenter
2174:             1             16  com.fasterxml.jackson.databind.deser.std.StdKeyDeserializers
2175:             1             16  com.fasterxml.jackson.databind.ext.Java7SupportImpl
2176:             1             16  com.fasterxml.jackson.databind.introspect.AnnotationCollector$NoAnnotations
2177:             1             16  com.fasterxml.jackson.databind.introspect.NopAnnotationIntrospector$1
2178:             1             16  com.fasterxml.jackson.databind.jsontype.impl.LaissezFaireSubTypeValidator
2179:             1             16  com.fasterxml.jackson.databind.ser.impl.UnknownSerializer
2180:             1             16  com.fasterxml.jackson.databind.ser.std.NullSerializer
2181:             1             16  com.fasterxml.jackson.databind.ser.std.StringSerializer
2182:             1             16  com.fasterxml.jackson.databind.ser.std.UUIDSerializer
2183:             1             16  com.fasterxml.jackson.datatype.jsr310.deser.InstantDeserializer$$Lambda$84/416059033
2184:             1             16  com.fasterxml.jackson.datatype.jsr310.deser.InstantDeserializer$$Lambda$85/1179129240
2185:             1             16  com.fasterxml.jackson.datatype.jsr310.deser.InstantDeserializer$$Lambda$86/228445817
2186:             1             16  com.fasterxml.jackson.datatype.jsr310.deser.InstantDeserializer$$Lambda$87/1511588193
2187:             1             16  com.fasterxml.jackson.datatype.jsr310.deser.InstantDeserializer$$Lambda$88/966058589
2188:             1             16  com.fasterxml.jackson.datatype.jsr310.deser.InstantDeserializer$$Lambda$89/1492655301
2189:             1             16  com.fasterxml.jackson.datatype.jsr310.deser.InstantDeserializer$$Lambda$90/1934172853
2190:             1             16  com.fasterxml.jackson.datatype.jsr310.deser.InstantDeserializer$$Lambda$91/1640576948
2191:             1             16  com.fasterxml.jackson.datatype.jsr310.deser.InstantDeserializer$$Lambda$92/2144446426
2192:             1             16  com.fasterxml.jackson.datatype.jsr310.deser.InstantDeserializer$$Lambda$94/1742176977
2193:             1             16  com.fasterxml.jackson.datatype.jsr310.deser.InstantDeserializer$$Lambda$95/1571903508
2194:             1             16  com.fasterxml.jackson.datatype.jsr310.deser.InstantDeserializer$$Lambda$96/1970122881
2195:             1             16  com.fasterxml.jackson.datatype.jsr310.deser.key.DurationKeyDeserializer
2196:             1             16  com.fasterxml.jackson.datatype.jsr310.deser.key.InstantKeyDeserializer
2197:             1             16  com.fasterxml.jackson.datatype.jsr310.deser.key.LocalDateKeyDeserializer
2198:             1             16  com.fasterxml.jackson.datatype.jsr310.deser.key.LocalDateTimeKeyDeserializer
2199:             1             16  com.fasterxml.jackson.datatype.jsr310.deser.key.LocalTimeKeyDeserializer
2200:             1             16  com.fasterxml.jackson.datatype.jsr310.deser.key.MonthDayKeyDeserializer
2201:             1             16  com.fasterxml.jackson.datatype.jsr310.deser.key.OffsetDateTimeKeyDeserializer
2202:             1             16  com.fasterxml.jackson.datatype.jsr310.deser.key.OffsetTimeKeyDeserializer
2203:             1             16  com.fasterxml.jackson.datatype.jsr310.deser.key.PeriodKeyDeserializer
2204:             1             16  com.fasterxml.jackson.datatype.jsr310.deser.key.YearKeyDeserializer
2205:             1             16  com.fasterxml.jackson.datatype.jsr310.deser.key.YearMonthKeyDeserializer
2206:             1             16  com.fasterxml.jackson.datatype.jsr310.deser.key.ZoneIdKeyDeserializer
2207:             1             16  com.fasterxml.jackson.datatype.jsr310.deser.key.ZoneOffsetKeyDeserializer
2208:             1             16  com.fasterxml.jackson.datatype.jsr310.deser.key.ZonedDateTimeKeyDeserializer
2209:             1             16  com.fasterxml.jackson.datatype.jsr310.ser.InstantSerializer$$Lambda$104/1412266744
2210:             1             16  com.fasterxml.jackson.datatype.jsr310.ser.InstantSerializer$$Lambda$105/1509283180
2211:             1             16  com.fasterxml.jackson.datatype.jsr310.ser.InstantSerializer$$Lambda$106/1917005794
2212:             1             16  com.fasterxml.jackson.datatype.jsr310.ser.OffsetDateTimeSerializer$$Lambda$107/930276829
2213:             1             16  com.fasterxml.jackson.datatype.jsr310.ser.OffsetDateTimeSerializer$$Lambda$108/1281616951
2214:             1             16  com.fasterxml.jackson.datatype.jsr310.ser.OffsetDateTimeSerializer$$Lambda$109/95052508
2215:             1             16  com.fasterxml.jackson.datatype.jsr310.ser.ZonedDateTimeSerializer$$Lambda$110/1145338678
2216:             1             16  com.fasterxml.jackson.datatype.jsr310.ser.ZonedDateTimeSerializer$$Lambda$111/694033994
2217:             1             16  com.fasterxml.jackson.datatype.jsr310.ser.ZonedDateTimeSerializer$$Lambda$112/851052566
2218:             1             16  com.fasterxml.jackson.datatype.jsr310.ser.key.ZonedDateTimeKeySerializer
2219:             1             16  com.fasterxml.jackson.module.paramnames.ParameterExtractor
2220:             1             16  com.sun.jmx.interceptor.DefaultMBeanServerInterceptor$ResourceContext$1
2221:             1             16  com.sun.jmx.mbeanserver.DefaultMXBeanMappingFactory
2222:             1             16  com.sun.jmx.mbeanserver.DescriptorCache
2223:             1             16  com.sun.jmx.mbeanserver.MBeanAnalyzer$MethodOrder
2224:             1             16  com.sun.jmx.mbeanserver.MBeanInstantiator
2225:             1             16  com.sun.jmx.mbeanserver.MXBeanIntrospector
2226:             1             16  com.sun.jmx.mbeanserver.SecureClassLoaderRepository
2227:             1             16  com.sun.jmx.mbeanserver.StandardMBeanIntrospector
2228:             1             16  com.sun.jmx.remote.protocol.iiop.IIOPProxyImpl
2229:             1             16  com.sun.naming.internal.VersionHelper12
2230:             1             16  com.sun.org.apache.xalan.internal.utils.SecuritySupport
2231:             1             16  com.sun.proxy.$Proxy11
2232:             1             16  com.sun.proxy.$Proxy12
2233:             1             16  com.sun.proxy.$Proxy14
2234:             1             16  com.sun.proxy.$Proxy16
2235:             1             16  com.sun.proxy.$Proxy18
2236:             1             16  com.sun.proxy.$Proxy2
2237:             1             16  com.sun.proxy.$Proxy33
2238:             1             16  com.sun.proxy.$Proxy34
2239:             1             16  com.sun.proxy.$Proxy44
2240:             1             16  com.sun.proxy.$Proxy45
2241:             1             16  com.sun.proxy.$Proxy46
2242:             1             16  com.sun.proxy.$Proxy50
2243:             1             16  com.sun.proxy.$Proxy51
2244:             1             16  com.sun.proxy.$Proxy53
2245:             1             16  com.sun.proxy.$Proxy7
2246:             1             16  com.sun.proxy.$Proxy9
2247:             1             16  java.io.DeleteOnExitHook$1
2248:             1             16  java.io.FileDescriptor$1
2249:             1             16  java.io.FileInputStream$1
2250:             1             16  java.io.ObjectInputStream$$Lambda$235/2059099651
2251:             1             16  java.io.ObjectInputStream$1
2252:             1             16  java.lang.ApplicationShutdownHooks$1
2253:             1             16  java.lang.CharacterDataLatin1
2254:             1             16  java.lang.ClassLoader$3
2255:             1             16  java.lang.ClassValue$Identity
2256:             1             16  java.lang.Float
2257:             1             16  java.lang.InheritableThreadLocal
2258:             1             16  java.lang.ProcessEnvironment$CheckedKeySet
2259:             1             16  java.lang.ProcessEnvironment$EntryComparator
2260:             1             16  java.lang.ProcessEnvironment$NameComparator
2261:             1             16  java.lang.Runtime
2262:             1             16  java.lang.String$CaseInsensitiveComparator
2263:             1             16  java.lang.System$2
2264:             1             16  java.lang.Terminator$1
2265:             1             16  java.lang.invoke.MemberName$Factory
2266:             1             16  java.lang.invoke.MethodHandleImpl$2
2267:             1             16  java.lang.invoke.MethodHandleImpl$3
2268:             1             16  java.lang.management.PlatformComponent$1
2269:             1             16  java.lang.management.PlatformComponent$10
2270:             1             16  java.lang.management.PlatformComponent$11
2271:             1             16  java.lang.management.PlatformComponent$12
2272:             1             16  java.lang.management.PlatformComponent$13
2273:             1             16  java.lang.management.PlatformComponent$14
2274:             1             16  java.lang.management.PlatformComponent$15
2275:             1             16  java.lang.management.PlatformComponent$2
2276:             1             16  java.lang.management.PlatformComponent$3
2277:             1             16  java.lang.management.PlatformComponent$4
2278:             1             16  java.lang.management.PlatformComponent$5
2279:             1             16  java.lang.management.PlatformComponent$6
2280:             1             16  java.lang.management.PlatformComponent$7
2281:             1             16  java.lang.management.PlatformComponent$8
2282:             1             16  java.lang.management.PlatformComponent$9
2283:             1             16  java.lang.ref.Reference$1
2284:             1             16  java.lang.ref.Reference$Lock
2285:             1             16  java.lang.reflect.Proxy$KeyFactory
2286:             1             16  java.lang.reflect.Proxy$ProxyClassFactory
2287:             1             16  java.lang.reflect.ReflectAccess
2288:             1             16  java.net.InetAddress$2
2289:             1             16  java.net.URLClassLoader$7
2290:             1             16  java.nio.Bits$1
2291:             1             16  java.nio.Bits$1$1
2292:             1             16  java.nio.channels.spi.SelectorProvider$1
2293:             1             16  java.nio.charset.CoderResult$1
2294:             1             16  java.nio.charset.CoderResult$2
2295:             1             16  java.nio.file.Files$AcceptAllFilter
2296:             1             16  java.rmi.server.RMIClassLoader$2
2297:             1             16  java.rmi.server.RemoteObjectInvocationHandler
2298:             1             16  java.rmi.server.RemoteObjectInvocationHandler$MethodToHash_Maps
2299:             1             16  java.security.ProtectionDomain$2
2300:             1             16  java.security.ProtectionDomain$JavaSecurityAccessImpl
2301:             1             16  java.text.DontCareFieldPosition$1
2302:             1             16  java.time.chrono.AbstractChronology$$Lambda$26/391618063
2303:             1             16  java.time.chrono.AbstractChronology$$Lambda$27/57748372
2304:             1             16  java.time.chrono.AbstractChronology$$Lambda$28/54495403
2305:             1             16  java.time.chrono.IsoChronology
2306:             1             16  java.time.format.DateTimeFormatter$$Lambda$29/1684890795
2307:             1             16  java.time.format.DateTimeFormatter$$Lambda$30/94264799
2308:             1             16  java.time.format.DateTimeFormatterBuilder$$Lambda$25/366004251
2309:             1             16  java.time.format.DateTimeFormatterBuilder$2
2310:             1             16  java.time.format.DateTimeFormatterBuilder$InstantPrinterParser
2311:             1             16  java.time.format.DateTimeTextProvider$1
2312:             1             16  java.util.Collections$EmptyEnumeration
2313:             1             16  java.util.Collections$EmptyIterator
2314:             1             16  java.util.Collections$EmptyList
2315:             1             16  java.util.Collections$EmptySet
2316:             1             16  java.util.Collections$ReverseComparator
2317:             1             16  java.util.Currency$CurrencyNameGetter
2318:             1             16  java.util.EnumMap$1
2319:             1             16  java.util.IdentityHashMap$EntrySet
2320:             1             16  java.util.IdentityHashMap$Values
2321:             1             16  java.util.Map$Entry$$Lambda$99/266272063
2322:             1             16  java.util.ResourceBundle$Control
2323:             1             16  java.util.Spliterators$EmptySpliterator$OfDouble
2324:             1             16  java.util.Spliterators$EmptySpliterator$OfInt
2325:             1             16  java.util.Spliterators$EmptySpliterator$OfLong
2326:             1             16  java.util.Spliterators$EmptySpliterator$OfRef
2327:             1             16  java.util.WeakHashMap$KeySet
2328:             1             16  java.util.concurrent.ConcurrentSkipListSet
2329:             1             16  java.util.concurrent.SynchronousQueue$TransferStack
2330:             1             16  java.util.function.Function$$Lambda$212/1850954068
2331:             1             16  java.util.jar.JavaUtilJarAccessImpl
2332:             1             16  java.util.logging.LoggingProxyImpl
2333:             1             16  java.util.logging.SimpleFormatter
2334:             1             16  java.util.regex.Pattern$4
2335:             1             16  java.util.regex.Pattern$Dot
2336:             1             16  java.util.regex.Pattern$LastNode
2337:             1             16  java.util.regex.Pattern$Node
2338:             1             16  java.util.stream.Collectors$$Lambda$158/409962262
2339:             1             16  java.util.stream.Collectors$$Lambda$159/495702238
2340:             1             16  java.util.stream.Collectors$$Lambda$195/480903748
2341:             1             16  java.util.stream.Collectors$$Lambda$196/2095064787
2342:             1             16  java.util.stream.Collectors$$Lambda$197/2095486832
2343:             1             16  java.util.stream.Collectors$$Lambda$359/406749219
2344:             1             16  java.util.stream.Collectors$$Lambda$360/1173340685
2345:             1             16  java.util.stream.Collectors$$Lambda$361/1045731788
2346:             1             16  java.util.stream.Collectors$$Lambda$362/1739267143
2347:             1             16  java.util.stream.Collectors$$Lambda$461/1103666479
2348:             1             16  java.util.stream.Collectors$$Lambda$462/68217166
2349:             1             16  java.util.stream.Collectors$$Lambda$463/761863997
2350:             1             16  java.util.stream.Collectors$$Lambda$72/480971771
2351:             1             16  java.util.stream.Collectors$$Lambda$73/1356728614
2352:             1             16  java.util.stream.Collectors$$Lambda$74/336484883
2353:             1             16  java.util.stream.Collectors$$Lambda$75/876213901
2354:             1             16  java.util.stream.FindOps$$Lambda$18/112061925
2355:             1             16  java.util.stream.FindOps$$Lambda$19/422250493
2356:             1             16  java.util.stream.SortedOps$RefSortingSink$$Lambda$252/1110698130
2357:             1             16  java.util.zip.ZipFile$1
2358:             1             16  javax.management.JMX
2359:             1             16  javax.management.MBeanServerBuilder
2360:             1             16  javax.management.NotificationBroadcasterSupport$1
2361:             1             16  javax.xml.transform.SecuritySupport
2362:             1             16  org.apache.catalina.connector.CoyoteAdapter
2363:             1             16  org.apache.catalina.connector.CoyoteAdapter$1
2364:             1             16  org.apache.catalina.core.ContainerBase$ContainerBackgroundProcessor
2365:             1             16  org.apache.catalina.core.ContainerBase$ContainerBackgroundProcessorMonitor
2366:             1             16  org.apache.catalina.core.StandardContext$1
2367:             1             16  org.apache.catalina.core.StandardHost$MemoryLeakTrackingListener
2368:             1             16  org.apache.catalina.core.StandardServer$1
2369:             1             16  org.apache.catalina.core.StandardServer$2
2370:             1             16  org.apache.catalina.realm.X509SubjectDnRetriever
2371:             1             16  org.apache.catalina.startup.Tomcat$FixContextListener
2372:             1             16  org.apache.catalina.util.CharsetMapper
2373:             1             16  org.apache.commons.logging.impl.NoOpLog
2374:             1             16  org.apache.coyote.AbstractProtocol$1
2375:             1             16  org.apache.coyote.AbstractProtocol$2
2376:             1             16  org.apache.juli.logging.LogFactory
2377:             1             16  org.apache.tomcat.util.buf.CharsetCache
2378:             1             16  org.apache.tomcat.util.compat.JreCompat
2379:             1             16  org.apache.tomcat.util.http.CookieProcessorBase$1
2380:             1             16  org.apache.tomcat.util.http.Rfc6265CookieProcessor
2381:             1             16  org.apache.tomcat.util.modeler.NoDescriptorRegistry$NoJmxMBeanServer
2382:             1             16  org.apache.tomcat.util.threads.ScheduledThreadPoolExecutor
2383:             1             16  org.apache.tomcat.util.threads.ThreadPoolExecutor$RejectHandler
2384:             1             16  org.apache.tomcat.websocket.server.WsContextListener
2385:             1             16  org.apache.tomcat.websocket.server.WsSessionListener
2386:             1             16  org.apache.tomcat.websocket.server.WsWriteTimeout$EndpointComparator
2387:             1             16  org.slf4j.helpers.NOPLoggerFactory
2388:             1             16  org.slf4j.impl.StaticMDCBinder
2389:             1             16  org.springframework.beans.CachedIntrospectionResults$$Lambda$466/604060129
2390:             1             16  org.springframework.beans.CachedIntrospectionResults$$Lambda$467/2124731287
2391:             1             16  org.springframework.beans.CachedIntrospectionResults$$Lambda$468/1227459815
2392:             1             16  org.springframework.beans.ExtendedBeanInfoFactory
2393:             1             16  org.springframework.beans.factory.BeanFactoryUtils$$Lambda$170/1234250905
2394:             1             16  org.springframework.beans.factory.annotation.AutowiredAnnotationBeanPostProcessor$$Lambda$385/1139609587
2395:             1             16  org.springframework.beans.factory.config.AutowiredPropertyMarker
2396:             1             16  org.springframework.beans.factory.parsing.FailFastProblemReporter
2397:             1             16  org.springframework.beans.factory.parsing.PassThroughSourceExtractor
2398:             1             16  org.springframework.beans.factory.support.AbstractAutowireCapableBeanFactory$$Lambda$227/343563528
2399:             1             16  org.springframework.beans.factory.support.AutowireUtils$$Lambda$267/663466110
2400:             1             16  org.springframework.beans.factory.support.CglibSubclassingInstantiationStrategy
2401:             1             16  org.springframework.beans.factory.support.DefaultBeanNameGenerator
2402:             1             16  org.springframework.beans.factory.support.DefaultListableBeanFactory$$Lambda$139/1793799654
2403:             1             16  org.springframework.beans.factory.support.DefaultListableBeanFactory$$Lambda$140/310623126
2404:             1             16  org.springframework.beans.factory.support.DefaultListableBeanFactory$$Lambda$249/294658299
2405:             1             16  org.springframework.beans.factory.support.DefaultListableBeanFactory$$Lambda$250/201677908
2406:             1             16  org.springframework.beans.factory.support.DefaultListableBeanFactory$$Lambda$400/1589466857
2407:             1             16  org.springframework.beans.factory.support.DefaultSingletonBeanRegistry$$Lambda$173/1899223686
2408:             1             16  org.springframework.beans.factory.support.DefaultSingletonBeanRegistry$$Lambda$174/842179210
2409:             1             16  org.springframework.beans.factory.support.SimpleAutowireCandidateResolver
2410:             1             16  org.springframework.boot.ClearCachesApplicationListener
2411:             1             16  org.springframework.boot.SpringBootBanner
2412:             1             16  org.springframework.boot.StartupInfoLogger
2413:             1             16  org.springframework.boot.StartupInfoLogger$$Lambda$147/593687897
2414:             1             16  org.springframework.boot.StartupInfoLogger$$Lambda$148/1276611190
2415:             1             16  org.springframework.boot.StartupInfoLogger$$Lambda$149/1414506856
2416:             1             16  org.springframework.boot.StartupInfoLogger$$Lambda$150/612097453
2417:             1             16  org.springframework.boot.admin.SpringApplicationAdminMXBeanRegistrar$SpringApplicationAdmin
2418:             1             16  org.springframework.boot.autoconfigure.AutoConfigurationImportSelector$$Lambda$191/664070838
2419:             1             16  org.springframework.boot.autoconfigure.AutoConfigurationImportSelector$AutoConfigurationGroup$$Lambda$193/1401316767
2420:             1             16  org.springframework.boot.autoconfigure.AutoConfigurationImportSelector$AutoConfigurationGroup$$Lambda$194/216856121
2421:             1             16  org.springframework.boot.autoconfigure.AutoConfigurationImportSelector$AutoConfigurationGroup$$Lambda$198/391183339
2422:             1             16  org.springframework.boot.autoconfigure.AutoConfigurationImportSelector$AutoConfigurationGroup$$Lambda$199/1529115495
2423:             1             16  org.springframework.boot.autoconfigure.AutoConfigurationImportSelector$AutoConfigurationGroup$$Lambda$200/646910062
2424:             1             16  org.springframework.boot.autoconfigure.BackgroundPreinitializer
2425:             1             16  org.springframework.boot.autoconfigure.SharedMetadataReaderFactoryContextInitializer
2426:             1             16  org.springframework.boot.autoconfigure.SharedMetadataReaderFactoryContextInitializer$CachingMetadataReaderFactoryPostProcessor
2427:             1             16  org.springframework.boot.autoconfigure.SharedMetadataReaderFactoryContextInitializer$CachingMetadataReaderFactoryPostProcessor$$Lambda$167/464064894
2428:             1             16  org.springframework.boot.autoconfigure.SharedMetadataReaderFactoryContextInitializer$SharedMetadataReaderFactoryBean
2429:             1             16  org.springframework.boot.autoconfigure.admin.SpringApplicationAdminJmxAutoConfiguration
2430:             1             16  org.springframework.boot.autoconfigure.aop.AopAutoConfiguration
2431:             1             16  org.springframework.boot.autoconfigure.aop.AopAutoConfiguration$ClassProxyingConfiguration
2432:             1             16  org.springframework.boot.autoconfigure.availability.ApplicationAvailabilityAutoConfiguration
2433:             1             16  org.springframework.boot.autoconfigure.condition.ConditionEvaluationReport$$Lambda$464/1811787796
2434:             1             16  org.springframework.boot.autoconfigure.condition.ConditionEvaluationReport$AncestorsMatchedCondition
2435:             1             16  org.springframework.boot.autoconfigure.condition.OnBeanCondition$Spec$$Lambda$223/691098155
2436:             1             16  org.springframework.boot.autoconfigure.condition.OnResourceCondition
2437:             1             16  org.springframework.boot.autoconfigure.context.ConfigurationPropertiesAutoConfiguration
2438:             1             16  org.springframework.boot.autoconfigure.context.LifecycleAutoConfiguration
2439:             1             16  org.springframework.boot.autoconfigure.context.LifecycleProperties
2440:             1             16  org.springframework.boot.autoconfigure.context.MessageSourceAutoConfiguration$ResourceBundleCondition
2441:             1             16  org.springframework.boot.autoconfigure.context.PropertyPlaceholderAutoConfiguration
2442:             1             16  org.springframework.boot.autoconfigure.data.redis.RedisUrlSyntaxFailureAnalyzer
2443:             1             16  org.springframework.boot.autoconfigure.flyway.FlywayMigrationScriptMissingFailureAnalyzer
2444:             1             16  org.springframework.boot.autoconfigure.http.HttpMessageConverters
2445:             1             16  org.springframework.boot.autoconfigure.http.HttpMessageConvertersAutoConfiguration
2446:             1             16  org.springframework.boot.autoconfigure.http.HttpMessageConvertersAutoConfiguration$StringHttpMessageConverterConfiguration
2447:             1             16  org.springframework.boot.autoconfigure.http.JacksonHttpMessageConvertersConfiguration
2448:             1             16  org.springframework.boot.autoconfigure.http.JacksonHttpMessageConvertersConfiguration$MappingJackson2HttpMessageConverterConfiguration
2449:             1             16  org.springframework.boot.autoconfigure.info.ProjectInfoAutoConfiguration
2450:             1             16  org.springframework.boot.autoconfigure.info.ProjectInfoAutoConfiguration$GitResourceAvailableCondition
2451:             1             16  org.springframework.boot.autoconfigure.jackson.JacksonAutoConfiguration
2452:             1             16  org.springframework.boot.autoconfigure.jackson.JacksonAutoConfiguration$Jackson2ObjectMapperBuilderCustomizerConfiguration
2453:             1             16  org.springframework.boot.autoconfigure.jackson.JacksonAutoConfiguration$JacksonObjectMapperBuilderConfiguration
2454:             1             16  org.springframework.boot.autoconfigure.jackson.JacksonAutoConfiguration$JacksonObjectMapperConfiguration
2455:             1             16  org.springframework.boot.autoconfigure.jackson.JacksonAutoConfiguration$ParameterNamesModuleConfiguration
2456:             1             16  org.springframework.boot.autoconfigure.jdbc.DataSourceBeanCreationFailureAnalyzer
2457:             1             16  org.springframework.boot.autoconfigure.jdbc.HikariDriverConfigurationFailureAnalyzer
2458:             1             16  org.springframework.boot.autoconfigure.jmx.JmxAutoConfiguration
2459:             1             16  org.springframework.boot.autoconfigure.logging.ConditionEvaluationReportLoggingListener$ConditionEvaluationReportListener
2460:             1             16  org.springframework.boot.autoconfigure.r2dbc.ConnectionFactoryBeanCreationFailureAnalyzer
2461:             1             16  org.springframework.boot.autoconfigure.session.NonUniqueSessionRepositoryFailureAnalyzer
2462:             1             16  org.springframework.boot.autoconfigure.task.TaskExecutionAutoConfiguration
2463:             1             16  org.springframework.boot.autoconfigure.task.TaskSchedulingAutoConfiguration
2464:             1             16  org.springframework.boot.autoconfigure.task.TaskSchedulingProperties$Pool
2465:             1             16  org.springframework.boot.autoconfigure.template.TemplateAvailabilityProviders$NoTemplateAvailabilityProvider
2466:             1             16  org.springframework.boot.autoconfigure.web.ErrorProperties$Whitelabel
2467:             1             16  org.springframework.boot.autoconfigure.web.OnEnabledResourceChainCondition
2468:             1             16  org.springframework.boot.autoconfigure.web.ResourceProperties$Cache$Cachecontrol$$Lambda$426/1237144823
2469:             1             16  org.springframework.boot.autoconfigure.web.ResourceProperties$Cache$Cachecontrol$$Lambda$428/1511180072
2470:             1             16  org.springframework.boot.autoconfigure.web.ResourceProperties$Cache$Cachecontrol$$Lambda$429/2041264753
2471:             1             16  org.springframework.boot.autoconfigure.web.ResourceProperties$Cache$Cachecontrol$$Lambda$430/1851522556
2472:             1             16  org.springframework.boot.autoconfigure.web.ResourceProperties$Cache$Cachecontrol$$Lambda$431/1031968647
2473:             1             16  org.springframework.boot.autoconfigure.web.ResourceProperties$Cache$Cachecontrol$$Lambda$432/1902455960
2474:             1             16  org.springframework.boot.autoconfigure.web.ResourceProperties$Cache$Cachecontrol$$Lambda$433/1371400311
2475:             1             16  org.springframework.boot.autoconfigure.web.ResourceProperties$Cache$Cachecontrol$$Lambda$434/1622694817
2476:             1             16  org.springframework.boot.autoconfigure.web.ResourceProperties$Cache$Cachecontrol$$Lambda$435/1227867806
2477:             1             16  org.springframework.boot.autoconfigure.web.ResourceProperties$Cache$Cachecontrol$$Lambda$436/292958927
2478:             1             16  org.springframework.boot.autoconfigure.web.ResourceProperties$Cache$Cachecontrol$$Lambda$437/800493254
2479:             1             16  org.springframework.boot.autoconfigure.web.ResourceProperties$Cache$Cachecontrol$$Lambda$438/225553858
2480:             1             16  org.springframework.boot.autoconfigure.web.ResourceProperties$Cache$Cachecontrol$$Lambda$439/987595204
2481:             1             16  org.springframework.boot.autoconfigure.web.ResourceProperties$Cache$Cachecontrol$$Lambda$440/438123546
2482:             1             16  org.springframework.boot.autoconfigure.web.ResourceProperties$Cache$Cachecontrol$$Lambda$441/29774113
2483:             1             16  org.springframework.boot.autoconfigure.web.ResourceProperties$Cache$Cachecontrol$$Lambda$442/22668134
2484:             1             16  org.springframework.boot.autoconfigure.web.ServerProperties$Netty
2485:             1             16  org.springframework.boot.autoconfigure.web.ServerProperties$Tomcat$Mbeanregistry
2486:             1             16  org.springframework.boot.autoconfigure.web.client.RestTemplateAutoConfiguration
2487:             1             16  org.springframework.boot.autoconfigure.web.embedded.EmbeddedWebServerFactoryCustomizerAutoConfiguration
2488:             1             16  org.springframework.boot.autoconfigure.web.embedded.EmbeddedWebServerFactoryCustomizerAutoConfiguration$TomcatWebServerFactoryCustomizerConfiguration
2489:             1             16  org.springframework.boot.autoconfigure.web.embedded.TomcatWebServerFactoryCustomizer$$Lambda$307/1793899405
2490:             1             16  org.springframework.boot.autoconfigure.web.embedded.TomcatWebServerFactoryCustomizer$$Lambda$311/632475595
2491:             1             16  org.springframework.boot.autoconfigure.web.embedded.TomcatWebServerFactoryCustomizer$$Lambda$317/1087072654
2492:             1             16  org.springframework.boot.autoconfigure.web.embedded.TomcatWebServerFactoryCustomizer$$Lambda$321/1250499735
2493:             1             16  org.springframework.boot.autoconfigure.web.embedded.TomcatWebServerFactoryCustomizer$$Lambda$322/1293462056
2494:             1             16  org.springframework.boot.autoconfigure.web.embedded.TomcatWebServerFactoryCustomizer$$Lambda$326/735228558
2495:             1             16  org.springframework.boot.autoconfigure.web.embedded.TomcatWebServerFactoryCustomizer$$Lambda$328/1828508781
2496:             1             16  org.springframework.boot.autoconfigure.web.embedded.TomcatWebServerFactoryCustomizer$$Lambda$330/1732663543
2497:             1             16  org.springframework.boot.autoconfigure.web.embedded.TomcatWebServerFactoryCustomizer$$Lambda$332/641882263
2498:             1             16  org.springframework.boot.autoconfigure.web.embedded.TomcatWebServerFactoryCustomizer$$Lambda$333/1930837320
2499:             1             16  org.springframework.boot.autoconfigure.web.embedded.TomcatWebServerFactoryCustomizer$$Lambda$335/1453606810
2500:             1             16  org.springframework.boot.autoconfigure.web.embedded.TomcatWebServerFactoryCustomizer$$Lambda$337/379124840
2501:             1             16  org.springframework.boot.autoconfigure.web.embedded.TomcatWebServerFactoryCustomizer$$Lambda$346/373097727
2502:             1             16  org.springframework.boot.autoconfigure.web.embedded.TomcatWebServerFactoryCustomizer$$Lambda$350/2022689531
2503:             1             16  org.springframework.boot.autoconfigure.web.embedded.TomcatWebServerFactoryCustomizer$$Lambda$353/281421502
2504:             1             16  org.springframework.boot.autoconfigure.web.embedded.TomcatWebServerFactoryCustomizer$$Lambda$358/1967496309
2505:             1             16  org.springframework.boot.autoconfigure.web.embedded.TomcatWebServerFactoryCustomizer$$Lambda$366/1531200408
2506:             1             16  org.springframework.boot.autoconfigure.web.embedded.TomcatWebServerFactoryCustomizer$$Lambda$367/1123321137
2507:             1             16  org.springframework.boot.autoconfigure.web.servlet.DispatcherServletAutoConfiguration
2508:             1             16  org.springframework.boot.autoconfigure.web.servlet.DispatcherServletAutoConfiguration$DefaultDispatcherServletCondition
2509:             1             16  org.springframework.boot.autoconfigure.web.servlet.DispatcherServletAutoConfiguration$DispatcherServletConfiguration
2510:             1             16  org.springframework.boot.autoconfigure.web.servlet.DispatcherServletAutoConfiguration$DispatcherServletRegistrationCondition
2511:             1             16  org.springframework.boot.autoconfigure.web.servlet.DispatcherServletAutoConfiguration$DispatcherServletRegistrationConfiguration
2512:             1             16  org.springframework.boot.autoconfigure.web.servlet.HttpEncodingAutoConfiguration
2513:             1             16  org.springframework.boot.autoconfigure.web.servlet.HttpEncodingAutoConfiguration$LocaleCharsetMappingsCustomizer
2514:             1             16  org.springframework.boot.autoconfigure.web.servlet.MultipartAutoConfiguration
2515:             1             16  org.springframework.boot.autoconfigure.web.servlet.ServletWebServerFactoryAutoConfiguration
2516:             1             16  org.springframework.boot.autoconfigure.web.servlet.ServletWebServerFactoryConfiguration$EmbeddedTomcat
2517:             1             16  org.springframework.boot.autoconfigure.web.servlet.ServletWebServerFactoryCustomizer
2518:             1             16  org.springframework.boot.autoconfigure.web.servlet.TomcatServletWebServerFactoryCustomizer
2519:             1             16  org.springframework.boot.autoconfigure.web.servlet.TomcatServletWebServerFactoryCustomizer$$Lambda$302/1543518287
2520:             1             16  org.springframework.boot.autoconfigure.web.servlet.TomcatServletWebServerFactoryCustomizer$$Lambda$303/464872674
2521:             1             16  org.springframework.boot.autoconfigure.web.servlet.WebMvcAutoConfiguration
2522:             1             16  org.springframework.boot.autoconfigure.web.servlet.WebMvcAutoConfiguration$EnableWebMvcConfiguration$$Lambda$423/1642308093
2523:             1             16  org.springframework.boot.autoconfigure.web.servlet.WebMvcAutoConfiguration$EnableWebMvcConfiguration$$Lambda$424/1370224403
2524:             1             16  org.springframework.boot.autoconfigure.web.servlet.WebMvcAutoConfiguration$WebMvcAutoConfigurationAdapter$$Lambda$396/1768952842
2525:             1             16  org.springframework.boot.autoconfigure.web.servlet.WebMvcAutoConfiguration$WebMvcAutoConfigurationAdapter$$Lambda$414/465909321
2526:             1             16  org.springframework.boot.autoconfigure.web.servlet.WebMvcProperties$Async
2527:             1             16  org.springframework.boot.autoconfigure.web.servlet.WebMvcProperties$Pathmatch
2528:             1             16  org.springframework.boot.autoconfigure.web.servlet.error.ErrorMvcAutoConfiguration
2529:             1             16  org.springframework.boot.autoconfigure.web.servlet.error.ErrorMvcAutoConfiguration$ErrorTemplateMissingCondition
2530:             1             16  org.springframework.boot.autoconfigure.web.servlet.error.ErrorMvcAutoConfiguration$PreserveErrorControllerTargetClassPostProcessor
2531:             1             16  org.springframework.boot.autoconfigure.web.servlet.error.ErrorMvcAutoConfiguration$StaticView
2532:             1             16  org.springframework.boot.autoconfigure.web.servlet.error.ErrorMvcAutoConfiguration$WhitelabelErrorViewConfiguration
2533:             1             16  org.springframework.boot.autoconfigure.websocket.servlet.TomcatWebSocketServletWebServerCustomizer
2534:             1             16  org.springframework.boot.autoconfigure.websocket.servlet.TomcatWebSocketServletWebServerCustomizer$$Lambda$272/1108517064
2535:             1             16  org.springframework.boot.autoconfigure.websocket.servlet.WebSocketServletAutoConfiguration
2536:             1             16  org.springframework.boot.autoconfigure.websocket.servlet.WebSocketServletAutoConfiguration$TomcatWebSocketConfiguration
2537:             1             16  org.springframework.boot.availability.ApplicationAvailabilityBean
2538:             1             16  org.springframework.boot.cloud.CloudFoundryVcapEnvironmentPostProcessor
2539:             1             16  org.springframework.boot.context.ConfigurationWarningsApplicationContextInitializer
2540:             1             16  org.springframework.boot.context.ConfigurationWarningsApplicationContextInitializer$ComponentScanPackageCheck
2541:             1             16  org.springframework.boot.context.ConfigurationWarningsApplicationContextInitializer$ConfigurationWarningsPostProcessor
2542:             1             16  org.springframework.boot.context.ContextIdApplicationContextInitializer
2543:             1             16  org.springframework.boot.context.FileEncodingApplicationListener
2544:             1             16  org.springframework.boot.context.config.AnsiOutputApplicationListener
2545:             1             16  org.springframework.boot.context.config.AnsiOutputApplicationListener$$Lambda$127/1169794610
2546:             1             16  org.springframework.boot.context.config.ConfigFileApplicationListener$$Lambda$7/1463757745
2547:             1             16  org.springframework.boot.context.config.ConfigFileApplicationListener$Loader$$Lambda$103/1331923253
2548:             1             16  org.springframework.boot.context.config.ConfigFileApplicationListener$Loader$$Lambda$114/1853205005
2549:             1             16  org.springframework.boot.context.config.ConfigFileApplicationListener$Loader$$Lambda$117/1384010761
2550:             1             16  org.springframework.boot.context.config.ConfigFileApplicationListener$Loader$$Lambda$70/1370651081
2551:             1             16  org.springframework.boot.context.config.ConfigFileApplicationListener$Loader$$Lambda$77/770911223
2552:             1             16  org.springframework.boot.context.config.ConfigFileApplicationListener$Loader$$Lambda$82/124407148
2553:             1             16  org.springframework.boot.context.config.ConfigFileApplicationListener$PropertySourceOrderingPostProcessor
2554:             1             16  org.springframework.boot.context.config.DelegatingApplicationContextInitializer
2555:             1             16  org.springframework.boot.context.logging.ClasspathLoggingApplicationListener
2556:             1             16  org.springframework.boot.context.logging.LoggingApplicationListener$$Lambda$133/1905485420
2557:             1             16  org.springframework.boot.context.properties.BoundConfigurationProperties
2558:             1             16  org.springframework.boot.context.properties.ConfigurationBeanFactoryMetadata
2559:             1             16  org.springframework.boot.context.properties.ConfigurationPropertiesBindConstructorProvider
2560:             1             16  org.springframework.boot.context.properties.ConfigurationPropertiesBinder$$Lambda$260/1268974304
2561:             1             16  org.springframework.boot.context.properties.ConfigurationPropertiesBinder$Factory
2562:             1             16  org.springframework.boot.context.properties.EnableConfigurationPropertiesRegistrar$$Lambda$229/67749199
2563:             1             16  org.springframework.boot.context.properties.EnableConfigurationPropertiesRegistrar$$Lambda$230/65488937
2564:             1             16  org.springframework.boot.context.properties.NotConstructorBoundInjectionFailureAnalyzer
2565:             1             16  org.springframework.boot.context.properties.PropertyMapper$$Lambda$273/106297322
2566:             1             16  org.springframework.boot.context.properties.PropertyMapper$$Lambda$274/1839206329
2567:             1             16  org.springframework.boot.context.properties.PropertyMapper$Source$$Lambda$276/977160959
2568:             1             16  org.springframework.boot.context.properties.PropertyMapper$Source$$Lambda$323/1966670937
2569:             1             16  org.springframework.boot.context.properties.PropertyMapper$Source$$Lambda$356/1122233828
2570:             1             16  org.springframework.boot.context.properties.bind.ArrayBinder$$Lambda$62/797925218
2571:             1             16  org.springframework.boot.context.properties.bind.BindHandler$1
2572:             1             16  org.springframework.boot.context.properties.bind.BindResult
2573:             1             16  org.springframework.boot.context.properties.bind.DefaultBindConstructorProvider
2574:             1             16  org.springframework.boot.context.properties.bind.JavaBeanBinder
2575:             1             16  org.springframework.boot.context.properties.bind.JavaBeanBinder$Bean$$Lambda$261/2081000371
2576:             1             16  org.springframework.boot.context.properties.bind.JavaBeanBinder$Bean$$Lambda$263/1660325375
2577:             1             16  org.springframework.boot.context.properties.bind.JavaBeanBinder$Bean$$Lambda$264/251664534
2578:             1             16  org.springframework.boot.context.properties.bind.ValueObjectBinder
2579:             1             16  org.springframework.boot.context.properties.source.ConfigurationPropertyName$$Lambda$58/2015781843
2580:             1             16  org.springframework.boot.context.properties.source.PropertyMapper$$Lambda$40/1630521067
2581:             1             16  org.springframework.boot.context.properties.source.SpringIterableConfigurationPropertySource$$Lambda$64/1686369710
2582:             1             16  org.springframework.boot.context.properties.source.SpringIterableConfigurationPropertySource$Mappings$$Lambda$49/1453128758
2583:             1             16  org.springframework.boot.context.properties.source.SystemEnvironmentPropertyMapper
2584:             1             16  org.springframework.boot.context.properties.source.SystemEnvironmentPropertyMapper$$Lambda$55/1316061703
2585:             1             16  org.springframework.boot.convert.CharArrayFormatter
2586:             1             16  org.springframework.boot.convert.DurationToNumberConverter
2587:             1             16  org.springframework.boot.convert.DurationToStringConverter
2588:             1             16  org.springframework.boot.convert.InetAddressFormatter
2589:             1             16  org.springframework.boot.convert.InputStreamSourceToByteArrayConverter
2590:             1             16  org.springframework.boot.convert.IsoOffsetFormatter
2591:             1             16  org.springframework.boot.convert.LenientBooleanToEnumConverterFactory
2592:             1             16  org.springframework.boot.convert.LenientObjectToEnumConverterFactory$LenientToEnumConverter$$Lambda$124/769429195
2593:             1             16  org.springframework.boot.convert.LenientObjectToEnumConverterFactory$LenientToEnumConverter$$Lambda$125/1196695891
2594:             1             16  org.springframework.boot.convert.LenientStringToEnumConverterFactory
2595:             1             16  org.springframework.boot.convert.NumberToDataSizeConverter
2596:             1             16  org.springframework.boot.convert.NumberToDurationConverter
2597:             1             16  org.springframework.boot.convert.NumberToPeriodConverter
2598:             1             16  org.springframework.boot.convert.PeriodToStringConverter
2599:             1             16  org.springframework.boot.convert.StringToFileConverter
2600:             1             16  org.springframework.boot.diagnostics.analyzer.BeanCurrentlyInCreationFailureAnalyzer
2601:             1             16  org.springframework.boot.diagnostics.analyzer.BeanDefinitionOverrideFailureAnalyzer
2602:             1             16  org.springframework.boot.diagnostics.analyzer.BeanNotOfRequiredTypeFailureAnalyzer
2603:             1             16  org.springframework.boot.diagnostics.analyzer.BindFailureAnalyzer
2604:             1             16  org.springframework.boot.diagnostics.analyzer.BindValidationFailureAnalyzer
2605:             1             16  org.springframework.boot.diagnostics.analyzer.ConnectorStartFailureAnalyzer
2606:             1             16  org.springframework.boot.diagnostics.analyzer.InvalidConfigurationPropertyNameFailureAnalyzer
2607:             1             16  org.springframework.boot.diagnostics.analyzer.InvalidConfigurationPropertyValueFailureAnalyzer
2608:             1             16  org.springframework.boot.diagnostics.analyzer.NoSuchMethodFailureAnalyzer
2609:             1             16  org.springframework.boot.diagnostics.analyzer.NoUniqueBeanDefinitionFailureAnalyzer
2610:             1             16  org.springframework.boot.diagnostics.analyzer.PortInUseFailureAnalyzer
2611:             1             16  org.springframework.boot.diagnostics.analyzer.UnboundConfigurationPropertyFailureAnalyzer
2612:             1             16  org.springframework.boot.diagnostics.analyzer.ValidationExceptionFailureAnalyzer
2613:             1             16  org.springframework.boot.env.OriginTrackedYamlLoader$OriginTrackingConstructor$$Lambda$93/107241811
2614:             1             16  org.springframework.boot.env.SpringApplicationJsonEnvironmentPostProcessor$$Lambda$34/640363654
2615:             1             16  org.springframework.boot.env.SpringApplicationJsonEnvironmentPostProcessor$$Lambda$35/99451533
2616:             1             16  org.springframework.boot.liquibase.LiquibaseServiceLocatorApplicationListener
2617:             1             16  org.springframework.boot.logging.LoggerConfigurationComparator
2618:             1             16  org.springframework.boot.logging.LoggerGroups
2619:             1             16  org.springframework.boot.logging.LoggingSystem$$Lambda$21/2025864991
2620:             1             16  org.springframework.boot.logging.logback.LogbackLoggingSystem
2621:             1             16  org.springframework.boot.rsocket.context.RSocketPortInfoApplicationContextInitializer
2622:             1             16  org.springframework.boot.rsocket.context.RSocketPortInfoApplicationContextInitializer$Listener
2623:             1             16  org.springframework.boot.task.TaskExecutorBuilder$$Lambda$402/1893772493
2624:             1             16  org.springframework.boot.task.TaskExecutorBuilder$$Lambda$403/2035801202
2625:             1             16  org.springframework.boot.task.TaskExecutorBuilder$$Lambda$404/1790387225
2626:             1             16  org.springframework.boot.task.TaskExecutorBuilder$$Lambda$405/984412970
2627:             1             16  org.springframework.boot.task.TaskExecutorBuilder$$Lambda$406/1340057206
2628:             1             16  org.springframework.boot.task.TaskExecutorBuilder$$Lambda$407/137123763
2629:             1             16  org.springframework.boot.task.TaskExecutorBuilder$$Lambda$408/1541942595
2630:             1             16  org.springframework.boot.task.TaskExecutorBuilder$$Lambda$409/100708535
2631:             1             16  org.springframework.boot.task.TaskExecutorBuilder$$Lambda$410/878598679
2632:             1             16  org.springframework.boot.task.TaskExecutorBuilder$$Lambda$411/1587872480
2633:             1             16  org.springframework.boot.task.TaskExecutorBuilder$$Lambda$412/1144897090
2634:             1             16  org.springframework.boot.task.TaskSchedulerBuilder$$Lambda$447/1097069005
2635:             1             16  org.springframework.boot.util.LambdaSafe$InvocationResult
2636:             1             16  org.springframework.boot.web.context.ServerPortInfoApplicationContextInitializer
2637:             1             16  org.springframework.boot.web.embedded.tomcat.TomcatEmbeddedContext$$Lambda$453/7395550
2638:             1             16  org.springframework.boot.web.embedded.tomcat.TomcatEmbeddedContext$$Lambda$454/1112940474
2639:             1             16  org.springframework.boot.web.embedded.tomcat.TomcatEmbeddedContext$$Lambda$455/1499418021
2640:             1             16  org.springframework.boot.web.embedded.tomcat.TomcatEmbeddedContext$$Lambda$456/1082528716
2641:             1             16  org.springframework.boot.web.embedded.tomcat.TomcatServletWebServerFactory$DisablePersistSessionListener
2642:             1             16  org.springframework.boot.web.embedded.tomcat.TomcatWebServer$$Lambda$457/353206468
2643:             1             16  org.springframework.boot.web.embedded.tomcat.TomcatWebServer$$Lambda$458/1747371038
2644:             1             16  org.springframework.boot.web.embedded.tomcat.TomcatWebServer$$Lambda$459/1691629865
2645:             1             16  org.springframework.boot.web.server.Http2
2646:             1             16  org.springframework.boot.web.servlet.ServletContextInitializerBeans$$Lambda$381/307605969
2647:             1             16  org.springframework.boot.web.servlet.ServletContextInitializerBeans$$Lambda$382/1878992188
2648:             1             16  org.springframework.boot.web.servlet.context.ServletWebServerApplicationContext$$Lambda$374/1089584667
2649:             1             16  org.springframework.boot.web.servlet.error.DefaultErrorAttributes
2650:             1             16  org.springframework.boot.web.servlet.server.AbstractServletWebServerFactory$$Lambda$377/1705665942
2651:             1             16  org.springframework.boot.web.servlet.server.AbstractServletWebServerFactory$SessionConfiguringInitializer
2652:             1             16  org.springframework.boot.web.servlet.server.SessionStoreDirectory
2653:             1             16  org.springframework.boot.web.servlet.server.StaticResourceJars
2654:             1             16  org.springframework.cglib.core.AbstractClassGenerator$ClassLoaderData$1
2655:             1             16  org.springframework.cglib.core.AbstractClassGenerator$ClassLoaderData$2
2656:             1             16  org.springframework.cglib.core.AbstractClassGenerator$ClassLoaderData$3
2657:             1             16  org.springframework.cglib.core.DefaultGeneratorStrategy
2658:             1             16  org.springframework.cglib.core.DefaultNamingPolicy
2659:             1             16  org.springframework.cglib.core.KeyFactory$1
2660:             1             16  org.springframework.cglib.core.KeyFactory$2
2661:             1             16  org.springframework.cglib.core.KeyFactory$3
2662:             1             16  org.springframework.cglib.core.KeyFactory$4
2663:             1             16  org.springframework.cglib.core.MethodInfoTransformer
2664:             1             16  org.springframework.cglib.core.SpringNamingPolicy
2665:             1             16  org.springframework.cglib.core.internal.LoadingCache$1
2666:             1             16  org.springframework.cglib.proxy.Enhancer$1
2667:             1             16  org.springframework.cglib.proxy.FixedValueGenerator
2668:             1             16  org.springframework.cglib.proxy.InvocationHandlerGenerator
2669:             1             16  org.springframework.cglib.proxy.LazyLoaderGenerator
2670:             1             16  org.springframework.cglib.proxy.MethodInterceptorGenerator
2671:             1             16  org.springframework.cglib.proxy.MethodInterceptorGenerator$1
2672:             1             16  org.springframework.cglib.proxy.NoOp$1
2673:             1             16  org.springframework.cglib.proxy.NoOpGenerator
2674:             1             16  org.springframework.context.annotation.AnnotationBeanNameGenerator
2675:             1             16  org.springframework.context.annotation.ConfigurationClassEnhancer
2676:             1             16  org.springframework.context.annotation.ConfigurationClassEnhancer$BeanFactoryAwareGeneratorStrategy
2677:             1             16  org.springframework.context.annotation.ConfigurationClassEnhancer$BeanFactoryAwareMethodInterceptor
2678:             1             16  org.springframework.context.annotation.ConfigurationClassEnhancer$BeanMethodInterceptor
2679:             1             16  org.springframework.context.annotation.ConfigurationClassParser$$Lambda$177/252553541
2680:             1             16  org.springframework.context.annotation.ConfigurationClassParser$$Lambda$178/829149076
2681:             1             16  org.springframework.context.annotation.ConfigurationClassPostProcessor$$Lambda$176/1846501247
2682:             1             16  org.springframework.context.annotation.ConfigurationClassPostProcessor$ImportAwareBeanPostProcessor
2683:             1             16  org.springframework.context.annotation.FullyQualifiedAnnotationBeanNameGenerator
2684:             1             16  org.springframework.context.event.DefaultEventListenerFactory
2685:             1             16  org.springframework.context.event.EventListenerMethodProcessor$$Lambda$448/1896558831
2686:             1             16  org.springframework.context.expression.BeanExpressionContextAccessor
2687:             1             16  org.springframework.context.expression.BeanFactoryAccessor
2688:             1             16  org.springframework.context.expression.BeanFactoryResolver
2689:             1             16  org.springframework.context.expression.EnvironmentAccessor
2690:             1             16  org.springframework.context.expression.MapAccessor
2691:             1             16  org.springframework.context.expression.StandardBeanExpressionResolver$1
2692:             1             16  org.springframework.context.index.CandidateComponentsIndexLoader$$Lambda$142/1578009262
2693:             1             16  org.springframework.context.support.LiveBeansView
2694:             1             16  org.springframework.core.$Proxy49
2695:             1             16  org.springframework.core.OrderComparator
2696:             1             16  org.springframework.core.ResolvableType$EmptyType
2697:             1             16  org.springframework.core.SortedProperties$$Lambda$98/1003752023
2698:             1             16  org.springframework.core.annotation.AbstractMergedAnnotation$$Lambda$161/960733886
2699:             1             16  org.springframework.core.annotation.AnnotatedElementUtils$$Lambda$415/681747431
2700:             1             16  org.springframework.core.annotation.AnnotationAwareOrderComparator
2701:             1             16  org.springframework.core.annotation.AnnotationFilter$1
2702:             1             16  org.springframework.core.annotation.AnnotationFilter$2
2703:             1             16  org.springframework.core.annotation.AnnotationTypeMapping$$Lambda$152/1866850137
2704:             1             16  org.springframework.core.annotation.AnnotationTypeMapping$$Lambda$153/825962150
2705:             1             16  org.springframework.core.annotation.AnnotationTypeMappings$$Lambda$14/2009787198
2706:             1             16  org.springframework.core.annotation.AnnotationUtils$$Lambda$268/295180183
2707:             1             16  org.springframework.core.annotation.AnnotationUtils$$Lambda$386/519019247
2708:             1             16  org.springframework.core.annotation.AnnotationUtils$$Lambda$388/1545327692
2709:             1             16  org.springframework.core.annotation.AttributeMethods$$Lambda$10/201556483
2710:             1             16  org.springframework.core.annotation.AttributeMethods$$Lambda$9/703504298
2711:             1             16  org.springframework.core.annotation.MergedAnnotationCollectors$$Lambda$213/1530446316
2712:             1             16  org.springframework.core.annotation.MergedAnnotationCollectors$$Lambda$215/1439394198
2713:             1             16  org.springframework.core.annotation.MergedAnnotationSelectors$FirstDirectlyDeclared
2714:             1             16  org.springframework.core.annotation.MergedAnnotationSelectors$Nearest
2715:             1             16  org.springframework.core.annotation.MissingMergedAnnotation
2716:             1             16  org.springframework.core.annotation.RepeatableContainers$NoRepeatableContainers
2717:             1             16  org.springframework.core.annotation.RepeatableContainers$StandardRepeatableContainers
2718:             1             16  org.springframework.core.annotation.RepeatableContainers$StandardRepeatableContainers$$Lambda$11/1442045361
2719:             1             16  org.springframework.core.annotation.TypeMappedAnnotation$$Lambda$15/1547425104
2720:             1             16  org.springframework.core.annotation.TypeMappedAnnotation$$Lambda$168/671046933
2721:             1             16  org.springframework.core.annotation.TypeMappedAnnotation$$Lambda$182/1944702768
2722:             1             16  org.springframework.core.annotation.TypeMappedAnnotation$$Lambda$216/403170294
2723:             1             16  org.springframework.core.annotation.TypeMappedAnnotation$$Lambda$387/1052842393
2724:             1             16  org.springframework.core.convert.support.GenericConversionService$Converters$$Lambda$22/807049343
2725:             1             16  org.springframework.core.io.DefaultResourceLoader$$Lambda$141/1671179293
2726:             1             16  org.springframework.core.io.support.DefaultPropertySourceFactory
2727:             1             16  org.springframework.core.io.support.PathMatchingResourcePatternResolver$$Lambda$179/1267655902
2728:             1             16  org.springframework.core.log.CompositeLog$$Lambda$37/1199871511
2729:             1             16  org.springframework.core.log.CompositeLog$$Lambda$38/1393382451
2730:             1             16  org.springframework.core.log.CompositeLog$$Lambda$39/1106259146
2731:             1             16  org.springframework.core.log.CompositeLog$$Lambda$41/1168048072
2732:             1             16  org.springframework.core.log.CompositeLog$$Lambda$42/642383170
2733:             1             16  org.springframework.core.log.CompositeLog$$Lambda$43/526162292
2734:             1             16  org.springframework.core.type.AnnotatedTypeMetadata$$Lambda$209/1139814130
2735:             1             16  org.springframework.core.type.AnnotatedTypeMetadata$$Lambda$210/1603177117
2736:             1             16  org.springframework.core.type.AnnotatedTypeMetadata$$Lambda$211/987249254
2737:             1             16  org.springframework.core.type.AnnotationMetadata$$Lambda$155/90767234
2738:             1             16  org.springframework.core.type.AnnotationMetadata$$Lambda$156/707161353
2739:             1             16  org.springframework.core.type.AnnotationMetadata$$Lambda$157/1522132780
2740:             1             16  org.springframework.core.type.AnnotationMetadata$$Lambda$163/119290689
2741:             1             16  org.springframework.core.type.AnnotationMetadata$$Lambda$164/1810899357
2742:             1             16  org.springframework.core.type.AnnotationMetadata$$Lambda$165/231786897
2743:             1             16  org.springframework.core.type.AnnotationMetadata$$Lambda$184/1894369629
2744:             1             16  org.springframework.expression.spel.support.StandardOperatorOverloader
2745:             1             16  org.springframework.expression.spel.support.StandardTypeComparator
2746:             1             16  org.springframework.expression.spel.support.StandardTypeConverter
2747:             1             16  org.springframework.http.MediaType$$Lambda$33/1987636483
2748:             1             16  org.springframework.http.MediaType$1
2749:             1             16  org.springframework.http.converter.json.SpringHandlerInstantiator
2750:             1             16  org.springframework.http.converter.xml.Jaxb2RootElementHttpMessageConverter$$Lambda$54/2047717481
2751:             1             16  org.springframework.http.converter.xml.SourceHttpMessageConverter$$Lambda$44/248847144
2752:             1             16  org.springframework.http.converter.xml.SourceHttpMessageConverter$$Lambda$45/1046834557
2753:             1             16  org.springframework.jmx.export.MBeanExporter$$Lambda$449/468776694
2754:             1             16  org.springframework.jmx.export.MBeanExporter$$Lambda$450/14633842
2755:             1             16  org.springframework.objenesis.strategy.StdInstantiatorStrategy
2756:             1             16  org.springframework.util.ConcurrentReferenceHashMap$EntrySet
2757:             1             16  org.springframework.util.DefaultPropertiesPersister
2758:             1             16  org.springframework.util.MimeType$SpecificityComparator
2759:             1             16  org.springframework.util.MimeTypeUtils$$Lambda$421/1599566873
2760:             1             16  org.springframework.util.MultiValueMapAdapter$$Lambda$3/1277181601
2761:             1             16  org.springframework.util.ReflectionUtils$$Lambda$241/1795225096
2762:             1             16  org.springframework.util.ReflectionUtils$$Lambda$5/1449621165
2763:             1             16  org.springframework.util.ReflectionUtils$$Lambda$6/586617651
2764:             1             16  org.springframework.web.accept.ContentNegotiationManager$$Lambda$413/848958019
2765:             1             16  org.springframework.web.accept.MappingMediaTypeFileExtensionResolver$$Lambda$392/1468343491
2766:             1             16  org.springframework.web.bind.support.DefaultSessionAttributeStore
2767:             1             16  org.springframework.web.context.request.SessionScope
2768:             1             16  org.springframework.web.context.support.WebApplicationContextUtils$RequestObjectFactory
2769:             1             16  org.springframework.web.context.support.WebApplicationContextUtils$ResponseObjectFactory
2770:             1             16  org.springframework.web.context.support.WebApplicationContextUtils$SessionObjectFactory
2771:             1             16  org.springframework.web.context.support.WebApplicationContextUtils$WebRequestObjectFactory
2772:             1             16  org.springframework.web.method.annotation.ErrorsMethodArgumentResolver
2773:             1             16  org.springframework.web.method.annotation.RequestHeaderMapMethodArgumentResolver
2774:             1             16  org.springframework.web.method.annotation.SessionStatusMethodArgumentResolver
2775:             1             16  org.springframework.web.multipart.support.StandardServletMultipartResolver
2776:             1             16  org.springframework.web.servlet.config.annotation.CorsRegistry
2777:             1             16  org.springframework.web.servlet.config.annotation.InterceptorRegistry
2778:             1             16  org.springframework.web.servlet.config.annotation.InterceptorRegistry$$Lambda$416/2077662850
2779:             1             16  org.springframework.web.servlet.config.annotation.InterceptorRegistry$$Lambda$417/501951555
2780:             1             16  org.springframework.web.servlet.config.annotation.WebMvcConfigurationSupport$NoOpValidator
2781:             1             16  org.springframework.web.servlet.config.annotation.WebMvcConfigurerComposite
2782:             1             16  org.springframework.web.servlet.function.support.HandlerFunctionAdapter
2783:             1             16  org.springframework.web.servlet.function.support.RouterFunctionMapping$$Lambda$425/558404860
2784:             1             16  org.springframework.web.servlet.handler.AbstractHandlerMethodMapping$EmptyHandler
2785:             1             16  org.springframework.web.servlet.handler.ConversionServiceExposingInterceptor
2786:             1             16  org.springframework.web.servlet.handler.SimpleUrlHandlerMapping$$Lambda$444/309060377
2787:             1             16  org.springframework.web.servlet.mvc.HttpRequestHandlerAdapter
2788:             1             16  org.springframework.web.servlet.mvc.SimpleControllerHandlerAdapter
2789:             1             16  org.springframework.web.servlet.mvc.condition.ParamsRequestCondition
2790:             1             16  org.springframework.web.servlet.mvc.condition.RequestConditionHolder
2791:             1             16  org.springframework.web.servlet.mvc.method.RequestMappingInfoHandlerMethodMappingNamingStrategy
2792:             1             16  org.springframework.web.servlet.mvc.method.annotation.AbstractMessageConverterMethodProcessor$1
2793:             1             16  org.springframework.web.servlet.mvc.method.annotation.AsyncTaskMethodReturnValueHandler
2794:             1             16  org.springframework.web.servlet.mvc.method.annotation.CallableMethodReturnValueHandler
2795:             1             16  org.springframework.web.servlet.mvc.method.annotation.DeferredResultMethodReturnValueHandler
2796:             1             16  org.springframework.web.servlet.mvc.method.annotation.HttpHeadersReturnValueHandler
2797:             1             16  org.springframework.web.servlet.mvc.method.annotation.JsonViewRequestBodyAdvice
2798:             1             16  org.springframework.web.servlet.mvc.method.annotation.RequestMappingHandlerAdapter$$Lambda$394/156711739
2799:             1             16  org.springframework.web.servlet.mvc.method.annotation.RequestMappingHandlerAdapter$$Lambda$395/1732410217
2800:             1             16  org.springframework.web.servlet.mvc.method.annotation.StreamingResponseBodyReturnValueHandler
2801:             1             16  org.springframework.web.servlet.mvc.method.annotation.UriComponentsBuilderMethodArgumentResolver
2802:             1             16  org.springframework.web.servlet.resource.ResourceUrlProviderExposingInterceptor
2803:             1             16  org.springframework.web.servlet.view.AbstractCachingViewResolver$$Lambda$445/402207819
2804:             1             16  org.springframework.web.servlet.view.AbstractCachingViewResolver$1
2805:             1             16  org.springframework.web.servlet.view.ContentNegotiatingViewResolver$1
2806:             1             16  org.yaml.snakeyaml.constructor.SafeConstructor$ConstructUndefined
2807:             1             16  org.yaml.snakeyaml.external.com.google.gdata.util.common.base.UnicodeEscaper$2
2808:             1             16  sun.management.ClassLoadingImpl
2809:             1             16  sun.management.HotSpotDiagnostic
2810:             1             16  sun.management.ManagementFactoryHelper$PlatformLoggingImpl
2811:             1             16  sun.management.jmxremote.ConnectorBootstrap$PermanentExporter
2812:             1             16  sun.management.jmxremote.LocalRMIServerSocketFactory
2813:             1             16  sun.misc.ASCIICaseInsensitiveComparator
2814:             1             16  sun.misc.FloatingDecimal$1
2815:             1             16  sun.misc.Launcher
2816:             1             16  sun.misc.Launcher$Factory
2817:             1             16  sun.misc.ObjectInputFilter$Config$$Lambda$236/1096041841
2818:             1             16  sun.misc.Perf
2819:             1             16  sun.misc.URLClassPath$JarLoader$1
2820:             1             16  sun.misc.Unsafe
2821:             1             16  sun.net.DefaultProgressMeteringPolicy
2822:             1             16  sun.net.ExtendedOptionsImpl$$Lambda$452/1592763413
2823:             1             16  sun.net.spi.DefaultProxySelector
2824:             1             16  sun.net.www.protocol.jar.JarFileFactory
2825:             1             16  sun.nio.ch.ExtendedSocketOption$1
2826:             1             16  sun.nio.ch.FileChannelImpl$1
2827:             1             16  sun.nio.ch.Net$1
2828:             1             16  sun.nio.ch.Net$3
2829:             1             16  sun.nio.ch.Net$4
2830:             1             16  sun.nio.ch.Util$1
2831:             1             16  sun.nio.ch.WindowsSelectorProvider
2832:             1             16  sun.nio.fs.WindowsChannelFactory$1
2833:             1             16  sun.nio.fs.WindowsFileSystemProvider
2834:             1             16  sun.reflect.GeneratedConstructorAccessor1
2835:             1             16  sun.reflect.GeneratedConstructorAccessor10
2836:             1             16  sun.reflect.GeneratedConstructorAccessor11
2837:             1             16  sun.reflect.GeneratedConstructorAccessor12
2838:             1             16  sun.reflect.GeneratedConstructorAccessor13
2839:             1             16  sun.reflect.GeneratedConstructorAccessor14
2840:             1             16  sun.reflect.GeneratedConstructorAccessor15
2841:             1             16  sun.reflect.GeneratedConstructorAccessor16
2842:             1             16  sun.reflect.GeneratedConstructorAccessor17
2843:             1             16  sun.reflect.GeneratedConstructorAccessor18
2844:             1             16  sun.reflect.GeneratedConstructorAccessor2
2845:             1             16  sun.reflect.GeneratedConstructorAccessor3
2846:             1             16  sun.reflect.GeneratedConstructorAccessor4
2847:             1             16  sun.reflect.GeneratedConstructorAccessor5
2848:             1             16  sun.reflect.GeneratedConstructorAccessor6
2849:             1             16  sun.reflect.GeneratedConstructorAccessor7
2850:             1             16  sun.reflect.GeneratedConstructorAccessor8
2851:             1             16  sun.reflect.GeneratedConstructorAccessor9
2852:             1             16  sun.reflect.GeneratedMethodAccessor1
2853:             1             16  sun.reflect.GeneratedMethodAccessor10
2854:             1             16  sun.reflect.GeneratedMethodAccessor11
2855:             1             16  sun.reflect.GeneratedMethodAccessor12
2856:             1             16  sun.reflect.GeneratedMethodAccessor13
2857:             1             16  sun.reflect.GeneratedMethodAccessor14
2858:             1             16  sun.reflect.GeneratedMethodAccessor15
2859:             1             16  sun.reflect.GeneratedMethodAccessor16
2860:             1             16  sun.reflect.GeneratedMethodAccessor17
2861:             1             16  sun.reflect.GeneratedMethodAccessor18
2862:             1             16  sun.reflect.GeneratedMethodAccessor2
2863:             1             16  sun.reflect.GeneratedMethodAccessor3
2864:             1             16  sun.reflect.GeneratedMethodAccessor4
2865:             1             16  sun.reflect.GeneratedMethodAccessor5
2866:             1             16  sun.reflect.GeneratedMethodAccessor6
2867:             1             16  sun.reflect.GeneratedMethodAccessor7
2868:             1             16  sun.reflect.GeneratedMethodAccessor8
2869:             1             16  sun.reflect.GeneratedMethodAccessor9
2870:             1             16  sun.reflect.GeneratedSerializationConstructorAccessor1
2871:             1             16  sun.reflect.GeneratedSerializationConstructorAccessor10
2872:             1             16  sun.reflect.GeneratedSerializationConstructorAccessor11
2873:             1             16  sun.reflect.GeneratedSerializationConstructorAccessor12
2874:             1             16  sun.reflect.GeneratedSerializationConstructorAccessor13
2875:             1             16  sun.reflect.GeneratedSerializationConstructorAccessor14
2876:             1             16  sun.reflect.GeneratedSerializationConstructorAccessor15
2877:             1             16  sun.reflect.GeneratedSerializationConstructorAccessor16
2878:             1             16  sun.reflect.GeneratedSerializationConstructorAccessor17
2879:             1             16  sun.reflect.GeneratedSerializationConstructorAccessor18
2880:             1             16  sun.reflect.GeneratedSerializationConstructorAccessor19
2881:             1             16  sun.reflect.GeneratedSerializationConstructorAccessor2
2882:             1             16  sun.reflect.GeneratedSerializationConstructorAccessor20
2883:             1             16  sun.reflect.GeneratedSerializationConstructorAccessor21
2884:             1             16  sun.reflect.GeneratedSerializationConstructorAccessor22
2885:             1             16  sun.reflect.GeneratedSerializationConstructorAccessor23
2886:             1             16  sun.reflect.GeneratedSerializationConstructorAccessor24
2887:             1             16  sun.reflect.GeneratedSerializationConstructorAccessor25
2888:             1             16  sun.reflect.GeneratedSerializationConstructorAccessor26
2889:             1             16  sun.reflect.GeneratedSerializationConstructorAccessor3
2890:             1             16  sun.reflect.GeneratedSerializationConstructorAccessor4
2891:             1             16  sun.reflect.GeneratedSerializationConstructorAccessor5
2892:             1             16  sun.reflect.GeneratedSerializationConstructorAccessor6
2893:             1             16  sun.reflect.GeneratedSerializationConstructorAccessor7
2894:             1             16  sun.reflect.GeneratedSerializationConstructorAccessor8
2895:             1             16  sun.reflect.GeneratedSerializationConstructorAccessor9
2896:             1             16  sun.reflect.ReflectionFactory
2897:             1             16  sun.reflect.generics.tree.BottomSignature
2898:             1             16  sun.reflect.generics.tree.ByteSignature
2899:             1             16  sun.reflect.generics.tree.CharSignature
2900:             1             16  sun.reflect.generics.tree.VoidDescriptor
2901:             1             16  sun.reflect.misc.MethodUtil$1
2902:             1             16  sun.rmi.runtime.Log$LoggerLogFactory
2903:             1             16  sun.rmi.runtime.RuntimeUtil
2904:             1             16  sun.rmi.server.UnicastRef
2905:             1             16  sun.rmi.server.UnicastServerRef$HashToMethod_Maps
2906:             1             16  sun.rmi.transport.DGCImpl$$Lambda$1/1213415012
2907:             1             16  sun.rmi.transport.DGCImpl$1
2908:             1             16  sun.rmi.transport.DGCImpl$2$$Lambda$2/1031980531
2909:             1             16  sun.rmi.transport.DGCImpl_Skel
2910:             1             16  sun.rmi.transport.DGCImpl_Stub
2911:             1             16  sun.rmi.transport.proxy.RMIDirectSocketFactory
2912:             1             16  sun.rmi.transport.tcp.TCPTransport$1
2913:             1             16  sun.security.provider.NativeSeedGenerator
2914:             1             16  sun.security.util.AlgorithmDecomposer
2915:             1             16  sun.security.util.DisabledAlgorithmConstraints$Constraints
2916:             1             16  sun.util.calendar.Gregorian
2917:             1             16  sun.util.locale.provider.AuxLocaleProviderAdapter$NullProvider
2918:             1             16  sun.util.locale.provider.CalendarDataUtility$CalendarWeekParameterGetter
2919:             1             16  sun.util.locale.provider.SPILocaleProviderAdapter
2920:             1             16  sun.util.locale.provider.TimeZoneNameUtility$TimeZoneNameGetter
2921:             1             16  sun.util.resources.LocaleData
2922:             1             16  sun.util.resources.LocaleData$LocaleDataResourceBundleControl
Total        403323       45015176
